// Jest Snapshot v1, https://goo.gl/fbAQLP

exports[`should correctly render CreatorFormFeats 1`] = `
<div
  className="container--body"
>
  <h3
    className="section__title"
  >
    Select Feats
  </h3>
  <Selector
    Content={[Function]}
    handleSelect={[Function]}
    items={
      Array [
        Object {
          "id": "recdmotqOlGgN2otb",
          "name": "Ability Focus",
          "types": Array [
            "General",
            "Creature",
          ],
        },
        Object {
          "description": "+2 bonus on Jump and Tumble checks",
          "id": "recoTlzPQ37bNLFsm",
          "name": "Acrobatic",
          "types": Array [
            "General",
          ],
        },
        Object {
          "description": "+2 bonus on Balance and Escape Artist checks",
          "id": "rec8uIUF1rFAa2VuG",
          "name": "Agile",
          "types": Array [
            "General",
          ],
        },
        Object {
          "description": "+2 bonus on Listen and Spot checks",
          "id": "recvzMqdCBIzd7z9n",
          "name": "Alertness",
          "types": Array [
            "General",
          ],
        },
        Object {
          "description": "+2 bonus on Handle Animal and Ride checks",
          "id": "recnrQnRgUIJQkJOz",
          "name": "Animal Affinity",
          "types": Array [
            "General",
          ],
        },
        Object {
          "description": "No armor check penalty on attack rolls",
          "id": "recRXzmlbn1MzfoKr",
          "name": "Armor Proficiency (Light)",
          "types": Array [
            "General",
          ],
        },
        Object {
          "description": "+2 bonus on Climb and Swim checks",
          "id": "recOCyJT5oWscbchC",
          "name": "Athletic",
          "types": Array [
            "General",
          ],
        },
        Object {
          "id": "recQyW6ByR4ClPt80",
          "name": "Autonomous",
          "types": Array [
            "General",
          ],
        },
        Object {
          "description": "Reroll miss chance for concealment",
          "id": "recjk6hkPLOgMt6eb",
          "name": "Blind-Fight",
          "types": Array [
            "General",
            "Fighter Bonus",
          ],
        },
        Object {
          "id": "rec6j8vDL2r3twF8o",
          "name": "Cloak Dance",
          "types": Array [
            "General",
          ],
        },
        Object {
          "id": "reclpbMRlP2bTvA8K",
          "name": "Colossal Wild Shape",
          "types": Array [
            "Wild",
          ],
        },
        Object {
          "description": "+4 bonus on Concentration checks for defensive casting",
          "id": "recdR990pCoRoCtHN",
          "name": "Combat Casting",
          "types": Array [
            "General",
          ],
        },
        Object {
          "description": "Trade attack bonus for AC (max 5 points)",
          "id": "recrc1dWL5N3RPKd6",
          "name": "Combat Expertise",
          "types": Array [
            "General",
            "Fighter Bonus",
          ],
        },
        Object {
          "description": "Additional attacks of opportunity",
          "id": "recXnkMszr2a4cMG2",
          "name": "Combat Reflexes",
          "types": Array [
            "General",
            "Fighter Bonus",
          ],
        },
        Object {
          "id": "recI7IQe71f44n0qs",
          "name": "Deadly Precision",
          "types": Array [
            "General",
          ],
        },
        Object {
          "description": "+2 bonus on Disguise and Forgery checks",
          "id": "recFrheLpwNhWFzS3",
          "name": "Deceitful",
          "types": Array [
            "General",
          ],
        },
        Object {
          "description": "+2 bonus on Sleight of Hand and Use Rope checks",
          "id": "recPlnmL0xLwCkhqW",
          "name": "Deft Hands",
          "types": Array [
            "General",
          ],
        },
        Object {
          "description": "+2 bonus on Appraise and Decipher Script checks",
          "id": "rec83JXxeqFaq13F1",
          "name": "Diligent",
          "types": Array [
            "General",
          ],
        },
        Object {
          "id": "rechBgTFWqu5YnOc1",
          "name": "Diminutive Wild Shape",
          "types": Array [
            "Wild",
          ],
        },
        Object {
          "id": "reccKhXP1P03au3WT",
          "name": "Divine Might",
          "types": Array [
            "Divine",
          ],
        },
        Object {
          "id": "recrA225bMNGuLGF2",
          "name": "Divine Vengeance",
          "types": Array [
            "Divine",
          ],
        },
        Object {
          "description": "+1 dodge bonus to AC against selected target",
          "id": "recyqJvG85XCUZG4x",
          "name": "Dodge",
          "types": Array [
            "General",
            "Fighter Bonus",
          ],
        },
        Object {
          "id": "rec35lBICs5ipkw7m",
          "name": "Dragon Wild Shape",
          "types": Array [
            "Wild",
          ],
        },
        Object {
          "id": "recHnrZHpmp7psvj2",
          "name": "Empower Spell-Like Ability",
          "types": Array [
            "General",
            "Creature",
          ],
        },
        Object {
          "description": "+4 bonus on checks or saves to resist nonlethal damage",
          "id": "recVCgn24xVSXigbM",
          "name": "Endurance",
          "types": Array [
            "General",
          ],
        },
        Object {
          "description": "Cast spells without material components",
          "id": "rec1UNqoxirOSxnno",
          "name": "Eschew Materials",
          "types": Array [
            "General",
          ],
        },
        Object {
          "description": "No penalty on attacks with specific exotic weapon",
          "id": "recfeBOXTX2up9aUs",
          "name": "Exotic Weapon Proficiency",
          "types": Array [
            "General",
            "Fighter Bonus",
          ],
        },
        Object {
          "id": "recGByPLOPCGQZEW1",
          "name": "Extra Music",
          "types": Array [
            "General",
          ],
        },
        Object {
          "description": "Can turn or rebuke 4 more times per day",
          "id": "recMrrf3flxHUSgMR",
          "name": "Extra Turning",
          "types": Array [
            "General",
          ],
        },
        Object {
          "id": "recuXAYNPNco1uMdG",
          "name": "Eyes in the Back of Your Head",
          "types": Array [
            "General",
          ],
        },
        Object {
          "id": "recjTsJRbGi8Lptpa",
          "name": "Fine Wild Shape",
          "types": Array [
            "Wild",
          ],
        },
        Object {
          "id": "recw2WZMbQ3gonDew",
          "name": "Flyby Attack",
          "types": Array [
            "General",
            "Creature",
          ],
        },
        Object {
          "id": "rectdd0HKAYm9SmIx",
          "name": "Gargantuan Wild Shape",
          "types": Array [
            "Wild",
          ],
        },
        Object {
          "description": "+2 bonus on Fortitude saves",
          "id": "recboOAfWHQTIZGfr",
          "name": "Great Fortitude",
          "types": Array [
            "General",
          ],
        },
        Object {
          "id": "recEepS7K6IXvQOQU",
          "name": "Hover",
          "types": Array [
            "General",
            "Creature",
          ],
        },
        Object {
          "description": "Counterspell with spell of same school",
          "id": "recEpNvwwJ71UvJm5",
          "name": "Improved Counterspell",
          "types": Array [
            "General",
          ],
        },
        Object {
          "description": "Double threat range of weapon",
          "id": "rec5slnNRWWJC8fb2",
          "name": "Improved Critical",
          "types": Array [
            "General",
            "Fighter Bonus",
          ],
        },
        Object {
          "id": "recPwR8YqatQuJqXS",
          "name": "Improved Elemental Wild Shape",
          "types": Array [
            "Wild",
          ],
        },
        Object {
          "id": "recQDaucsIOGOt9hp",
          "name": "Improved Familiar",
          "types": Array [
            "General",
          ],
        },
        Object {
          "description": "+4 bonus on initiative checks",
          "id": "reciazjHVWQmiq1jP",
          "name": "Improved Initiative",
          "types": Array [
            "General",
            "Fighter Bonus",
          ],
        },
        Object {
          "id": "recJSbPjUKOTWNe6m",
          "name": "Improved Natural Armor",
          "types": Array [
            "General",
          ],
        },
        Object {
          "id": "recNxmdwGsIHTAPxj",
          "name": "Improved Natural Attack",
          "types": Array [
            "General",
            "Creature",
          ],
        },
        Object {
          "id": "recZ7I3tsw8Wglevc",
          "name": "Improved Spell Resistance",
          "types": Array [
            "Creature",
          ],
        },
        Object {
          "description": "+1 level for turning checks",
          "id": "recuEsiEZ1O2huYCr",
          "name": "Improved Turning",
          "types": Array [
            "General",
          ],
        },
        Object {
          "description": "Considered armed even when unarmed",
          "id": "recCmnimojxd0MNLS",
          "name": "Improved Unarmed Strike",
          "types": Array [
            "General",
            "Fighter Bonus",
          ],
        },
        Object {
          "description": "+2 bonus on Gather Information and Search checks",
          "id": "recs5pgQMU6zotYqL",
          "name": "Investigator",
          "types": Array [
            "General",
          ],
        },
        Object {
          "description": "+2 bonus on Will saves",
          "id": "rec0Rmpc0o4zr5KQZ",
          "name": "Iron Will",
          "types": Array [
            "General",
          ],
        },
        Object {
          "id": "recBS1Vlwp32LWNNe",
          "name": "Jack of All Trades",
          "types": Array [
            "General",
          ],
        },
        Object {
          "description": "Attract cohort and followers",
          "id": "recaVxDe7IV4Ibppd",
          "name": "Leadership",
          "types": Array [
            "General",
          ],
        },
        Object {
          "description": "+2 bonus on Reflex saves",
          "id": "recHPtIzQdLipkdLi",
          "name": "Lightning Reflexes",
          "types": Array [
            "General",
          ],
        },
        Object {
          "description": "+2 bonus on Spellcraft and Use Magic Device checks",
          "id": "rec43FVgR2bo1YDR6",
          "name": "Magical Aptitude",
          "types": Array [
            "General",
          ],
        },
        Object {
          "id": "recExtvt4xN6i7AiO",
          "name": "Magical Beast Companion",
          "types": Array [
            "Wild",
          ],
        },
        Object {
          "id": "recq2EZvZ93PkGmh4",
          "name": "Magical Beast Wild Shape",
          "types": Array [
            "Wild",
          ],
        },
        Object {
          "description": "No penalty on attacks with specific martial weapon",
          "id": "recu6KSoLrL5T47wp",
          "name": "Martial Weapon Proficiency",
          "types": Array [
            "General",
          ],
        },
        Object {
          "id": "recUv7HQzFXwLgRB9",
          "name": "Mind Over Body",
          "types": Array [
            "General",
          ],
        },
        Object {
          "description": "Negate hits on mount with Ride check",
          "id": "reciJuIqTWUQRhYv0",
          "name": "Mounted Combat",
          "types": Array [
            "General",
            "Fighter Bonus",
          ],
        },
        Object {
          "id": "recKkMD7JxJW1XkHj",
          "name": "Multiattack",
          "types": Array [
            "General",
            "Creature",
          ],
        },
        Object {
          "id": "recvJkbFXbH5ZXAXa",
          "name": "Multiweapon Fighting",
          "types": Array [
            "General",
            "Creature",
          ],
        },
        Object {
          "description": "Cast spells while in wild shape",
          "id": "reccG488HS3PmSuGK",
          "name": "Natural Spell",
          "types": Array [
            "General",
          ],
        },
        Object {
          "id": "rec5982GoHsn1tfis",
          "name": "Negative Energy Burst",
          "types": Array [
            "Divine",
          ],
        },
        Object {
          "description": "+2 bonus on Diplomacy and Sense Motive checks",
          "id": "recoQZX87YxSgmV2T",
          "name": "Negotiator",
          "types": Array [
            "General",
          ],
        },
        Object {
          "description": "+2 bonus on Disable Device and Open Lock checks",
          "id": "recL3E07iXqlgd6Mv",
          "name": "Nimble Fingers",
          "types": Array [
            "General",
          ],
        },
        Object {
          "id": "recFp03E0YFKaq5xr",
          "name": "Open Minded",
          "types": Array [
            "General",
          ],
        },
        Object {
          "description": "+2 bonus on Bluff checks and Intimidate   checks",
          "id": "recPjLbGCj3xRNPU3",
          "name": "Persuasive",
          "types": Array [
            "General",
          ],
        },
        Object {
          "id": "reco0bwyops62ZxPn",
          "name": "Plant Defiance",
          "types": Array [
            "General",
          ],
        },
        Object {
          "id": "rec81hWf4GNmLBenB",
          "name": "Plant Wild Shape",
          "types": Array [
            "Wild",
          ],
        },
        Object {
          "description": "+1 bonus on ranged attack and damage within 30 ft.",
          "id": "rec0Aa93zpU5V3Asy",
          "name": "Point Blank Shot",
          "types": Array [
            "General",
            "Fighter Bonus",
          ],
        },
        Object {
          "description": "Trade attack bonus for damage (up to base attack bonus)",
          "id": "recuv5RdScK7Vqhf5",
          "name": "Power Attack",
          "types": Array [
            "General",
            "Fighter Bonus",
          ],
        },
        Object {
          "id": "recpHwtjV89aVIoGB",
          "name": "Psionic Affinity",
          "types": Array [
            "General",
          ],
        },
        Object {
          "description": "Draw weapon as free weapon",
          "id": "recLp3uvkYGZGyywW",
          "name": "Quick Draw",
          "types": Array [
            "General",
            "Fighter Bonus",
          ],
        },
        Object {
          "id": "rec6QsVR3a7aEc8Ev",
          "name": "Quicken Spell-Like Ability",
          "types": Array [
            "General",
            "Creature",
          ],
        },
        Object {
          "id": "recmNzyXLWdoJ94Vp",
          "name": "Rapid Metabolism",
          "types": Array [
            "General",
          ],
        },
        Object {
          "description": "Reload crossbow more quickly",
          "id": "recEk5kUnIREk59lF",
          "name": "Rapid Reload",
          "types": Array [
            "General",
            "Fighter Bonus",
          ],
        },
        Object {
          "id": "rec3Z5EqrUQXIcAjy",
          "name": "Reckless Offense",
          "types": Array [
            "General",
          ],
        },
        Object {
          "description": "Run 5 times normal speed, +4 bonus on Jump checks Made after a running start",
          "id": "rec02pDGILJ5EZz1W",
          "name": "Run",
          "types": Array [
            "General",
          ],
        },
        Object {
          "description": "+2 bonus on Heal and Survival checks",
          "id": "recBV4PEpBYb8mVC0",
          "name": "Self-Sufficient",
          "types": Array [
            "General",
          ],
        },
        Object {
          "description": "No armor check penalty on attack rolls",
          "id": "recm19w48xltockBW",
          "name": "Shield Proficiency",
          "types": Array [
            "General",
          ],
        },
        Object {
          "description": "No -4 penalty on attack rolls with simple weapons",
          "id": "rec2wriPyA1jtpZih",
          "name": "Simple Weapon Proficiency",
          "types": Array [
            "General",
          ],
        },
        Object {
          "description": "+3 bonus on checks with selected skill",
          "id": "recaj8lyaZepMlFCM",
          "name": "Skill Focus",
          "types": Array [
            "General",
          ],
        },
        Object {
          "id": "recpeswIYdGxGtd4g",
          "name": "Snatch",
          "types": Array [
            "General",
            "Creature",
          ],
        },
        Object {
          "description": "+1 bonus on save DCs against specific school of magic",
          "id": "recr648zasZ6BHY5D",
          "name": "Spell Focus",
          "types": Array [
            "General",
          ],
        },
        Object {
          "description": "+2 bonus on caster level checks to defeat spell resistance",
          "id": "recQM5J2Z4Bg345O0",
          "name": "Spell Penetration",
          "types": Array [
            "General",
          ],
        },
        Object {
          "id": "recB7JU0g2Bfz5xqS",
          "name": "Stand Still",
          "types": Array [
            "General",
          ],
        },
        Object {
          "description": "+2 bonus on Hide and Move Silently checks",
          "id": "rece4EQ3n0Ya33LGf",
          "name": "Stealthy",
          "types": Array [
            "General",
          ],
        },
        Object {
          "description": "+3 hit points",
          "id": "reczbG3R5q7p4lj9R",
          "name": "Toughness",
          "types": Array [
            "General",
          ],
        },
        Object {
          "description": "Use Survival skill to track",
          "id": "recxkSuS8IvkzRVyV",
          "name": "Track",
          "types": Array [
            "General",
          ],
        },
        Object {
          "description": "Reduce two-weapon fighting penalties by 2",
          "id": "recePeBndah0BTNs4",
          "name": "Two-Weapon Fighting",
          "types": Array [
            "General",
            "Fighter Bonus",
          ],
        },
        Object {
          "id": "recJFvWvKKUkM6NJM",
          "name": "Undead Mastery",
          "types": Array [
            "Divine",
          ],
        },
        Object {
          "id": "reccZ5xjJ9eWUxvY8",
          "name": "Vermin Wild Shape",
          "types": Array [
            "Wild",
          ],
        },
        Object {
          "description": "Use Dex modifier instead of Str modifier on attack rolls",
          "id": "recVdnKmMFz54fNLF",
          "name": "Weapon Finesse",
          "types": Array [
            "General",
            "Fighter Bonus",
          ],
        },
        Object {
          "description": "+1 bonus on attack rolls with selected weapon",
          "id": "recy5YNMs3lo9rYTp",
          "name": "Weapon Focus",
          "types": Array [
            "General",
            "Fighter Bonus",
          ],
        },
        Object {
          "id": "recF2gHjeFMKLdUmE",
          "name": "Wild Talent",
          "types": Array [
            "General",
          ],
        },
        Object {
          "id": "recI40vCPdTE5LsEu",
          "name": "Wingover",
          "types": Array [
            "General",
            "Creature",
          ],
        },
      ]
    }
  />
  <div
    className="divider"
  />
  <h4
    className="row--left"
  >
    Selected Feats:
  </h4>
  <FeatModal
    handleCloseModal={[Function]}
  />
  <FormikConnect(ErrorMessageImpl)
    className="row--left form-group--error"
    component="div"
    name="feats"
  />
</div>
`;
