// Jest Snapshot v1, https://goo.gl/fbAQLP

exports[`should render CreatorFormFooter 1`] = `
<footer
  class="CreatorFormFooter"
>
  <div
    class="container CreatorFormFooter__content"
  >
    <button
      class="button--form-nav button--primary"
      id="nextButton"
      type="button"
    >
      Next
    </button>
  </div>
</footer>
`;
