// Jest Snapshot v1, https://goo.gl/fbAQLP

exports[`should render footer correctly 1`] = `
<footer
  class="footer--navbar"
>
  <div
    class="container footer--navbar__content"
  >
    <a
      href="/profile"
    >
      <span
        class="SVGInline SVGInline--cleaned"
      >
        test-file-stub
      </span>
    </a>
    <a
      href="/stats"
    >
      <span
        class="SVGInline SVGInline--cleaned"
      >
        test-file-stub
      </span>
    </a>
    <a
      href="/combat"
    >
      <span
        class="SVGInline SVGInline--cleaned"
      >
        test-file-stub
      </span>
    </a>
    <a
      href="/equipment"
    >
      <span
        class="SVGInline SVGInline--cleaned"
      >
        test-file-stub
      </span>
    </a>
    <a
      href="/spellbook"
    >
      <span
        class="SVGInline SVGInline--cleaned"
      >
        test-file-stub
      </span>
    </a>
    <a
      href="/companion"
    >
      <span
        class="SVGInline SVGInline--cleaned"
      >
        test-file-stub
      </span>
    </a>
  </div>
</footer>
`;
