// Jest Snapshot v1, https://goo.gl/fbAQLP

exports[`should correctly render CreatorFormEquipment 1`] = `
<div
  className="container--body"
>
  <h3
    className="section__title"
  >
    Purchase Equipment
  </h3>
  <Selector
    Content={[Function]}
    handleSelect={[Function]}
    items={
      Array [
        Object {
          "category": "Ammunition",
          "critical": "—",
          "damageM": "—",
          "damageS": "—",
          "damageType": "—",
          "encumbrance": "Ranged",
          "id": "recvNcEk3PNoStz2Z",
          "name": "Arrow",
          "range": "—",
          "value": 0.05,
          "weaponType": "Martial",
          "weight": 0.15,
        },
        Object {
          "category": "Misc",
          "id": "reczHJRu1GImUfB8d",
          "name": "Backpack",
          "value": 2,
          "weight": "",
        },
        Object {
          "armorBonus": 6,
          "category": "Armor",
          "id": "recCOaodcn8UZNc5y",
          "maxDexBonus": 1,
          "name": "Banded mail",
          "value": 250,
          "weight": "",
        },
        Object {
          "category": "Weapon",
          "critical": "19–20/×2",
          "damageM": "1d10",
          "damageS": "1d8",
          "damageType": "Slashing",
          "encumbrance": "One-Handed",
          "id": "recOvuth9QArkI54l",
          "name": "Bastard Sword",
          "range": "—",
          "value": 35,
          "weaponType": "Exotic",
          "weight": 6,
        },
        Object {
          "category": "Weapon",
          "critical": "×3",
          "damageM": "1d8",
          "damageS": "1d6",
          "damageType": "Slashing",
          "encumbrance": "One-Handed",
          "id": "recFAVnJfZ9TG5X29",
          "name": "Battleaxe",
          "range": "—",
          "value": 10,
          "weaponType": "Martial",
          "weight": 6,
        },
        Object {
          "category": "Misc",
          "id": "rec35ieQLel7fW2Mo",
          "name": "Bedroll",
          "value": "",
          "weight": "",
        },
        Object {
          "category": "Weapon",
          "critical": "×2",
          "damageType": "Bludgeoning / Piercing / Slashing",
          "encumbrance": "Light",
          "id": "recwC6fYdv3dGEbmX",
          "name": "Bite",
          "range": "—",
          "value": "",
          "weaponType": "Natural",
          "weight": "",
        },
        Object {
          "category": "Creature Part",
          "id": "recxH2pD5DK23RSPb",
          "name": "Boar tusk",
          "value": "",
          "weight": "",
        },
        Object {
          "category": "Weapon",
          "critical": "×2",
          "damageM": "1d4",
          "damageS": "1d3",
          "damageType": "Bludgeoning",
          "encumbrance": "Ranged",
          "id": "recgILJu3DU1KVSh8",
          "name": "Bolas",
          "range": "10 ft.",
          "value": 5,
          "weaponType": "Exotic",
          "weight": 2,
        },
        Object {
          "category": "Ammunition",
          "critical": "—",
          "damageM": "—",
          "damageS": "—",
          "damageType": "—",
          "encumbrance": "Ranged",
          "id": "recLA2TYeoO7FSYM7",
          "name": "Bolt (Crossbow)",
          "range": "—",
          "value": 0.1,
          "weaponType": "Exotic",
          "weight": 0.1,
        },
        Object {
          "category": "Ammunition",
          "critical": "—",
          "damageM": "—",
          "damageS": "—",
          "damageType": "—",
          "encumbrance": "Ranged",
          "id": "recSYqEwn9Uzr4mec",
          "name": "Bolt (Repeating Crossbow)",
          "range": "—",
          "value": 0.2,
          "weaponType": "Exotic",
          "weight": 0.2,
        },
        Object {
          "armorBonus": 5,
          "category": "Armor",
          "id": "rec3QuwY0QShwfije",
          "maxDexBonus": 3,
          "name": "Breastplate",
          "value": 200,
          "weight": "",
        },
        Object {
          "armorBonus": 1,
          "category": "Shield",
          "id": "rec2zYSncfJJAb3iO",
          "name": "Buckler",
          "value": 15,
          "weight": "",
        },
        Object {
          "category": "Ammunition",
          "critical": "—",
          "damageM": "—",
          "damageS": "—",
          "damageType": "—",
          "encumbrance": "Ranged",
          "id": "recYISSCN8m337WCk",
          "name": "Bullet",
          "range": "—",
          "value": 0.1,
          "weaponType": "Simple",
          "weight": 0.5,
        },
        Object {
          "armorBonus": 4,
          "category": "Armor",
          "id": "recXSxRJI2r6eZ77y",
          "maxDexBonus": 4,
          "name": "Chain shirt",
          "value": 100,
          "weight": "",
        },
        Object {
          "armorBonus": 5,
          "category": "Armor",
          "id": "recuMZnz4kks14Yku",
          "maxDexBonus": 2,
          "name": "Chainmail",
          "value": 150,
          "weight": "",
        },
        Object {
          "category": "Weapon",
          "critical": "×2",
          "damageM": "1d4",
          "damageType": "Slashing / Piercing",
          "encumbrance": "Light",
          "id": "receFFMKpxA8xLcez",
          "name": "Claws",
          "range": "—",
          "value": "",
          "weaponType": "Natural",
          "weight": "",
        },
        Object {
          "category": "Weapon",
          "critical": "×2",
          "damageM": "1d6",
          "damageS": "1d4",
          "damageType": "Bludgeoning",
          "encumbrance": "One-Handed",
          "id": "recq504GUQ9cVjYrZ",
          "name": "Club",
          "range": "10 ft.",
          "value": "",
          "weaponType": "Simple",
          "weight": 3,
        },
        Object {
          "category": "Weapon",
          "critical": "×3",
          "damageM": "1d6",
          "damageS": "1d4",
          "damageType": "Piercing",
          "encumbrance": "Ranged",
          "id": "recZ0cPuaD6obmPt6",
          "name": "Composite  Shortbow",
          "range": "70 ft.",
          "value": 75,
          "weaponType": "Martial",
          "weight": 2,
        },
        Object {
          "category": "Weapon",
          "critical": "×3",
          "damageM": "1d8",
          "damageS": "1d6",
          "damageType": "Piercing",
          "encumbrance": "Ranged",
          "id": "recrwMqSymePn4K1u",
          "name": "Composite Longbow",
          "range": "110 ft.",
          "value": 100,
          "weaponType": "Martial",
          "weight": 3,
        },
        Object {
          "category": "Money",
          "id": "recTxp2NBlNb2QC37",
          "name": "Copper Piece",
          "value": 0.01,
          "weight": 0.02,
        },
        Object {
          "category": "Weapon",
          "critical": "19–20/×2",
          "damageM": "1d4",
          "damageS": "1d3",
          "damageType": "Piercing / Slashing",
          "encumbrance": "Light",
          "id": "reckinAA8j0zE1qYG",
          "name": "Dagger",
          "range": "10 ft.",
          "value": 2,
          "weaponType": "Simple",
          "weight": 1,
        },
        Object {
          "category": "Weapon",
          "critical": "×2",
          "damageM": "1d4",
          "damageS": "1d3",
          "damageType": "Piercing",
          "encumbrance": "Ranged",
          "id": "recQCWmEjsPEAoF0c",
          "name": "Dart",
          "range": "20 ft.",
          "value": 5,
          "weaponType": "Simple",
          "weight": 0.5,
        },
        Object {
          "category": "Weapon",
          "critical": "×2",
          "damageM": "1d8/1d8",
          "damageS": "1d6/1d6",
          "damageType": "Bludgeoning",
          "encumbrance": "Two-Handed",
          "id": "recyQ6dGLHiby0auM",
          "name": "Dire Flail",
          "range": "—",
          "value": 90,
          "weaponType": "Exotic",
          "weight": 10,
        },
        Object {
          "category": "Creature Part",
          "id": "recdauUcanZYERAL0",
          "name": "Displacer hide",
          "value": "",
          "weight": "",
        },
        Object {
          "category": "Creature Part",
          "id": "recjSV9JrWX3jestd",
          "name": "Displacer tentacle",
          "value": "",
          "weight": "",
        },
        Object {
          "category": "Weapon",
          "critical": "×3",
          "damageM": "1d8/1d6",
          "damageS": "1d6/1d4",
          "damageType": "Slashing / Piercing",
          "encumbrance": "Two-Handed",
          "id": "reckMbImkYd1d2ZmH",
          "name": "Dwarven Urgosh",
          "range": "—",
          "value": 50,
          "weaponType": "Exotic",
          "weight": 12,
        },
        Object {
          "category": "Weapon",
          "critical": "×3",
          "damageM": "1d10",
          "damageS": "1d8",
          "damageType": "Slashing",
          "encumbrance": "One-Handed",
          "id": "recLjsCOMiz7Gp1Pg",
          "name": "Dwarven Waraxe",
          "range": "—",
          "value": 30,
          "weaponType": "Exotic",
          "weight": 8,
        },
        Object {
          "category": "Weapon",
          "critical": "18–20/×2",
          "damageM": "2d4",
          "damageS": "1d6",
          "damageType": "Slashing",
          "encumbrance": "Two-Handed",
          "id": "rec5rr8NvisUanp0q",
          "name": "Falchion",
          "range": "—",
          "value": 75,
          "weaponType": "Martial",
          "weight": 8,
        },
        Object {
          "category": "Shield",
          "id": "recZBZ5DTJuo8Uaea",
          "name": "Farsky's Elemental Shield",
          "value": "",
          "weight": 0.2,
        },
        Object {
          "category": "Weapon",
          "critical": "×2",
          "damageM": "1d8",
          "damageS": "1d6",
          "damageType": "Bludgeoning",
          "encumbrance": "One-Handed",
          "id": "recVp9qZsA0E1MUr3",
          "name": "Flail",
          "range": "—",
          "value": 8,
          "weaponType": "Martial",
          "weight": 5,
        },
        Object {
          "category": "Misc",
          "id": "rec1LVNOO5AqBGbRn",
          "name": "Flint & steel",
          "value": "",
          "weight": 2,
        },
        Object {
          "armorBonus": 8,
          "category": "Armor",
          "id": "recgMQNb7xQdJc2Wo",
          "maxDexBonus": 1,
          "name": "Full plate",
          "value": 1500,
          "weight": "",
        },
        Object {
          "category": "Weapon",
          "critical": "×2",
          "damageM": "1d3",
          "damageS": "1d2",
          "damageType": "Bludgeoning",
          "encumbrance": "Unarmed",
          "id": "recGlWG6qM0tD8JHx",
          "name": "Gauntlet",
          "range": "—",
          "value": 2,
          "weaponType": "Simple",
          "weight": 1,
        },
        Object {
          "category": "Weapon",
          "critical": "×3",
          "damageM": "1d10",
          "damageS": "1d8",
          "damageType": "Slashing",
          "encumbrance": "Two-Handed",
          "id": "reckaU5QIgjZbVC1y",
          "name": "Glaive",
          "range": "—",
          "value": 8,
          "weaponType": "Martial",
          "weight": 10,
        },
        Object {
          "category": "Weapon",
          "critical": "×3/×4",
          "damageM": "1d8/1d6",
          "damageS": "1d6/1d4",
          "damageType": "Bludgeoning / Piercing",
          "encumbrance": "Two-Handed",
          "id": "recsazWObkJ7lKpfy",
          "name": "Gnome Hooked Hammer",
          "range": "—",
          "value": 20,
          "weaponType": "Exotic",
          "weight": 6,
        },
        Object {
          "category": "Money",
          "id": "recdok7uDkyJPg6og",
          "name": "Gold Piece",
          "value": 1,
          "weight": 0.02,
        },
        Object {
          "category": "Weapon",
          "critical": "×2",
          "damageType": "Piercing",
          "encumbrance": "Light",
          "id": "reclzkJslpRPe3BuH",
          "name": "Gore",
          "range": "—",
          "value": "",
          "weaponType": "Natural",
          "weight": "",
        },
        Object {
          "category": "Misc",
          "id": "rec2oW1AeM9O03Qho",
          "name": "Grappling hook",
          "value": "",
          "weight": "",
        },
        Object {
          "category": "Weapon",
          "critical": "×3",
          "damageM": "1d12",
          "damageS": "1d10",
          "damageType": "Slashing",
          "encumbrance": "Two-Handed",
          "id": "rec45mQ7GezQapeUK",
          "name": "Greataxe",
          "range": "—",
          "value": 20,
          "weaponType": "Martial",
          "weight": 12,
        },
        Object {
          "category": "Weapon",
          "critical": "×2",
          "damageM": "1d10",
          "damageS": "1d8",
          "damageType": "Bludgeoning",
          "encumbrance": "Two-Handed",
          "id": "rectS2LFuBF2blTDs",
          "name": "Greatclub",
          "range": "—",
          "value": 5,
          "weaponType": "Martial",
          "weight": 8,
        },
        Object {
          "category": "Weapon",
          "critical": "19–20/×2",
          "damageM": "2d6",
          "damageS": "1d10",
          "damageType": "Slashing",
          "encumbrance": "Two-Handed",
          "id": "recOzNLJJONfYsYGz",
          "name": "Greatsword",
          "range": "—",
          "value": 50,
          "weaponType": "Martial",
          "weight": 8,
        },
        Object {
          "category": "Weapon",
          "critical": "×3",
          "damageM": "2d4",
          "damageS": "1d6",
          "damageType": "Slashing",
          "encumbrance": "Two-Handed",
          "id": "recEvB3sNR0ywy0eu",
          "name": "Guisarme",
          "range": "—",
          "value": 9,
          "weaponType": "Martial",
          "weight": 12,
        },
        Object {
          "category": "Weapon",
          "critical": "×3",
          "damageM": "1d10",
          "damageS": "1d8",
          "damageType": "Piercing / Slashing",
          "encumbrance": "Two-Handed",
          "id": "recoEnfL2wwNnyS8v",
          "name": "Halberd",
          "range": "—",
          "value": 10,
          "weaponType": "Martial",
          "weight": 12,
        },
        Object {
          "armorBonus": 7,
          "category": "Armor",
          "id": "recW8flYHrD72BAk7",
          "name": "Half-plate",
          "value": 600,
          "weight": "",
        },
        Object {
          "category": "Weapon",
          "critical": "19–20/×2",
          "damageM": "1d4",
          "damageS": "1d3",
          "damageType": "Piercing",
          "encumbrance": "Ranged",
          "id": "rec2OeTGGSrzGVMMG",
          "name": "Hand Crossbow",
          "range": "30 ft.",
          "value": 100,
          "weaponType": "Exotic",
          "weight": 2,
        },
        Object {
          "category": "Weapon",
          "critical": "×3",
          "damageM": "1d6",
          "damageS": "1d4",
          "damageType": "Slashing",
          "encumbrance": "Light",
          "id": "reckrpTDGo1Z13XQu",
          "name": "Handaxe",
          "range": "—",
          "value": 6,
          "weaponType": "Martial",
          "weight": 3,
        },
        Object {
          "category": "Weapon",
          "critical": "19–20/×2",
          "damageM": "1d10",
          "damageS": "1d8",
          "damageType": "Piercing",
          "encumbrance": "Ranged",
          "id": "recKogDI571sIGJe8",
          "name": "Heavy Crossbow",
          "range": "120 ft.",
          "value": 50,
          "weaponType": "Simple",
          "weight": 8,
        },
        Object {
          "category": "Weapon",
          "critical": "19–20/×2",
          "damageM": "1d10",
          "damageS": "1d8",
          "damageType": "Bludgeoning",
          "encumbrance": "Two-Handed",
          "id": "recYbCE2i7AyxzHJz",
          "name": "Heavy Flail",
          "range": "—",
          "value": 15,
          "weaponType": "Martial",
          "weight": 10,
        },
        Object {
          "category": "Weapon",
          "critical": "×2",
          "damageM": "1d8",
          "damageS": "1d6",
          "damageType": "Bludgeoning",
          "encumbrance": "One-Handed",
          "id": "recRrV57TGLtJi1dV",
          "name": "Heavy Mace",
          "range": "—",
          "value": 12,
          "weaponType": "Simple",
          "weight": 8,
        },
        Object {
          "category": "Weapon",
          "critical": "×4",
          "damageM": "1d6",
          "damageS": "1d4",
          "damageType": "Piercing",
          "encumbrance": "One-Handed",
          "id": "recHD8oBfQaeBHb81",
          "name": "Heavy Pick",
          "range": "—",
          "value": 8,
          "weaponType": "Martial",
          "weight": 6,
        },
        Object {
          "armorBonus": 2,
          "category": "Shield",
          "critical": "×2",
          "damageM": "1d6",
          "damageS": "1d4",
          "damageType": "Piercing",
          "encumbrance": "One-Handed",
          "id": "recSadi8CZ8meVUe1",
          "name": "Heavy Spiked Shield",
          "range": "—",
          "value": "",
          "weaponType": "Martial",
          "weight": "",
        },
        Object {
          "armorBonus": 2,
          "category": "Shield",
          "critical": "×2",
          "damageM": "1d4",
          "damageS": "1d3",
          "damageType": "Bludgeoning",
          "encumbrance": "One-Handed",
          "id": "recqJk1Xl657lul1U",
          "name": "Heavy Wooden Shield",
          "range": "—",
          "value": 7,
          "weaponType": "Martial",
          "weight": "",
        },
        Object {
          "armorBonus": 3,
          "category": "Armor",
          "id": "recz1UKhXvjxrG1cV",
          "maxDexBonus": 4,
          "name": "Hide",
          "value": 15,
          "weight": "",
        },
        Object {
          "category": "Creature Part",
          "id": "recXzUW8Zh4kft34c",
          "name": "Ivory tusk",
          "value": "",
          "weight": "",
        },
        Object {
          "category": "Weapon",
          "critical": "×2",
          "damageM": "1d6",
          "damageS": "1d4",
          "damageType": "Piercing",
          "encumbrance": "Ranged",
          "id": "recScg32IO6QTPViT",
          "name": "Javelin",
          "range": "30 ft.",
          "value": 1,
          "weaponType": "Simple",
          "weight": 2,
        },
        Object {
          "category": "Weapon",
          "critical": "×2",
          "damageM": "1d6",
          "damageS": "1d4",
          "damageType": "Slashing",
          "encumbrance": "Light",
          "id": "recLfMudQe4kgFhFH",
          "name": "Kama",
          "range": "—",
          "value": 2,
          "weaponType": "Exotic",
          "weight": 2,
        },
        Object {
          "category": "Weapon",
          "critical": "18–20/×2",
          "damageM": "1d4",
          "damageS": "1d3",
          "damageType": "Slashing",
          "encumbrance": "Light",
          "id": "recMbCmpxjotB0VV7",
          "name": "Kukri",
          "range": "—",
          "value": 8,
          "weaponType": "Martial",
          "weight": 2,
        },
        Object {
          "category": "Weapon",
          "critical": "×3",
          "damageM": "1d8",
          "damageS": "1d6",
          "damageType": "Piercing",
          "encumbrance": "Two-Handed",
          "id": "recclEquKaEmbsVlx",
          "name": "Lance",
          "range": "—",
          "value": 10,
          "weaponType": "Martial",
          "weight": 10,
        },
        Object {
          "armorBonus": 2,
          "category": "Armor",
          "id": "recqzAzbZksnBvBl3",
          "maxDexBonus": 6,
          "name": "Leather",
          "value": 10,
          "weight": "",
        },
        Object {
          "category": "Weapon",
          "critical": "19–20/×2",
          "damageM": "1d8",
          "damageS": "1d6",
          "damageType": "Piercing",
          "encumbrance": "Ranged",
          "id": "recWQ2ml4RhoLtvik",
          "name": "Light Crossbow",
          "range": "80 ft.",
          "value": 35,
          "weaponType": "Simple",
          "weight": 4,
        },
        Object {
          "category": "Weapon",
          "critical": "×2",
          "damageM": "1d4",
          "damageS": "1d3",
          "damageType": "Bludgeoning",
          "encumbrance": "Light",
          "id": "recNpXB1tw0qzel1M",
          "name": "Light Hammer",
          "range": "20 ft.",
          "value": 1,
          "weaponType": "Martial",
          "weight": 2,
        },
        Object {
          "category": "Weapon",
          "critical": "×2",
          "damageM": "1d6",
          "damageS": "1d4",
          "damageType": "Bludgeoning",
          "encumbrance": "Light",
          "id": "recNfkmUh5SEFUesV",
          "name": "Light Mace",
          "range": "—",
          "value": 5,
          "weaponType": "Simple",
          "weight": 4,
        },
        Object {
          "category": "Weapon",
          "critical": "×4",
          "damageM": "1d4",
          "damageS": "1d3",
          "damageType": "Piercing",
          "encumbrance": "Light",
          "id": "recmN3FqHCd5v6cOP",
          "name": "Light Pick",
          "range": "—",
          "value": 4,
          "weaponType": "Martial",
          "weight": 3,
        },
        Object {
          "armorBonus": 1,
          "category": "Shield",
          "critical": "×2",
          "damageM": "1d3",
          "damageS": "1d2",
          "damageType": "Bludgeoning",
          "encumbrance": "Light",
          "id": "rechNRpsAvDuJu3zu",
          "name": "Light Shield",
          "range": "—",
          "value": "",
          "weaponType": "Martial",
          "weight": "",
        },
        Object {
          "armorBonus": 1,
          "category": "Shield",
          "critical": "×2",
          "damageM": "1d4",
          "damageS": "1d3",
          "damageType": "Piercing",
          "encumbrance": "Light",
          "id": "recbS5UzFUWtUqkPo",
          "name": "Light Spiked Shield",
          "range": "—",
          "value": "",
          "weaponType": "Martial",
          "weight": "",
        },
        Object {
          "category": "Weapon",
          "critical": "×3",
          "damageM": "1d8",
          "damageS": "1d6",
          "damageType": "Piercing",
          "encumbrance": "Ranged",
          "id": "receolEOHvI7Gxxs5",
          "name": "Longbow",
          "range": "100 ft.",
          "value": 75,
          "weaponType": "Martial",
          "weight": 3,
        },
        Object {
          "category": "Weapon",
          "critical": "×3",
          "damageM": "1d8",
          "damageS": "1d6",
          "damageType": "Piercing",
          "encumbrance": "Two-Handed",
          "id": "recNbhiub65qBJh76",
          "name": "Longspear",
          "range": "—",
          "value": 5,
          "weaponType": "Simple",
          "weight": 9,
        },
        Object {
          "category": "Weapon",
          "critical": "19–20/×2",
          "damageM": "1d8",
          "damageS": "1d6",
          "damageType": "Slashing",
          "encumbrance": "One-Handed",
          "id": "recWrjoatwOuaSayt",
          "name": "Longsword",
          "range": "—",
          "value": 15,
          "weaponType": "Martial",
          "weight": 4,
        },
        Object {
          "category": "Weapon",
          "critical": "×2",
          "damageM": "1d8",
          "damageS": "1d6",
          "damageType": "Bludgeoning / Piercing",
          "encumbrance": "One-Handed",
          "id": "recLRqDjOPFzbQOjq",
          "name": "Morningstar",
          "range": "—",
          "value": 8,
          "weaponType": "Simple",
          "weight": 6,
        },
        Object {
          "category": "Weapon",
          "critical": "—",
          "damageM": "—",
          "damageS": "—",
          "damageType": "—",
          "encumbrance": "Ranged",
          "id": "recLCWZUrzv9vXDUa",
          "name": "Net",
          "range": "10 ft.",
          "value": 20,
          "weaponType": "Exotic",
          "weight": 6,
        },
        Object {
          "category": "Weapon",
          "critical": "×2",
          "damageM": "1d6",
          "damageS": "1d4",
          "damageType": "Bludgeoning",
          "encumbrance": "Light",
          "id": "recPvSRFFsWx1LbP7",
          "name": "Nunchaku",
          "range": "—",
          "value": 2,
          "weaponType": "Exotic",
          "weight": 2,
        },
        Object {
          "category": "Weapon",
          "critical": "×3",
          "damageM": "1d8/1d8",
          "damageS": "1d6/1d6",
          "damageType": "Slashing",
          "encumbrance": "Two-Handed",
          "id": "recSR6gCiAukUT92P",
          "name": "Orc Double Axe",
          "range": "—",
          "value": 60,
          "weaponType": "Exotic",
          "weight": 15,
        },
        Object {
          "armorBonus": 1,
          "category": "Armor",
          "id": "recCScbmMjzGHAyAB",
          "maxDexBonus": 8,
          "name": "Padded",
          "value": 5,
          "weight": "",
        },
        Object {
          "category": "Money",
          "id": "recABkU6F0DFvkERT",
          "name": "Platinum Piece",
          "value": 10,
          "weight": 0.02,
        },
        Object {
          "category": "Weapon",
          "critical": "×3",
          "damageM": "1d4",
          "damageS": "1d3",
          "damageType": "Piercing",
          "encumbrance": "Light",
          "id": "reclm7rkhfFy5fwH8",
          "name": "Punching Dagger",
          "range": "—",
          "value": 2,
          "weaponType": "Simple",
          "weight": 1,
        },
        Object {
          "category": "Weapon",
          "critical": "×2",
          "damageM": "1d6/1d6",
          "damageS": "1d4/1d4",
          "damageType": "Bludgeoning",
          "encumbrance": "Two-Handed",
          "id": "rec0JezjbAvUiWr8A",
          "name": "Quarterstaff",
          "range": "—",
          "value": 0,
          "weaponType": "Simple",
          "weight": 4,
        },
        Object {
          "category": "Weapon",
          "critical": "×3",
          "damageM": "2d4",
          "damageS": "1d6",
          "damageType": "Piercing",
          "encumbrance": "Two-Handed",
          "id": "recTZljdQNmdT0tfE",
          "name": "Ranseur",
          "range": "—",
          "value": 10,
          "weaponType": "Martial",
          "weight": 12,
        },
        Object {
          "category": "Weapon",
          "critical": "18–20/×2",
          "damageM": "1d6",
          "damageS": "1d4",
          "damageType": "Piercing",
          "encumbrance": "One-Handed",
          "id": "recLpRWzprhOXDwrU",
          "name": "Rapier",
          "range": "—",
          "value": 20,
          "weaponType": "Martial",
          "weight": 2,
        },
        Object {
          "category": "Misc",
          "id": "rectukONY5k2HfJu2",
          "name": "Rations",
          "value": 15,
          "weight": 3,
        },
        Object {
          "category": "Weapon",
          "critical": "19–20/×2",
          "damageM": "1d10",
          "damageS": "1d8",
          "damageType": "Piercing",
          "encumbrance": "Ranged",
          "id": "recCnIhAdgFLDiBK8",
          "name": "Repeating Heavy Crossbow",
          "range": "120 ft.",
          "value": 400,
          "weaponType": "Exotic",
          "weight": 12,
        },
        Object {
          "category": "Weapon",
          "critical": "19–20/×2",
          "damageM": "1d8",
          "damageS": "1d6",
          "damageType": "Piercing",
          "encumbrance": "Ranged",
          "id": "recAaHr4qEcbytOpu",
          "name": "Repeating Light Crossbow",
          "range": "80 ft.",
          "value": 250,
          "weaponType": "Exotic",
          "weight": 6,
        },
        Object {
          "category": "Misc",
          "id": "recYxygXLa4JSCOrl",
          "name": "Rope, hemp",
          "value": "",
          "weight": "",
        },
        Object {
          "category": "Weapon",
          "critical": "×2",
          "damageM": "1d4",
          "damageS": "1d3",
          "damageType": "Bludgeoning",
          "encumbrance": "Light",
          "id": "recParpRbpmkp9Wod",
          "name": "Sai",
          "range": "10 ft.",
          "value": 1,
          "weaponType": "Exotic",
          "weight": 1,
        },
        Object {
          "category": "Weapon",
          "critical": "×2",
          "damageM": "1d6",
          "damageS": "1d4",
          "damageType": "Bludgeoning",
          "encumbrance": "Light",
          "id": "recg3hmuoYeY6Vd22",
          "name": "Sap",
          "range": "—",
          "value": 1,
          "weaponType": "Martial",
          "weight": 2,
        },
        Object {
          "armorBonus": 4,
          "category": "Armor",
          "id": "recCMz646OTItRZNF",
          "maxDexBonus": 3,
          "name": "Scale mail",
          "value": 50,
          "weight": "",
        },
        Object {
          "category": "Weapon",
          "critical": "18–20/×2",
          "damageM": "1d6",
          "damageS": "1d4",
          "damageType": "Slashing",
          "encumbrance": "One-Handed",
          "id": "recpb8WlBeCJbUryB",
          "name": "Scimitar",
          "range": "—",
          "value": 15,
          "weaponType": "Martial",
          "weight": 4,
        },
        Object {
          "category": "Weapon",
          "critical": "×4",
          "damageM": "2d4",
          "damageS": "1d6",
          "damageType": "Piercing / Slashing",
          "encumbrance": "Two-Handed",
          "id": "recnrbjHjcF6Zw3nM",
          "name": "Scythe",
          "range": "—",
          "value": 18,
          "weaponType": "Martial",
          "weight": 10,
        },
        Object {
          "category": "Weapon",
          "critical": "×3",
          "damageM": "1d6",
          "damageS": "1d4",
          "damageType": "Piercing",
          "encumbrance": "Ranged",
          "id": "reczq2bvbYUKzykGa",
          "name": "Shortbow",
          "range": "60 ft.",
          "value": 30,
          "weaponType": "Martial",
          "weight": 2,
        },
        Object {
          "category": "Weapon",
          "critical": "×2",
          "damageM": "1d6",
          "damageS": "1d4",
          "damageType": "Piercing",
          "encumbrance": "One-Handed",
          "id": "recKW7AEx35ZzDDgj",
          "name": "Shortspear",
          "range": "20 ft.",
          "value": 1,
          "weaponType": "Simple",
          "weight": 3,
        },
        Object {
          "category": "Weapon",
          "critical": "19–20/×2",
          "damageM": "1d6",
          "damageS": "1d4",
          "damageType": "Slashing",
          "encumbrance": "Light",
          "id": "recnIPKR672TnSnYl",
          "name": "Shortsword",
          "range": "—",
          "value": 10,
          "weaponType": "Martial",
          "weight": 2,
        },
        Object {
          "category": "Weapon",
          "critical": "×2",
          "damageM": "1d2",
          "damageS": "1",
          "damageType": "Piercing",
          "encumbrance": "Ranged",
          "id": "reccpQwnC44OsrGBE",
          "name": "Shuriken",
          "range": "10 ft.",
          "value": 1,
          "weaponType": "Exotic",
          "weight": 0.1,
        },
        Object {
          "category": "Weapon",
          "critical": "×2",
          "damageM": "1d6",
          "damageS": "1d4",
          "damageType": "Piercing",
          "encumbrance": "Light",
          "id": "recXOLsAZLyI0PAeT",
          "name": "Siangham",
          "range": "—",
          "value": 3,
          "weaponType": "Exotic",
          "weight": 1,
        },
        Object {
          "category": "Weapon",
          "critical": "×2",
          "damageM": "1d6",
          "damageS": "1d4",
          "damageType": "Slashing",
          "encumbrance": "Light",
          "id": "rec2q1Tae0EA9ppx1",
          "name": "Sickle",
          "range": "—",
          "value": 6,
          "weaponType": "Simple",
          "weight": 2,
        },
        Object {
          "category": "Clothing",
          "id": "recThYVmRyKPtBVTv",
          "name": "Silk robe",
          "value": 5,
          "weight": 2,
        },
        Object {
          "category": "Money",
          "id": "rectXokKb6CNfiL9w",
          "name": "Silver Piece",
          "value": 0.1,
          "weight": 0.02,
        },
        Object {
          "category": "Weapon",
          "critical": "×2",
          "damageType": "Bludgeoning",
          "encumbrance": "Light",
          "id": "recgl5p6sMpgzwWo9",
          "name": "Slap/Slam",
          "range": "—",
          "value": "",
          "weaponType": "Natural",
          "weight": "",
        },
        Object {
          "category": "Weapon",
          "critical": "×2",
          "damageM": "1d4",
          "damageS": "1d3",
          "damageType": "Bludgeoning",
          "encumbrance": "Ranged",
          "id": "reckm5B8oTdvUJjzI",
          "name": "Sling",
          "range": "50 ft.",
          "value": "",
          "weaponType": "Simple",
          "weight": "",
        },
        Object {
          "category": "Weapon",
          "critical": "×3",
          "damageM": "1d8",
          "damageS": "1d6",
          "damageType": "Piercing",
          "encumbrance": "Two-Handed",
          "id": "recqrC4ryQIqntqvi",
          "name": "Spear",
          "range": "20 ft.",
          "value": 2,
          "weaponType": "Simple",
          "weight": 6,
        },
        Object {
          "category": "Misc",
          "id": "recUwzNk9na7jSQxQ",
          "name": "Spell component pouch",
          "value": 5,
          "weight": 2,
        },
        Object {
          "category": "Armor",
          "critical": "×2",
          "damageM": "1d6",
          "damageS": "1d4",
          "damageType": "Piercing",
          "encumbrance": "Light",
          "id": "recl8vnhb1u28ROye",
          "name": "Spiked Armor",
          "range": "—",
          "value": "",
          "weaponType": "Martial",
          "weight": "",
        },
        Object {
          "category": "Weapon",
          "critical": "×2",
          "damageM": "2d4",
          "damageS": "1d6",
          "damageType": "Piercing",
          "encumbrance": "Two-Handed",
          "id": "recJB7Jom5jyJfqwg",
          "name": "Spiked Chain",
          "range": "—",
          "value": 25,
          "weaponType": "Exotic",
          "weight": 10,
        },
        Object {
          "category": "Weapon",
          "critical": "×2",
          "damageM": "1d4",
          "damageS": "1d3",
          "damageType": "Piercing",
          "encumbrance": "Light",
          "id": "rec6MscBvV6I6fDsI",
          "name": "Spiked Gauntlet",
          "range": "—",
          "value": 5,
          "weaponType": "Simple",
          "weight": 1,
        },
        Object {
          "armorBonus": 6,
          "category": "Armor",
          "id": "recqlsMONgIQXwWbS",
          "name": "Splint mail",
          "value": 200,
          "weight": "",
        },
        Object {
          "category": "Weapon",
          "critical": "×2",
          "damageType": "Piercing",
          "encumbrance": "Light",
          "id": "rectaWcLJh5xbEyBf",
          "name": "Sting",
          "range": "—",
          "value": "",
          "weaponType": "Natural",
          "weight": "",
        },
        Object {
          "armorBonus": 3,
          "category": "Armor",
          "id": "receOmkviWX3nGzuV",
          "maxDexBonus": 5,
          "name": "Studded leather",
          "value": 25,
          "weight": "",
        },
        Object {
          "category": "Weapon",
          "critical": "×2",
          "damageType": "Slashing / Piercing",
          "encumbrance": "Light",
          "id": "recDAXHjNpPpBuFsn",
          "name": "Talons",
          "range": "—",
          "value": "",
          "weaponType": "Natural",
          "weight": "",
        },
        Object {
          "category": "Weapon",
          "critical": "×2",
          "damageType": "Bludgeoning",
          "encumbrance": "Light",
          "id": "recHYmG2tmeSsKInk",
          "name": "Tentacle",
          "value": "",
          "weaponType": "Natural",
          "weight": "",
        },
        Object {
          "category": "Misc",
          "id": "rec4LnENouXd7XUiE",
          "name": "Thieves' tools",
          "value": "",
          "weight": "",
        },
        Object {
          "category": "Weapon",
          "critical": "×2",
          "damageM": "1d6",
          "damageS": "1d4",
          "damageType": "Slashing",
          "encumbrance": "Light",
          "id": "recuOEI8Mv3a4wKSG",
          "name": "Throwing Axe",
          "range": "10 ft.",
          "value": 8,
          "weaponType": "Martial",
          "weight": 2,
        },
        Object {
          "armorBonus": 4,
          "category": "Shield",
          "id": "recvMMCsdSJEpZmcK",
          "maxDexBonus": 2,
          "name": "Tower Shield",
          "value": 30,
          "weight": "",
        },
        Object {
          "category": "Clothing",
          "id": "recRnQZ4tD1CSdVtl",
          "name": "Traveler's outfit",
          "value": 1,
          "weight": 5,
        },
        Object {
          "category": "Weapon",
          "critical": "×2",
          "damageM": "1d8",
          "damageS": "1d6",
          "damageType": "Piercing",
          "encumbrance": "One-Handed",
          "id": "rec4gBxMabAvBRNEm",
          "name": "Trident",
          "range": "10 ft.",
          "value": 15,
          "weaponType": "Martial",
          "weight": 4,
        },
        Object {
          "category": "Weapon",
          "critical": "19–20/×2",
          "damageM": "1d8/1d8",
          "damageS": "1d6/1d6",
          "damageType": "Slashing",
          "encumbrance": "Two-Handed",
          "id": "recQVTxj40pWDtm8Y",
          "name": "Two-Bladed Sword",
          "range": "—",
          "value": 100,
          "weaponType": "Exotic",
          "weight": 10,
        },
        Object {
          "category": "Weapon",
          "critical": "×2",
          "damageM": "1d3",
          "damageS": "1d2",
          "damageType": "Bludgeoning",
          "encumbrance": "Unarmed",
          "id": "recd96petEetM5NdO",
          "name": "Unarmed Strike",
          "range": "—",
          "value": "",
          "weaponType": "Simple",
          "weight": "",
        },
        Object {
          "category": "Weapon",
          "critical": "×3",
          "damageM": "1d8",
          "damageS": "1d6",
          "damageType": "Bludgeoning",
          "encumbrance": "One-Handed",
          "id": "rec6LbpVzZCv5DdR4",
          "name": "Warhammer",
          "range": "—",
          "value": 12,
          "weaponType": "Martial",
          "weight": 5,
        },
        Object {
          "category": "Misc",
          "id": "recTnEbBAzGtBfdbJ",
          "name": "Waterskin",
          "value": 1,
          "weight": 4,
        },
        Object {
          "category": "Weapon",
          "critical": "×2",
          "damageM": "1d3",
          "damageS": "1d2",
          "damageType": "Slashing",
          "encumbrance": "One-Handed",
          "id": "recCg6CEUBzMwye5w",
          "name": "Whip",
          "range": "—",
          "value": 1,
          "weaponType": "Exotic",
          "weight": 2,
        },
        Object {
          "category": "Misc",
          "id": "reckwALiYfzmuSB3v",
          "name": "Wizard's spellbook",
          "value": 15,
          "weight": 3,
        },
      ]
    }
  />
  <div
    className="divider"
  />
  <h4>
    Selected Equipment:
  </h4>
  <div
    className="section CreatorFormEquipment__grid"
  >
    <h5
      className="grid__col1"
    >
      Item
    </h5>
    <h5
      className="grid__col2"
    >
      Qty
    </h5>
    <h5
      className="grid__col3"
    >
      Cost (gp)
    </h5>
  </div>
  <FormikConnect(ErrorMessageImpl)
    className="CreatorForm__error"
    component="div"
    name="equipment"
  />
  <div
    className="CreatorForm__group"
  >
    <div>
      Total weight: 
      0
       lbs
    </div>
    <div>
      Remaining money: 
      <span
        style={null}
      >
         gp
      </span>
    </div>
  </div>
  <FormikConnect(ErrorMessageImpl)
    className="CreatorForm__error--right"
    component="div"
    name="remainingGold"
  />
  <ItemModal
    handleCloseModal={[Function]}
    handleEquip={[Function]}
  />
</div>
`;
