// Jest Snapshot v1, https://goo.gl/fbAQLP

exports[`should render Header with swap button hidden 1`] = `
<header>
  <div
    class="container header__content"
  >
    <h2
      class="header__title"
    >
      Profile
    </h2>
    <div
      class="header__nav"
    >
      <a
        class="header__button"
        href="/create"
      >
        <ion-icon
          name="add-circle-outline"
          size="large"
        />
      </a>
      <a
        class="header__button"
        data-testid="swapButton"
        hidden=""
        href="/select"
      >
        <ion-icon
          name="swap"
          size="large"
        />
      </a>
      <button
        class="header__button"
        data-testid="logoutButton"
      >
        <ion-icon
          name="log-out"
          size="large"
        />
      </button>
    </div>
  </div>
</header>
`;
