// Jest Snapshot v1, https://goo.gl/fbAQLP

exports[`should render login page correctly 1`] = `
<div
  className="LoginPage"
>
  <div
    className="LoginPage__box"
  >
    <h1
      className="LoginPage__title"
    >
      D&D 3.5e Character Manager
    </h1>
    <e
      firebaseAuth={
        Object {
          "apiKey": "AIzaSyChIDLvv9RpD9-kzAs5Z_r20fv3L0jYHjA",
          "appName": "[DEFAULT]",
          "authDomain": "dnd-3-5-character-manager-test.firebaseapp.com",
          "currentUser": null,
        }
      }
      uiConfig={
        Object {
          "signInFlow": "popup",
          "signInOptions": Array [
            "google.com",
            "password",
          ],
          "signInSuccessUrl": "/",
        }
      }
    />
  </div>
</div>
`;
