// Jest Snapshot v1, https://goo.gl/fbAQLP

exports[`should render login page correctly 1`] = `
<div>
  <div
    class="LoginPage"
  >
    <div
      class="LoginPage__box"
    >
      <h1
        class="LoginPage__title"
      >
        D&D 3.5e Character Manager
      </h1>
      <div
        id="firebaseui_container"
      />
    </div>
  </div>
</div>
`;
