// Jest Snapshot v1, https://goo.gl/fbAQLP

exports[`should render SpellbookPage with profile data 1`] = `
<div
  class="container container--body"
>
  <div
    class="section"
  >
    <h3
      class="row--center"
    >
      Level 
      0
       Spells (
      3
      /
      4
      )
    </h3>
    <div
      class="grid--spells"
    >
      <h5
        class="grid__col1"
      >
        Spell
      </h5>
      <h5
        class="grid__col2"
      >
        Prep
      </h5>
      <h5
        class="grid__col3"
      >
        Rmng
      </h5>
      <button
        class="grid__col1 button--link"
        id="rec8IQeYmBr3f1BMC"
      >
        Acid Splash
      </button>
      <div
        class="grid__col2 grid--spells__attribute"
      >
        <button
          change="1"
          id="rec8IQeYmBr3f1BMCPlus"
          index="0"
          level="0"
        >
          +
        </button>
        <div
          id="rec8IQeYmBr3f1BMCPrepared"
        >
          1
        </div>
        <button
          change="-1"
          id="rec8IQeYmBr3f1BMCMinus"
          index="0"
          level="0"
        >
          -
        </button>
      </div>
      <div
        class="grid__col3"
        id="rec8IQeYmBr3f1BMCRemaining"
      >
        1
      </div>
      <button
        class="grid__col4"
      >
        x
      </button>
      <button
        class="grid__col1 button--link"
        id="recwpeRoCsea4vidW"
      >
        Arcane Mark
      </button>
      <div
        class="grid__col2 grid--spells__attribute"
      >
        <button
          change="1"
          id="recwpeRoCsea4vidWPlus"
          index="1"
          level="0"
        >
          +
        </button>
        <div
          id="recwpeRoCsea4vidWPrepared"
        >
          2
        </div>
        <button
          change="-1"
          id="recwpeRoCsea4vidWMinus"
          index="1"
          level="0"
        >
          -
        </button>
      </div>
      <div
        class="grid__col3"
        id="recwpeRoCsea4vidWRemaining"
      >
        1
      </div>
      <button
        class="grid__col4"
      >
        x
      </button>
    </div>
  </div>
  <div
    class="section"
  >
    <h3
      class="row--center"
    >
      Level 
      1
       Spells (
      1
      /
      3
      )
    </h3>
    <div
      class="grid--spells"
    >
      <h5
        class="grid__col1"
      >
        Spell
      </h5>
      <h5
        class="grid__col2"
      >
        Prep
      </h5>
      <h5
        class="grid__col3"
      >
        Rmng
      </h5>
      <button
        class="grid__col1 button--link"
        id="recRhVs0ahtQZpbXx"
      >
        Charm Person
      </button>
      <div
        class="grid__col2 grid--spells__attribute"
      >
        <button
          change="1"
          id="recRhVs0ahtQZpbXxPlus"
          index="0"
          level="1"
        >
          +
        </button>
        <div
          id="recRhVs0ahtQZpbXxPrepared"
        >
          1
        </div>
        <button
          change="-1"
          id="recRhVs0ahtQZpbXxMinus"
          index="0"
          level="1"
        >
          -
        </button>
      </div>
      <div
        class="grid__col3"
        id="recRhVs0ahtQZpbXxRemaining"
      >
        0
      </div>
      <button
        class="grid__col4"
      >
        x
      </button>
    </div>
  </div>
</div>
`;
