// Jest Snapshot v1, https://goo.gl/fbAQLP

exports[`should render attacks with default profile data 1`] = `
<div
  class="PhysicalStats__row"
>
  <div>
    Hit Points
  </div>
  <div>
    <div
      class="PhysicalStats__row__item"
    >
      <h5>
        Base
      </h5>
      <div>
        32
      </div>
    </div>
    <div
      class="PhysicalStats__row__item--bottom"
    >
      +
    </div>
    <div
      class="PhysicalStats__row__item"
    >
      <h5>
        Mod
      </h5>
      <input
        data-testid="hpMod"
        type="number"
        value=""
      />
    </div>
    <div
      class="PhysicalStats__row__item--bottom"
    >
      -
    </div>
    <div
      class="PhysicalStats__row__item"
    >
      <h5>
        Dmg
      </h5>
      <input
        data-testid="hpDamage"
        type="number"
        value=""
      />
    </div>
    <div
      class="PhysicalStats__row__item--bottom"
    >
      =
    </div>
    <div
      class="PhysicalStats__row__item"
    >
      <h5>
        Curr
      </h5>
      <div
        data-testid="hpTotal"
      >
        32
      </div>
    </div>
  </div>
</div>
`;
