// Jest Snapshot v1, https://goo.gl/fbAQLP

exports[`should render CreatorFormJobClass 1`] = `
<form>
  <div
    class="container--body"
  >
    <div
      class="CreatorFormJobClass__group"
    >
      <h4>
        Job Class:
      </h4>
      <select
        class="select"
      >
        <option
          value="recbxccm8pp3fTmQw"
        >
          Barbarian
        </option>
        <option
          value="rec0GDUzwsKLYEyqM"
        >
          Bard
        </option>
        <option
          value="recawEdTMnIzdNnwR"
        >
          Cleric
        </option>
        <option
          value="recz6owTBNig43RWq"
        >
          Druid
        </option>
        <option
          value="reckjdfZ5f86z4Rtz"
        >
          Fighter
        </option>
        <option
          value="recVqqb9HsZRyEAC8"
        >
          Monk
        </option>
        <option
          value="recjjJTiERQ1ocuNh"
        >
          Paladin
        </option>
        <option
          value="recKnUPMQEmoCGcag"
        >
          Ranger
        </option>
        <option
          value="recQrfCKtksnnSsaZ"
        >
          Rogue
        </option>
        <option
          value="recniRmHZzspPDAFn"
        >
          Sorcerer
        </option>
        <option
          selected=""
          value="recBCWC99ohXXKqwL"
        >
          Wizard
        </option>
      </select>
    </div>
    <div
      class="CreatorFormJobClass__group"
    >
      <h4>
        Alignment:
      </h4>
      <select
        class="select"
        name="alignment"
      >
        <option
          value="Lawful Good"
        >
          Lawful Good
        </option>
        <option
          value="Neutral Good"
        >
          Neutral Good
        </option>
        <option
          value="Chaotic Good"
        >
          Chaotic Good
        </option>
        <option
          value="Lawful Neutral"
        >
          Lawful Neutral
        </option>
        <option
          value="True Neutral"
        >
          True Neutral
        </option>
        <option
          value="Chaotic Neutral"
        >
          Chaotic Neutral
        </option>
        <option
          value="Lawful Evil"
        >
          Lawful Evil
        </option>
        <option
          value="Neutral Evil"
        >
          Neutral Evil
        </option>
        <option
          value="Chaotic Evil"
        >
          Chaotic Evil
        </option>
      </select>
    </div>
    <div
      class="CreatorFormJobClass__group--top"
    >
      <h4>
        Hit Die:
      </h4>
      <div>
        D4
      </div>
    </div>
    <div
      class="CreatorFormJobClass__group"
    >
      <h4>
        Starting Gold:
      </h4>
      <div
        class="CreatorForm__input-group"
      >
        <input
          class="number-input"
          type="number"
          value=""
        />
        <div>
           gp
        </div>
        <button
          class="button"
          type="button"
        >
          Roll
        </button>
      </div>
    </div>
    <div
      class="CreatorFormJobClass__group--top"
    >
      <h4>
        Proficiencies:
      </h4>
      <div>
        Club, Dagger, Light Crossbow, Heavy Crossbow, Quarterstaff
      </div>
    </div>
    <div
      class="CreatorFormJobClass__group--top"
    >
      <h4>
        Bonus Languages:
      </h4>
      <select
        class="multi-select"
        multiple=""
        name="bonusLanguages"
      >
        <option
          value="Draconic"
        >
          Draconic
        </option>
        <option
          value="Gnoll"
        >
          Gnoll
        </option>
        <option
          value="Gnome"
        >
          Gnome
        </option>
        <option
          value="Goblin"
        >
          Goblin
        </option>
        <option
          value="Orc"
        >
          Orc
        </option>
        <option
          value="Sylvan"
        >
          Sylvan
        </option>
      </select>
    </div>
    <div
      class="CreatorFormJobClass__group"
    >
      <h4>
        Deity:
      </h4>
      <input
        class="text-input"
        name="deity"
        placeholder="(Optional) Enter the name of a Deity"
        value=""
      />
    </div>
    <div
      class="CreatorFormJobClass__group"
    >
      <h4>
        School:
      </h4>
      <select
        class="select"
        name="school"
      >
        <option
          value="Abjuration"
        >
          Abjuration
        </option>
        <option
          value="Conjuration"
        >
          Conjuration
        </option>
        <option
          value="Divination"
        >
          Divination
        </option>
        <option
          value="Enchantment"
        >
          Enchantment
        </option>
        <option
          value="Evocation"
        >
          Evocation
        </option>
        <option
          value="Illusion"
        >
          Illusion
        </option>
        <option
          value="Necromancy"
        >
          Necromancy
        </option>
        <option
          value="Transmutation"
        >
          Transmutation
        </option>
        <option
          value="Universal"
        >
          Universal
        </option>
      </select>
    </div>
    <div
      class="CreatorFormJobClass__group--top"
    >
      <h4>
        Prohibited School(s):
      </h4>
      <select
        class="multi-select"
        multiple=""
        name="prohibitedSchools"
      >
        <option
          value="Abjuration"
        >
          Abjuration
        </option>
        <option
          value="Conjuration"
        >
          Conjuration
        </option>
        <option
          value="Enchantment"
        >
          Enchantment
        </option>
        <option
          value="Evocation"
        >
          Evocation
        </option>
        <option
          value="Illusion"
        >
          Illusion
        </option>
        <option
          value="Necromancy"
        >
          Necromancy
        </option>
      </select>
    </div>
  </div>
</form>
`;
