// Jest Snapshot v1, https://goo.gl/fbAQLP

exports[`should render Abilities with profile data 1`] = `
<div
  className="grid grid--abilities"
>
  <h5
    className="grid__col1"
  >
    Ability
  </h5>
  <div
    className="grid__col1"
    key="ability0"
  >
    STR
  </div>
  <div
    className="grid__col1"
    key="ability1"
  >
    DEX
  </div>
  <div
    className="grid__col1"
    key="ability2"
  >
    CON
  </div>
  <div
    className="grid__col1"
    key="ability3"
  >
    INT
  </div>
  <div
    className="grid__col1"
    key="ability4"
  >
    WIS
  </div>
  <div
    className="grid__col1"
    key="ability5"
  >
    CHA
  </div>
  <h5
    className="grid__col2"
  >
    Score
  </h5>
  <div
    className="grid__col2"
    key="score0"
  >
    14
  </div>
  <div
    className="grid__col2"
    key="score1"
  >
    18
  </div>
  <div
    className="grid__col2"
    key="score2"
  >
    16
  </div>
  <div
    className="grid__col2"
    key="score3"
  >
    20
  </div>
  <div
    className="grid__col2"
    key="score4"
  >
    14
  </div>
  <div
    className="grid__col2"
    key="score5"
  >
    11
  </div>
  <h5
    className="grid__col3"
  >
    Mod
  </h5>
  <div
    className="grid__col3"
    key="mod0"
  />
  <div
    className="grid__col3"
    key="mod1"
  />
  <div
    className="grid__col3"
    key="mod2"
  />
  <div
    className="grid__col3"
    key="mod3"
  />
  <div
    className="grid__col3"
    key="mod4"
  />
  <div
    className="grid__col3"
    key="mod5"
  />
  <h5
    className="grid__col4"
  >
    Temp Score
  </h5>
  <input
    className="grid__col4"
    id="str"
    key="tempScore0"
    name="abilities"
    onChange={[MockFunction]}
    type="text"
  />
  <input
    className="grid__col4"
    id="dex"
    key="tempScore1"
    name="abilities"
    onChange={[MockFunction]}
    type="text"
  />
  <input
    className="grid__col4"
    id="con"
    key="tempScore2"
    name="abilities"
    onChange={[MockFunction]}
    type="text"
  />
  <input
    className="grid__col4"
    id="int"
    key="tempScore3"
    name="abilities"
    onChange={[MockFunction]}
    type="text"
  />
  <input
    className="grid__col4"
    id="wis"
    key="tempScore4"
    name="abilities"
    onChange={[MockFunction]}
    type="text"
  />
  <input
    className="grid__col4"
    id="cha"
    key="tempScore5"
    name="abilities"
    onChange={[MockFunction]}
    type="text"
  />
  <h5
    className="grid__col5"
  >
    Temp Mod
  </h5>
  <div
    className="grid__col5"
    key="tempMod0"
  />
  <div
    className="grid__col5"
    key="tempMod1"
  />
  <div
    className="grid__col5"
    key="tempMod2"
  />
  <div
    className="grid__col5"
    key="tempMod3"
  />
  <div
    className="grid__col5"
    key="tempMod4"
  />
  <div
    className="grid__col5"
    key="tempMod5"
  />
</div>
`;
