// Jest Snapshot v1, https://goo.gl/fbAQLP

exports[`should render attacks with profile data 1`] = `
<div
  className=" grid grid--6col"
>
  <h5
    className="grid__col1"
  >
    Attack
  </h5>
  <h5>
    Base
  </h5>
  <div />
  <h5>
    Mod
  </h5>
  <div />
  <h5>
    Total
  </h5>
  <div
    className="grid__col1"
  >
    Melee
  </div>
  <div>
    4
  </div>
  <div>
    +
  </div>
  <input
    id="melee"
    name="attacks"
    type="text"
    value={3}
  />
  <div>
    =
  </div>
  <div />
  <div
    className="grid__col1"
  >
    Ranged
  </div>
  <div>
    6
  </div>
  <div>
    +
  </div>
  <input
    id="ranged"
    name="attacks"
    type="text"
    value={3}
  />
  <div>
    =
  </div>
  <div />
  <div
    className="grid__col1"
  >
    Grapple
  </div>
  <div>
    4
  </div>
  <div>
    +
  </div>
  <input
    id="grapple"
    name="attacks"
    type="text"
    value={3}
  />
  <div>
    =
  </div>
  <div />
</div>
`;
