// Jest Snapshot v1, https://goo.gl/fbAQLP

exports[`should render combat page with profile data 1`] = `
<div>
  <Connect(Header)
    pageTitle="Combat"
  />
  <div
    className="container container--body"
  >
    <PhysicalStats
      ac={
        Object {
          "base": 14,
          "flat": 10,
          "touch": 14,
        }
      }
      hp={
        Object {
          "base": 32,
          "damage": 10,
          "mod": 6,
          "total": 32,
        }
      }
      initiative={
        Object {
          "base": 2,
          "mod": 1,
          "total": 2,
        }
      }
      onInputChange={[Function]}
      speed={30}
    />
    <Saves
      onInputChange={[Function]}
      saves={
        Object {
          "fortitude": Object {
            "base": 4,
            "mod": "",
            "name": "Fortitude",
            "total": 4,
          },
          "reflex": Object {
            "base": 5,
            "mod": "",
            "name": "Reflex",
            "total": 5,
          },
          "will": Object {
            "base": 6,
            "mod": "",
            "name": "Will",
            "total": 6,
          },
        }
      }
    />
    <Attacks
      attacks={
        Object {
          "grapple": Object {
            "base": 4,
            "mod": "",
            "name": "Grapple",
            "total": 4,
          },
          "melee": Object {
            "base": 4,
            "mod": "",
            "name": "Melee",
            "total": 4,
          },
          "ranged": Object {
            "base": 6,
            "mod": "",
            "name": "Ranged",
            "total": 6,
          },
        }
      }
      onInputChange={[Function]}
    />
    <Connect(Weapons)
      grappleBonus={4}
      meleeBonus={4}
      rangedBonus={6}
    />
  </div>
</div>
`;
