// Jest Snapshot v1, https://goo.gl/fbAQLP

exports[`should render CompanionPage with profile data 1`] = `
<div
  className="layout"
>
  <Connect(Header)
    pageTitle="Companion"
  />
  <div
    className="container container--body"
  >
    <div
      className="grid grid--companion"
    >
      <h3>
        Nyx
      </h3>
      <div>
        Raven
      </div>
      <h4
        className="grid__col1"
      >
        Special Abilities
      </h4>
      <Connect(SpecialAbilities)
        specialAbilityIds={
          Array [
            "recoVjIceMNsVyiqI",
            "recC7zmmkwPjM104d",
            "recD7wgtCKPM9k7X9",
            "recmKq1KJyCGILkHN",
          ]
        }
      />
      <h4
        className="grid__col1"
      >
        Feats
      </h4>
      <Connect(Feats)
        featIds={
          Array [
            "recvzMqdCBIzd7z9n",
            "recVdnKmMFz54fNLF",
          ]
        }
      />
    </div>
    <h3
      className="row--center"
    >
      Abilities
    </h3>
    <Abilities
      abilities={
        Object {
          "cha": 6,
          "con": 10,
          "dex": 15,
          "int": 8,
          "str": 1,
          "wis": 14,
        }
      }
      handleChange={[Function]}
    />
    <h3
      className="row--center"
    >
      Skills
    </h3>
    <Connect(SkillSet)
      skillSet={
        Array [
          Object {
            "name": "Hide",
            "ranks": 10,
          },
          Object {
            "name": "Climb",
            "ranks": 3,
          },
          Object {
            "name": "Listen",
            "ranks": 5,
          },
          Object {
            "name": "Concentration",
            "ranks": 9,
          },
          Object {
            "name": "Spot",
            "ranks": 5,
          },
        ]
      }
    />
    <h3
      className="row--center"
    >
      Combat
    </h3>
    <PhysicalStats
      ac={
        Object {
          "base": 14,
          "flat": 12,
          "touch": 14,
        }
      }
      handleChange={[Function]}
      hp={
        Object {
          "base": 16,
          "damage": "",
          "mod": "",
          "total": 16,
        }
      }
      initiative={
        Object {
          "base": 2,
          "mod": "",
          "total": 2,
        }
      }
      speed={
        Object {
          "flight": 40,
          "ground": 10,
        }
      }
    />
    <div
      className="grid grid--combat"
    >
      <div
        className="row__title"
      >
        Attack
      </div>
      <div
        className="row--left"
      >
        Claws +4 melee (1d2–5)
      </div>
    </div>
  </div>
  <Connect(Footer) />
</div>
`;
