// Jest Snapshot v1, https://goo.gl/fbAQLP

exports[`should correctly render CreatorFormPage5 1`] = `
<div>
  <h3
    className="row--center"
  >
    Select Equipment
  </h3>
  <Selector
    Content={[Function]}
    apiObject={
      Object {
        "rec0JezjbAvUiWr8A": Object {
          "category": "Weapon",
          "critical": "×2",
          "damageM": "1d6/1d6",
          "damageS": "1d4/1d4",
          "damageType": "Bludgeoning",
          "encumbrance": "Two-Handed",
          "name": "Quarterstaff",
          "range": "—",
          "value": "",
          "weaponType": "Simple",
          "weight": 4,
        },
        "rec1LVNOO5AqBGbRn": Object {
          "category": "Misc",
          "name": "Flint & steel",
          "value": "",
          "weight": 2,
        },
        "rec2OeTGGSrzGVMMG": Object {
          "category": "Weapon",
          "critical": "19–20/×2",
          "damageM": "1d4",
          "damageS": "1d3",
          "damageType": "Piercing",
          "encumbrance": "Ranged",
          "name": "Hand Crossbow",
          "range": "30 ft.",
          "value": 100,
          "weaponType": "Exotic",
          "weight": 2,
        },
        "rec2oW1AeM9O03Qho": Object {
          "category": "Misc",
          "name": "Grappling hook",
          "value": "",
          "weight": "",
        },
        "rec2q1Tae0EA9ppx1": Object {
          "category": "Weapon",
          "critical": "×2",
          "damageM": "1d6",
          "damageS": "1d4",
          "damageType": "Slashing",
          "encumbrance": "Light",
          "name": "Sickle",
          "range": "—",
          "value": 6,
          "weaponType": "Simple",
          "weight": 2,
        },
        "rec2zYSncfJJAb3iO": Object {
          "armorBonus": 1,
          "category": "Shield",
          "name": "Buckler",
          "value": 15,
          "weight": "",
        },
        "rec35ieQLel7fW2Mo": Object {
          "category": "Misc",
          "name": "Bedroll",
          "value": "",
          "weight": "",
        },
        "rec3QuwY0QShwfije": Object {
          "armorBonus": 5,
          "category": "Armor",
          "maxDexBonus": 3,
          "name": "Breastplate",
          "value": 200,
          "weight": "",
        },
        "rec45mQ7GezQapeUK": Object {
          "category": "Weapon",
          "critical": "×3",
          "damageM": "1d12",
          "damageS": "1d10",
          "damageType": "Slashing",
          "encumbrance": "Two-Handed",
          "name": "Greataxe",
          "range": "—",
          "value": 20,
          "weaponType": "Martial",
          "weight": 12,
        },
        "rec4LnENouXd7XUiE": Object {
          "category": "Misc",
          "name": "Thieves' tools",
          "value": "",
          "weight": "",
        },
        "rec4gBxMabAvBRNEm": Object {
          "category": "Weapon",
          "critical": "×2",
          "damageM": "1d8",
          "damageS": "1d6",
          "damageType": "Piercing",
          "encumbrance": "One-Handed",
          "name": "Trident",
          "range": "10 ft.",
          "value": 15,
          "weaponType": "Martial",
          "weight": 4,
        },
        "rec5rr8NvisUanp0q": Object {
          "category": "Weapon",
          "critical": "18–20/×2",
          "damageM": "2d4",
          "damageS": "1d6",
          "damageType": "Slashing",
          "encumbrance": "Two-Handed",
          "name": "Falchion",
          "range": "—",
          "value": 75,
          "weaponType": "Martial",
          "weight": 8,
        },
        "rec6LbpVzZCv5DdR4": Object {
          "category": "Weapon",
          "critical": "×3",
          "damageM": "1d8",
          "damageS": "1d6",
          "damageType": "Bludgeoning",
          "encumbrance": "One-Handed",
          "name": "Warhammer",
          "range": "—",
          "value": 12,
          "weaponType": "Martial",
          "weight": 5,
        },
        "rec6MscBvV6I6fDsI": Object {
          "category": "Weapon",
          "critical": "×2",
          "damageM": "1d4",
          "damageS": "1d3",
          "damageType": "Piercing",
          "encumbrance": "Light",
          "name": "Spiked Gauntlet",
          "range": "—",
          "value": 5,
          "weaponType": "Simple",
          "weight": 1,
        },
        "recABkU6F0DFvkERT": Object {
          "category": "Money",
          "name": "Platinum Piece",
          "value": 10,
          "weight": 0.02,
        },
        "recAaHr4qEcbytOpu": Object {
          "category": "Weapon",
          "critical": "19–20/×2",
          "damageM": "1d8",
          "damageS": "1d6",
          "damageType": "Piercing",
          "encumbrance": "Ranged",
          "name": "Repeating Light Crossbow",
          "range": "80 ft.",
          "value": 250,
          "weaponType": "Exotic",
          "weight": 6,
        },
        "recCMz646OTItRZNF": Object {
          "armorBonus": 4,
          "category": "Armor",
          "maxDexBonus": 3,
          "name": "Scale mail",
          "value": 50,
          "weight": "",
        },
        "recCOaodcn8UZNc5y": Object {
          "armorBonus": 6,
          "category": "Armor",
          "maxDexBonus": 1,
          "name": "Banded mail",
          "value": 250,
          "weight": "",
        },
        "recCScbmMjzGHAyAB": Object {
          "armorBonus": 1,
          "category": "Armor",
          "maxDexBonus": 8,
          "name": "Padded",
          "value": 5,
          "weight": "",
        },
        "recCg6CEUBzMwye5w": Object {
          "category": "Weapon",
          "critical": "×2",
          "damageM": "1d3",
          "damageS": "1d2",
          "damageType": "Slashing",
          "encumbrance": "One-Handed",
          "name": "Whip",
          "range": "—",
          "value": 1,
          "weaponType": "Exotic",
          "weight": 2,
        },
        "recCnIhAdgFLDiBK8": Object {
          "category": "Weapon",
          "critical": "19–20/×2",
          "damageM": "1d10",
          "damageS": "1d8",
          "damageType": "Piercing",
          "encumbrance": "Ranged",
          "name": "Repeating Heavy Crossbow",
          "range": "120 ft.",
          "value": 400,
          "weaponType": "Exotic",
          "weight": 12,
        },
        "recDAXHjNpPpBuFsn": Object {
          "category": "Weapon",
          "critical": "×2",
          "damageType": "Slashing / Piercing",
          "encumbrance": "Light",
          "name": "Talons",
          "range": "—",
          "value": "",
          "weaponType": "Natural",
          "weight": "",
        },
        "recEvB3sNR0ywy0eu": Object {
          "category": "Weapon",
          "critical": "×3",
          "damageM": "2d4",
          "damageS": "1d6",
          "damageType": "Slashing",
          "encumbrance": "Two-Handed",
          "name": "Guisarme",
          "range": "—",
          "value": 9,
          "weaponType": "Martial",
          "weight": 12,
        },
        "recFAVnJfZ9TG5X29": Object {
          "category": "Weapon",
          "critical": "×3",
          "damageM": "1d8",
          "damageS": "1d6",
          "damageType": "Slashing",
          "encumbrance": "One-Handed",
          "name": "Battleaxe",
          "range": "—",
          "value": 10,
          "weaponType": "Martial",
          "weight": 6,
        },
        "recGlWG6qM0tD8JHx": Object {
          "category": "Weapon",
          "critical": "×2",
          "damageM": "1d3",
          "damageS": "1d2",
          "damageType": "Bludgeoning",
          "encumbrance": "Unarmed",
          "name": "Gauntlet",
          "range": "—",
          "value": 2,
          "weaponType": "Simple",
          "weight": 1,
        },
        "recHD8oBfQaeBHb81": Object {
          "category": "Weapon",
          "critical": "×4",
          "damageM": "1d6",
          "damageS": "1d4",
          "damageType": "Piercing",
          "encumbrance": "One-Handed",
          "name": "Heavy Pick",
          "range": "—",
          "value": 8,
          "weaponType": "Martial",
          "weight": 6,
        },
        "recHYmG2tmeSsKInk": Object {
          "category": "Weapon",
          "critical": "×2",
          "damageType": "Bludgeoning",
          "encumbrance": "Light",
          "name": "Tentacle",
          "value": "",
          "weaponType": "Natural",
          "weight": "",
        },
        "recJB7Jom5jyJfqwg": Object {
          "category": "Weapon",
          "critical": "×2",
          "damageM": "2d4",
          "damageS": "1d6",
          "damageType": "Piercing",
          "encumbrance": "Two-Handed",
          "name": "Spiked Chain",
          "range": "—",
          "value": 25,
          "weaponType": "Exotic",
          "weight": 10,
        },
        "recKW7AEx35ZzDDgj": Object {
          "category": "Weapon",
          "critical": "×2",
          "damageM": "1d6",
          "damageS": "1d4",
          "damageType": "Piercing",
          "encumbrance": "One-Handed",
          "name": "Shortspear",
          "range": "20 ft.",
          "value": 1,
          "weaponType": "Simple",
          "weight": 3,
        },
        "recKogDI571sIGJe8": Object {
          "category": "Weapon",
          "critical": "19–20/×2",
          "damageM": "1d10",
          "damageS": "1d8",
          "damageType": "Piercing",
          "encumbrance": "Ranged",
          "name": "Heavy Crossbow",
          "range": "120 ft.",
          "value": 50,
          "weaponType": "Simple",
          "weight": 8,
        },
        "recLA2TYeoO7FSYM7": Object {
          "category": "Ammunition",
          "critical": "—",
          "damageM": "—",
          "damageS": "—",
          "damageType": "—",
          "encumbrance": "Ranged",
          "name": "Bolt (Crossbow)",
          "range": "—",
          "value": 0.1,
          "weaponType": "Exotic",
          "weight": 0.1,
        },
        "recLCWZUrzv9vXDUa": Object {
          "category": "Weapon",
          "critical": "—",
          "damageM": "—",
          "damageS": "—",
          "damageType": "—",
          "encumbrance": "Ranged",
          "name": "Net",
          "range": "10 ft.",
          "value": 20,
          "weaponType": "Exotic",
          "weight": 6,
        },
        "recLRqDjOPFzbQOjq": Object {
          "category": "Weapon",
          "critical": "×2",
          "damageM": "1d8",
          "damageS": "1d6",
          "damageType": "Bludgeoning / Piercing",
          "encumbrance": "One-Handed",
          "name": "Morningstar",
          "range": "—",
          "value": 8,
          "weaponType": "Simple",
          "weight": 6,
        },
        "recLfMudQe4kgFhFH": Object {
          "category": "Weapon",
          "critical": "×2",
          "damageM": "1d6",
          "damageS": "1d4",
          "damageType": "Slashing",
          "encumbrance": "Light",
          "name": "Kama",
          "range": "—",
          "value": 2,
          "weaponType": "Exotic",
          "weight": 2,
        },
        "recLjsCOMiz7Gp1Pg": Object {
          "category": "Weapon",
          "critical": "×3",
          "damageM": "1d10",
          "damageS": "1d8",
          "damageType": "Slashing",
          "encumbrance": "One-Handed",
          "name": "Dwarven Waraxe",
          "range": "—",
          "value": 30,
          "weaponType": "Exotic",
          "weight": 8,
        },
        "recLpRWzprhOXDwrU": Object {
          "category": "Weapon",
          "critical": "18–20/×2",
          "damageM": "1d6",
          "damageS": "1d4",
          "damageType": "Piercing",
          "encumbrance": "One-Handed",
          "name": "Rapier",
          "range": "—",
          "value": 20,
          "weaponType": "Martial",
          "weight": 2,
        },
        "recMbCmpxjotB0VV7": Object {
          "category": "Weapon",
          "critical": "18–20/×2",
          "damageM": "1d4",
          "damageS": "1d3",
          "damageType": "Slashing",
          "encumbrance": "Light",
          "name": "Kukri",
          "range": "—",
          "value": 8,
          "weaponType": "Martial",
          "weight": 2,
        },
        "recNbhiub65qBJh76": Object {
          "category": "Weapon",
          "critical": "×3",
          "damageM": "1d8",
          "damageS": "1d6",
          "damageType": "Piercing",
          "encumbrance": "Two-Handed",
          "name": "Longspear",
          "range": "—",
          "value": 5,
          "weaponType": "Simple",
          "weight": 9,
        },
        "recNfkmUh5SEFUesV": Object {
          "category": "Weapon",
          "critical": "×2",
          "damageM": "1d6",
          "damageS": "1d4",
          "damageType": "Bludgeoning",
          "encumbrance": "Light",
          "name": "Light Mace",
          "range": "—",
          "value": 5,
          "weaponType": "Simple",
          "weight": 4,
        },
        "recNpXB1tw0qzel1M": Object {
          "category": "Weapon",
          "critical": "×2",
          "damageM": "1d4",
          "damageS": "1d3",
          "damageType": "Bludgeoning",
          "encumbrance": "Light",
          "name": "Light Hammer",
          "range": "20 ft.",
          "value": 1,
          "weaponType": "Martial",
          "weight": 2,
        },
        "recOvuth9QArkI54l": Object {
          "category": "Weapon",
          "critical": "19–20/×2",
          "damageM": "1d10",
          "damageS": "1d8",
          "damageType": "Slashing",
          "encumbrance": "One-Handed",
          "name": "Bastard Sword",
          "range": "—",
          "value": 35,
          "weaponType": "Exotic",
          "weight": 6,
        },
        "recOzNLJJONfYsYGz": Object {
          "category": "Weapon",
          "critical": "19–20/×2",
          "damageM": "2d6",
          "damageS": "1d10",
          "damageType": "Slashing",
          "encumbrance": "Two-Handed",
          "name": "Greatsword",
          "range": "—",
          "value": 50,
          "weaponType": "Martial",
          "weight": 8,
        },
        "recParpRbpmkp9Wod": Object {
          "category": "Weapon",
          "critical": "×2",
          "damageM": "1d4",
          "damageS": "1d3",
          "damageType": "Bludgeoning",
          "encumbrance": "Light",
          "name": "Sai",
          "range": "10 ft.",
          "value": 1,
          "weaponType": "Exotic",
          "weight": 1,
        },
        "recPvSRFFsWx1LbP7": Object {
          "category": "Weapon",
          "critical": "×2",
          "damageM": "1d6",
          "damageS": "1d4",
          "damageType": "Bludgeoning",
          "encumbrance": "Light",
          "name": "Nunchaku",
          "range": "—",
          "value": 2,
          "weaponType": "Exotic",
          "weight": 2,
        },
        "recQCWmEjsPEAoF0c": Object {
          "category": "Weapon",
          "critical": "×2",
          "damageM": "1d4",
          "damageS": "1d3",
          "damageType": "Piercing",
          "encumbrance": "Ranged",
          "name": "Dart",
          "range": "20 ft.",
          "value": 5,
          "weaponType": "Simple",
          "weight": 0.5,
        },
        "recQVTxj40pWDtm8Y": Object {
          "category": "Weapon",
          "critical": "19–20/×2",
          "damageM": "1d8/1d8",
          "damageS": "1d6/1d6",
          "damageType": "Slashing",
          "encumbrance": "Two-Handed",
          "name": "Two-Bladed Sword",
          "range": "—",
          "value": 100,
          "weaponType": "Exotic",
          "weight": 10,
        },
        "recRnQZ4tD1CSdVtl": Object {
          "category": "Clothing",
          "name": "Traveler's outfit",
          "value": 1,
          "weight": 5,
        },
        "recRrV57TGLtJi1dV": Object {
          "category": "Weapon",
          "critical": "×2",
          "damageM": "1d8",
          "damageS": "1d6",
          "damageType": "Bludgeoning",
          "encumbrance": "One-Handed",
          "name": "Heavy Mace",
          "range": "—",
          "value": 12,
          "weaponType": "Simple",
          "weight": 8,
        },
        "recSR6gCiAukUT92P": Object {
          "category": "Weapon",
          "critical": "×3",
          "damageM": "1d8/1d8",
          "damageS": "1d6/1d6",
          "damageType": "Slashing",
          "encumbrance": "Two-Handed",
          "name": "Orc Double Axe",
          "range": "—",
          "value": 60,
          "weaponType": "Exotic",
          "weight": 15,
        },
        "recSYqEwn9Uzr4mec": Object {
          "category": "Ammunition",
          "critical": "—",
          "damageM": "—",
          "damageS": "—",
          "damageType": "—",
          "encumbrance": "Ranged",
          "name": "Bolt (Repeating Crossbow)",
          "range": "—",
          "value": 0.2,
          "weaponType": "Exotic",
          "weight": 0.2,
        },
        "recSadi8CZ8meVUe1": Object {
          "armorBonus": 2,
          "category": "Shield",
          "critical": "×2",
          "damageM": "1d6",
          "damageS": "1d4",
          "damageType": "Piercing",
          "encumbrance": "One-Handed",
          "name": "Heavy Spiked Shield",
          "range": "—",
          "value": "",
          "weaponType": "Martial",
          "weight": "",
        },
        "recScg32IO6QTPViT": Object {
          "category": "Weapon",
          "critical": "×2",
          "damageM": "1d6",
          "damageS": "1d4",
          "damageType": "Piercing",
          "encumbrance": "Ranged",
          "name": "Javelin",
          "range": "30 ft.",
          "value": 1,
          "weaponType": "Simple",
          "weight": 2,
        },
        "recTZljdQNmdT0tfE": Object {
          "category": "Weapon",
          "critical": "×3",
          "damageM": "2d4",
          "damageS": "1d6",
          "damageType": "Piercing",
          "encumbrance": "Two-Handed",
          "name": "Ranseur",
          "range": "—",
          "value": 10,
          "weaponType": "Martial",
          "weight": 12,
        },
        "recThYVmRyKPtBVTv": Object {
          "category": "Clothing",
          "name": "Silk robe",
          "value": 5,
          "weight": 2,
        },
        "recTnEbBAzGtBfdbJ": Object {
          "category": "Misc",
          "name": "Waterskin",
          "value": 1,
          "weight": 4,
        },
        "recTxp2NBlNb2QC37": Object {
          "category": "Money",
          "name": "Copper Piece",
          "value": 0.01,
          "weight": 0.02,
        },
        "recUwzNk9na7jSQxQ": Object {
          "category": "Misc",
          "name": "Spell component pouch",
          "value": 5,
          "weight": 2,
        },
        "recVp9qZsA0E1MUr3": Object {
          "category": "Weapon",
          "critical": "×2",
          "damageM": "1d8",
          "damageS": "1d6",
          "damageType": "Bludgeoning",
          "encumbrance": "One-Handed",
          "name": "Flail",
          "range": "—",
          "value": 8,
          "weaponType": "Martial",
          "weight": 5,
        },
        "recW8flYHrD72BAk7": Object {
          "armorBonus": 7,
          "category": "Armor",
          "name": "Half-plate",
          "value": 600,
          "weight": "",
        },
        "recWQ2ml4RhoLtvik": Object {
          "category": "Weapon",
          "critical": "19–20/×2",
          "damageM": "1d8",
          "damageS": "1d6",
          "damageType": "Piercing",
          "encumbrance": "Ranged",
          "name": "Light Crossbow",
          "range": "80 ft.",
          "value": 35,
          "weaponType": "Simple",
          "weight": 4,
        },
        "recWrjoatwOuaSayt": Object {
          "category": "Weapon",
          "critical": "19–20/×2",
          "damageM": "1d8",
          "damageS": "1d6",
          "damageType": "Slashing",
          "encumbrance": "One-Handed",
          "name": "Longsword",
          "range": "—",
          "value": 15,
          "weaponType": "Martial",
          "weight": 4,
        },
        "recXOLsAZLyI0PAeT": Object {
          "category": "Weapon",
          "critical": "×2",
          "damageM": "1d6",
          "damageS": "1d4",
          "damageType": "Piercing",
          "encumbrance": "Light",
          "name": "Siangham",
          "range": "—",
          "value": 3,
          "weaponType": "Exotic",
          "weight": 1,
        },
        "recXSxRJI2r6eZ77y": Object {
          "armorBonus": 4,
          "category": "Armor",
          "maxDexBonus": 4,
          "name": "Chain shirt",
          "value": 100,
          "weight": "",
        },
        "recXzUW8Zh4kft34c": Object {
          "category": "Creature Part",
          "name": "Ivory tusk",
          "value": "",
          "weight": "",
        },
        "recYISSCN8m337WCk": Object {
          "category": "Ammunition",
          "critical": "—",
          "damageM": "—",
          "damageS": "—",
          "damageType": "—",
          "encumbrance": "Ranged",
          "name": "Bullet",
          "range": "—",
          "value": 0.1,
          "weaponType": "Simple",
          "weight": 0.5,
        },
        "recYbCE2i7AyxzHJz": Object {
          "category": "Weapon",
          "critical": "19–20/×2",
          "damageM": "1d10",
          "damageS": "1d8",
          "damageType": "Bludgeoning",
          "encumbrance": "Two-Handed",
          "name": "Heavy Flail",
          "range": "—",
          "value": 15,
          "weaponType": "Martial",
          "weight": 10,
        },
        "recYxygXLa4JSCOrl": Object {
          "category": "Misc",
          "name": "Rope, hemp",
          "value": "",
          "weight": "",
        },
        "recZ0cPuaD6obmPt6": Object {
          "category": "Weapon",
          "critical": "×3",
          "damageM": "1d6",
          "damageS": "1d4",
          "damageType": "Piercing",
          "encumbrance": "Ranged",
          "name": "Composite  Shortbow",
          "range": "70 ft.",
          "value": 75,
          "weaponType": "Martial",
          "weight": 2,
        },
        "recZBZ5DTJuo8Uaea": Object {
          "category": "Shield",
          "name": "Farsky's Elemental Shield",
          "value": "",
          "weight": 0.2,
        },
        "recbS5UzFUWtUqkPo": Object {
          "armorBonus": 1,
          "category": "Shield",
          "critical": "×2",
          "damageM": "1d4",
          "damageS": "1d3",
          "damageType": "Piercing",
          "encumbrance": "Light",
          "name": "Light Spiked Shield",
          "range": "—",
          "value": "",
          "weaponType": "Martial",
          "weight": "",
        },
        "recclEquKaEmbsVlx": Object {
          "category": "Weapon",
          "critical": "×3",
          "damageM": "1d8",
          "damageS": "1d6",
          "damageType": "Piercing",
          "encumbrance": "Two-Handed",
          "name": "Lance",
          "range": "—",
          "value": 10,
          "weaponType": "Martial",
          "weight": 10,
        },
        "reccpQwnC44OsrGBE": Object {
          "category": "Weapon",
          "critical": "×2",
          "damageM": "1d2",
          "damageS": "1",
          "damageType": "Piercing",
          "encumbrance": "Ranged",
          "name": "Shuriken",
          "range": "10 ft.",
          "value": 1,
          "weaponType": "Exotic",
          "weight": 0.1,
        },
        "recd96petEetM5NdO": Object {
          "category": "Weapon",
          "critical": "×2",
          "damageM": "1d3",
          "damageS": "1d2",
          "damageType": "Bludgeoning",
          "encumbrance": "Unarmed",
          "name": "Unarmed Strike",
          "range": "—",
          "value": "",
          "weaponType": "Simple",
          "weight": "",
        },
        "recdauUcanZYERAL0": Object {
          "category": "Creature Part",
          "name": "Displacer hide",
          "value": "",
          "weight": "",
        },
        "recdok7uDkyJPg6og": Object {
          "category": "Money",
          "name": "Gold Piece",
          "value": 1,
          "weight": 0.02,
        },
        "receFFMKpxA8xLcez": Object {
          "category": "Weapon",
          "critical": "×2",
          "damageM": "1d4",
          "damageType": "Slashing / Piercing",
          "encumbrance": "Light",
          "name": "Claws",
          "range": "—",
          "value": "",
          "weaponType": "Natural",
          "weight": "",
        },
        "receOmkviWX3nGzuV": Object {
          "armorBonus": 3,
          "category": "Armor",
          "maxDexBonus": 5,
          "name": "Studded leather",
          "value": 25,
          "weight": "",
        },
        "receolEOHvI7Gxxs5": Object {
          "category": "Weapon",
          "critical": "×3",
          "damageM": "1d8",
          "damageS": "1d6",
          "damageType": "Piercing",
          "encumbrance": "Ranged",
          "name": "Longbow",
          "range": "100 ft.",
          "value": 75,
          "weaponType": "Martial",
          "weight": 3,
        },
        "recg3hmuoYeY6Vd22": Object {
          "category": "Weapon",
          "critical": "×2",
          "damageM": "1d6",
          "damageS": "1d4",
          "damageType": "Bludgeoning",
          "encumbrance": "Light",
          "name": "Sap",
          "range": "—",
          "value": 1,
          "weaponType": "Martial",
          "weight": 2,
        },
        "recgILJu3DU1KVSh8": Object {
          "category": "Weapon",
          "critical": "×2",
          "damageM": "1d4",
          "damageS": "1d3",
          "damageType": "Bludgeoning",
          "encumbrance": "Ranged",
          "name": "Bolas",
          "range": "10 ft.",
          "value": 5,
          "weaponType": "Exotic",
          "weight": 2,
        },
        "recgMQNb7xQdJc2Wo": Object {
          "armorBonus": 8,
          "category": "Armor",
          "maxDexBonus": 1,
          "name": "Full plate",
          "value": 1500,
          "weight": "",
        },
        "recgl5p6sMpgzwWo9": Object {
          "category": "Weapon",
          "critical": "×2",
          "damageType": "Bludgeoning",
          "encumbrance": "Light",
          "name": "Slap/Slam",
          "range": "—",
          "value": "",
          "weaponType": "Natural",
          "weight": "",
        },
        "rechNRpsAvDuJu3zu": Object {
          "armorBonus": 1,
          "category": "Shield",
          "critical": "×2",
          "damageM": "1d3",
          "damageS": "1d2",
          "damageType": "Bludgeoning",
          "encumbrance": "Light",
          "name": "Light Shield",
          "range": "—",
          "value": "",
          "weaponType": "Martial",
          "weight": "",
        },
        "recjSV9JrWX3jestd": Object {
          "category": "Creature Part",
          "name": "Displacer tentacle",
          "value": "",
          "weight": "",
        },
        "reckMbImkYd1d2ZmH": Object {
          "category": "Weapon",
          "critical": "×3",
          "damageM": "1d8/1d6",
          "damageS": "1d6/1d4",
          "damageType": "Slashing / Piercing",
          "encumbrance": "Two-Handed",
          "name": "Dwarven Urgosh",
          "range": "—",
          "value": 50,
          "weaponType": "Exotic",
          "weight": 12,
        },
        "reckaU5QIgjZbVC1y": Object {
          "category": "Weapon",
          "critical": "×3",
          "damageM": "1d10",
          "damageS": "1d8",
          "damageType": "Slashing",
          "encumbrance": "Two-Handed",
          "name": "Glaive",
          "range": "—",
          "value": 8,
          "weaponType": "Martial",
          "weight": 10,
        },
        "reckinAA8j0zE1qYG": Object {
          "category": "Weapon",
          "critical": "19–20/×2",
          "damageM": "1d4",
          "damageS": "1d3",
          "damageType": "Piercing / Slashing",
          "encumbrance": "Light",
          "name": "Dagger",
          "range": "10 ft.",
          "value": 2,
          "weaponType": "Simple",
          "weight": 1,
        },
        "reckm5B8oTdvUJjzI": Object {
          "category": "Weapon",
          "critical": "×2",
          "damageM": "1d4",
          "damageS": "1d3",
          "damageType": "Bludgeoning",
          "encumbrance": "Ranged",
          "name": "Sling",
          "range": "50 ft.",
          "value": "",
          "weaponType": "Simple",
          "weight": "",
        },
        "reckrpTDGo1Z13XQu": Object {
          "category": "Weapon",
          "critical": "×3",
          "damageM": "1d6",
          "damageS": "1d4",
          "damageType": "Slashing",
          "encumbrance": "Light",
          "name": "Handaxe",
          "range": "—",
          "value": 6,
          "weaponType": "Martial",
          "weight": 3,
        },
        "reckwALiYfzmuSB3v": Object {
          "category": "Misc",
          "name": "Wizard's spellbook",
          "value": 15,
          "weight": 3,
        },
        "recl8vnhb1u28ROye": Object {
          "category": "Armor",
          "critical": "×2",
          "damageM": "1d6",
          "damageS": "1d4",
          "damageType": "Piercing",
          "encumbrance": "Light",
          "name": "Spiked Armor",
          "range": "—",
          "value": "",
          "weaponType": "Martial",
          "weight": "",
        },
        "reclm7rkhfFy5fwH8": Object {
          "category": "Weapon",
          "critical": "×3",
          "damageM": "1d4",
          "damageS": "1d3",
          "damageType": "Piercing",
          "encumbrance": "Light",
          "name": "Punching Dagger",
          "range": "—",
          "value": 2,
          "weaponType": "Simple",
          "weight": 1,
        },
        "reclzkJslpRPe3BuH": Object {
          "category": "Weapon",
          "critical": "×2",
          "damageType": "Piercing",
          "encumbrance": "Light",
          "name": "Gore",
          "range": "—",
          "value": "",
          "weaponType": "Natural",
          "weight": "",
        },
        "recmN3FqHCd5v6cOP": Object {
          "category": "Weapon",
          "critical": "×4",
          "damageM": "1d4",
          "damageS": "1d3",
          "damageType": "Piercing",
          "encumbrance": "Light",
          "name": "Light Pick",
          "range": "—",
          "value": 4,
          "weaponType": "Martial",
          "weight": 3,
        },
        "recnIPKR672TnSnYl": Object {
          "category": "Weapon",
          "critical": "19–20/×2",
          "damageM": "1d6",
          "damageS": "1d4",
          "damageType": "Slashing",
          "encumbrance": "Light",
          "name": "Shortsword",
          "range": "—",
          "value": 10,
          "weaponType": "Martial",
          "weight": 2,
        },
        "recnrbjHjcF6Zw3nM": Object {
          "category": "Weapon",
          "critical": "×4",
          "damageM": "2d4",
          "damageS": "1d6",
          "damageType": "Piercing / Slashing",
          "encumbrance": "Two-Handed",
          "name": "Scythe",
          "range": "—",
          "value": 18,
          "weaponType": "Martial",
          "weight": 10,
        },
        "recoEnfL2wwNnyS8v": Object {
          "category": "Weapon",
          "critical": "×3",
          "damageM": "1d10",
          "damageS": "1d8",
          "damageType": "Piercing / Slashing",
          "encumbrance": "Two-Handed",
          "name": "Halberd",
          "range": "—",
          "value": 10,
          "weaponType": "Martial",
          "weight": 12,
        },
        "recpb8WlBeCJbUryB": Object {
          "category": "Weapon",
          "critical": "18–20/×2",
          "damageM": "1d6",
          "damageS": "1d4",
          "damageType": "Slashing",
          "encumbrance": "One-Handed",
          "name": "Scimitar",
          "range": "—",
          "value": 15,
          "weaponType": "Martial",
          "weight": 4,
        },
        "recq504GUQ9cVjYrZ": Object {
          "category": "Weapon",
          "critical": "×2",
          "damageM": "1d6",
          "damageS": "1d4",
          "damageType": "Bludgeoning",
          "encumbrance": "One-Handed",
          "name": "Club",
          "range": "10 ft.",
          "value": "",
          "weaponType": "Simple",
          "weight": 3,
        },
        "recqJk1Xl657lul1U": Object {
          "armorBonus": 2,
          "category": "Shield",
          "critical": "×2",
          "damageM": "1d4",
          "damageS": "1d3",
          "damageType": "Bludgeoning",
          "encumbrance": "One-Handed",
          "name": "Heavy Wooden Shield",
          "range": "—",
          "value": 7,
          "weaponType": "Martial",
          "weight": "",
        },
        "recqlsMONgIQXwWbS": Object {
          "armorBonus": 6,
          "category": "Armor",
          "name": "Splint mail",
          "value": 200,
          "weight": "",
        },
        "recqrC4ryQIqntqvi": Object {
          "category": "Weapon",
          "critical": "×3",
          "damageM": "1d8",
          "damageS": "1d6",
          "damageType": "Piercing",
          "encumbrance": "Two-Handed",
          "name": "Spear",
          "range": "20 ft.",
          "value": 2,
          "weaponType": "Simple",
          "weight": 6,
        },
        "recqzAzbZksnBvBl3": Object {
          "armorBonus": 2,
          "category": "Armor",
          "maxDexBonus": 6,
          "name": "Leather",
          "value": 10,
          "weight": "",
        },
        "recrwMqSymePn4K1u": Object {
          "category": "Weapon",
          "critical": "×3",
          "damageM": "1d8",
          "damageS": "1d6",
          "damageType": "Piercing",
          "encumbrance": "Ranged",
          "name": "Composite Longbow",
          "range": "110 ft.",
          "value": 100,
          "weaponType": "Martial",
          "weight": 3,
        },
        "recsazWObkJ7lKpfy": Object {
          "category": "Weapon",
          "critical": "×3/×4",
          "damageM": "1d8/1d6",
          "damageS": "1d6/1d4",
          "damageType": "Bludgeoning / Piercing",
          "encumbrance": "Two-Handed",
          "name": "Gnome Hooked Hammer",
          "range": "—",
          "value": 20,
          "weaponType": "Exotic",
          "weight": 6,
        },
        "rectS2LFuBF2blTDs": Object {
          "category": "Weapon",
          "critical": "×2",
          "damageM": "1d10",
          "damageS": "1d8",
          "damageType": "Bludgeoning",
          "encumbrance": "Two-Handed",
          "name": "Greatclub",
          "range": "—",
          "value": 5,
          "weaponType": "Martial",
          "weight": 8,
        },
        "rectXokKb6CNfiL9w": Object {
          "category": "Money",
          "name": "Silver Piece",
          "value": 0.1,
          "weight": 0.02,
        },
        "rectaWcLJh5xbEyBf": Object {
          "category": "Weapon",
          "critical": "×2",
          "damageType": "Piercing",
          "encumbrance": "Light",
          "name": "Sting",
          "range": "—",
          "value": "",
          "weaponType": "Natural",
          "weight": "",
        },
        "rectukONY5k2HfJu2": Object {
          "category": "Misc",
          "name": "Rations",
          "value": 15,
          "weight": 3,
        },
        "recuMZnz4kks14Yku": Object {
          "armorBonus": 5,
          "category": "Armor",
          "maxDexBonus": 2,
          "name": "Chainmail",
          "value": 150,
          "weight": "",
        },
        "recuOEI8Mv3a4wKSG": Object {
          "category": "Weapon",
          "critical": "×2",
          "damageM": "1d6",
          "damageS": "1d4",
          "damageType": "Slashing",
          "encumbrance": "Light",
          "name": "Throwing Axe",
          "range": "10 ft.",
          "value": 8,
          "weaponType": "Martial",
          "weight": 2,
        },
        "recvMMCsdSJEpZmcK": Object {
          "armorBonus": 4,
          "category": "Shield",
          "maxDexBonus": 2,
          "name": "Tower Shield",
          "value": 30,
          "weight": "",
        },
        "recvNcEk3PNoStz2Z": Object {
          "category": "Ammunition",
          "critical": "—",
          "damageM": "—",
          "damageS": "—",
          "damageType": "—",
          "encumbrance": "Ranged",
          "name": "Arrow",
          "range": "—",
          "value": 0.05,
          "weaponType": "Martial",
          "weight": 0.15,
        },
        "recwC6fYdv3dGEbmX": Object {
          "category": "Weapon",
          "critical": "×2",
          "damageType": "Bludgeoning / Piercing / Slashing",
          "encumbrance": "Light",
          "name": "Bite",
          "range": "—",
          "value": "",
          "weaponType": "Natural",
          "weight": "",
        },
        "recxH2pD5DK23RSPb": Object {
          "category": "Creature Part",
          "name": "Boar tusk",
          "value": "",
          "weight": "",
        },
        "recyQ6dGLHiby0auM": Object {
          "category": "Weapon",
          "critical": "×2",
          "damageM": "1d8/1d8",
          "damageS": "1d6/1d6",
          "damageType": "Bludgeoning",
          "encumbrance": "Two-Handed",
          "name": "Dire Flail",
          "range": "—",
          "value": 90,
          "weaponType": "Exotic",
          "weight": 10,
        },
        "recz1UKhXvjxrG1cV": Object {
          "armorBonus": 3,
          "category": "Armor",
          "maxDexBonus": 4,
          "name": "Hide",
          "value": 15,
          "weight": "",
        },
        "reczHJRu1GImUfB8d": Object {
          "category": "Misc",
          "name": "Backpack",
          "value": 2,
          "weight": "",
        },
        "reczq2bvbYUKzykGa": Object {
          "category": "Weapon",
          "critical": "×3",
          "damageM": "1d6",
          "damageS": "1d4",
          "damageType": "Piercing",
          "encumbrance": "Ranged",
          "name": "Shortbow",
          "range": "60 ft.",
          "value": 30,
          "weaponType": "Martial",
          "weight": 2,
        },
      }
    }
    fieldName="equipment"
    selectedObjIds={Array []}
    setSelectedObjIds={[Function]}
  />
  <div
    className="divider"
  />
  <h4
    className="row--left"
  >
    Selected Equipment:
  </h4>
  <div
    className="form-grid--equipment"
  >
    <h5
      className="grid__col1"
    >
      Item
    </h5>
    <h5>
      Qty
    </h5>
    <div />
    <div />
  </div>
  <ItemModal
    handleCloseModal={[Function]}
    handleEquip={[Function]}
  />
  <FormikConnect(ErrorMessageImpl)
    className="row--left form-group--error"
    component="div"
    name="equipment"
  />
</div>
`;
