// Jest Snapshot v1, https://goo.gl/fbAQLP

exports[`should render CreatorFormIdentity correctly 1`] = `
<div>
  <div
    className="form-group--35"
  >
    <h4>
      Name:
    </h4>
    <div>
      <FormikConnect(FieldInner)
        className="text-input"
        name="name"
      />
      <FormikConnect(ErrorMessageImpl)
        className="form-group--error"
        component="div"
        name="name"
      />
    </div>
  </div>
  <div
    className="form-group--35"
  >
    <h4>
      Gender:
    </h4>
    <FormikConnect(FieldInner)
      className="select"
      component="select"
      name="gender"
    >
      <option
        value="Male"
      >
        Male
      </option>
      <option
        value="Female"
      >
        Female
      </option>
      <option
        value="Non-Binary"
      >
        Non-Binary
      </option>
    </FormikConnect(FieldInner)>
  </div>
  <div
    className="form-group--35"
  >
    <h4>
      Age:
    </h4>
    <div>
      <div
        className="input-group"
      >
        <FormikConnect(FieldInner)
          className="text-input"
          name="age"
          type="number"
        />
        <div>
           yrs
        </div>
      </div>
      <FormikConnect(ErrorMessageImpl)
        className="form-group--error"
        component="div"
        name="age"
      />
    </div>
  </div>
  <div
    className="form-group--35"
  >
    <h4>
      Height:
    </h4>
    <div>
      <div
        className="input-group"
      >
        <FormikConnect(FieldInner)
          className="text-input"
          name="height.ft"
          type="number"
        />
        <div>
          ft
        </div>
        <FormikConnect(FieldInner)
          className="text-input"
          name="height.in"
          type="number"
        />
        <div>
          in
        </div>
      </div>
      <div
        className="input-group"
      >
        <FormikConnect(ErrorMessageImpl)
          className="form-group--error"
          component="div"
          name="height.ft"
        />
        <FormikConnect(ErrorMessageImpl)
          className="form-group--error"
          component="div"
          name="height.in"
        />
      </div>
    </div>
  </div>
  <div
    className="form-group--35"
  >
    <h4>
      Weight:
    </h4>
    <div>
      <div
        className="input-group"
      >
        <FormikConnect(FieldInner)
          className="text-input"
          name="weight"
          type="number"
        />
        <div>
          lbs
        </div>
      </div>
      <FormikConnect(ErrorMessageImpl)
        className="form-group--error"
        component="div"
        name="weight"
      />
    </div>
  </div>
  <div
    className="divider"
  />
  <div
    className="form-group--35"
  >
    <h4>
      Race:
    </h4>
    <FormikConnect(FieldInner)
      className="select"
      component="select"
      name="race"
      onChange={[Function]}
    >
      <option
        key="race0"
        value="recOadObhQKOMa7f2"
      >
        Gray Elf
      </option>
      <option
        key="race1"
        value="recUDu56yAAHN3Ue3"
      >
        Half-Elf
      </option>
      <option
        key="race2"
        value="recWfP0nya01jKP44"
      >
        Half-Orc
      </option>
      <option
        key="race3"
        value="recw2GdtKxEQhIpGm"
      >
        High Elf
      </option>
      <option
        key="race4"
        value="recv3zpW98noaCctp"
      >
        Hill Dwarf
      </option>
      <option
        key="race5"
        value="recxyRHegDBrFYJP5"
      >
        Human
      </option>
      <option
        key="race6"
        value="recFEpQ9zuD9Yqu7l"
      >
        Lightfoot Halfling
      </option>
      <option
        key="race7"
        value="recrsiTIDAQXD6mCo"
      >
        Mountain Dwarf
      </option>
      <option
        key="race8"
        value="recoDD3gAaQXU3A56"
      >
        Orc
      </option>
      <option
        key="race9"
        value="recd3zkVkYKZJP92G"
      >
        Rock Gnome
      </option>
      <option
        key="race10"
        value="recGQmGZazcjLyEXv"
      >
        Wild Elf
      </option>
      <option
        key="race11"
        value="recEPV5rASoteAGoq"
      >
        Wood Elf
      </option>
    </FormikConnect(FieldInner)>
  </div>
  <div
    className="form-group--35 align-bottom"
  >
    <h4>
      Favored Class:
    </h4>
    <div>
      Wizard
    </div>
  </div>
  <div
    className="form-group--35"
  >
    <h4>
      Size:
    </h4>
    <div>
      Medium
    </div>
  </div>
  <div
    className="form-group--35"
  >
    <h4>
      Speed:
    </h4>
    <div>
      30
    </div>
  </div>
  <div
    className="form-group--35 align-bottom"
  >
    <h4>
      Racial Modifiers:
    </h4>
    <div>
      <div
        key="con,-2"
      >
        CON
        : 
        -2
      </div>
      <div
        key="dex,2"
      >
        DEX
        : 
        2
      </div>
      <div
        key="int,2"
      >
        INT
        : 
        2
      </div>
      <div
        key="str,-2"
      >
        STR
        : 
        -2
      </div>
    </div>
  </div>
  <div
    className="form-group--35 align-bottom"
  >
    <h4>
      Default Language(s):
    </h4>
    <div>
      Common, Elven
    </div>
  </div>
  <div
    className="form-group--35 align-top"
  >
    <h4>
      Bonus Languages:
    </h4>
    <div>
      Draconic, Gnoll, Gnome, Goblin, Orc, Sylvan
    </div>
  </div>
  <div
    className="form-group--35 align-top"
  >
    <h4>
      Racial Bonuses:
    </h4>
    <ul
      className="form-group__list"
    >
      <li
        key="racialBonus0"
      >
        Immunity to Sleep effects
      </li>
      <li
        key="racialBonus1"
      >
        +2 saving throw bonus against enchantment spells or effects
      </li>
      <li
        key="racialBonus2"
      >
        +2 on Listen, Search, and Spot checks. Merely passing within 5 feet of a secret or concealed door entitles a Search check to notice as if actively looking for it.
      </li>
    </ul>
  </div>
  <div
    className="form-group--35 align-top"
  >
    <h4>
      Special Abilities:
    </h4>
    <div>
      <Connect(SpecialAbilities)
        specialAbilityIds={
          Array [
            "recoVjIceMNsVyiqI",
          ]
        }
      />
    </div>
  </div>
</div>
`;
