// Jest Snapshot v1, https://goo.gl/fbAQLP

exports[`should render CreatorFormFooter 1`] = `
<footer
  className="footer"
>
  <div
    className="container footer__form"
  >
    <button
      className="button"
      disabled={false}
      id="nextButton"
      onClick={[Function]}
      type="button"
    >
      Next
    </button>
  </div>
</footer>
`;
