// Jest Snapshot v1, https://goo.gl/fbAQLP

exports[`should render CreatorFormSkills correctly 1`] = `
<div>
  <h3
    className="row--center"
  >
    Assign Skill Points
  </h3>
  <div
    className="row--center"
  >
    0
    /
    12
  </div>
  <FormikConnect(ErrorMessageImpl)
    className="row--center form-group--error"
    component="div"
    name="remainingSkillPoints"
  />
  <div
    className="form-grid--skills"
  >
    <h5
      className="grid__col1 form-grid__header"
    >
      Skill
    </h5>
    <h5
      className="grid__col3 form-grid__header"
    >
      Ranks
    </h5>
    <button
      className="grid__col1 button--link"
      onClick={[Function]}
      type="button"
    >
      Appraise
    </button>
    <button
      className="grid__col2 button"
      onClick={[Function]}
      type="button"
    >
      -
    </button>
    <FormikConnect(FieldInner)
      className="grid__col3 number-input"
      id="recfbplSsRmzNs68J"
      name="skillSet[0].ranks"
      type="number"
    />
    <button
      className="grid__col4 button"
      onClick={[Function]}
      type="button"
    >
      +
    </button>
    <button
      className="grid__col1 button--link"
      onClick={[Function]}
      type="button"
    >
      Balance
    </button>
    <button
      className="grid__col2 button"
      onClick={[Function]}
      type="button"
    >
      -
    </button>
    <FormikConnect(FieldInner)
      className="grid__col3 number-input"
      id="recoJ7dkAWtHAkj3v"
      name="skillSet[1].ranks"
      type="number"
    />
    <button
      className="grid__col4 button"
      onClick={[Function]}
      type="button"
    >
      +
    </button>
    <button
      className="grid__col1 button--link"
      onClick={[Function]}
      type="button"
    >
      Bluff
    </button>
    <button
      className="grid__col2 button"
      onClick={[Function]}
      type="button"
    >
      -
    </button>
    <FormikConnect(FieldInner)
      className="grid__col3 number-input"
      id="receAS7BsmBcC7E8F"
      name="skillSet[2].ranks"
      type="number"
    />
    <button
      className="grid__col4 button"
      onClick={[Function]}
      type="button"
    >
      +
    </button>
    <button
      className="grid__col1 button--link"
      onClick={[Function]}
      type="button"
    >
      Climb
    </button>
    <button
      className="grid__col2 button"
      onClick={[Function]}
      type="button"
    >
      -
    </button>
    <FormikConnect(FieldInner)
      className="grid__col3 number-input"
      id="recHCeKVn3CB0HcNA"
      name="skillSet[3].ranks"
      type="number"
    />
    <button
      className="grid__col4 button"
      onClick={[Function]}
      type="button"
    >
      +
    </button>
    <button
      className="grid__col1 button--link"
      onClick={[Function]}
      type="button"
    >
      Concentration
    </button>
    <button
      className="grid__col2 button"
      onClick={[Function]}
      type="button"
    >
      -
    </button>
    <FormikConnect(FieldInner)
      className="grid__col3 number-input"
      id="recs2EXcqiCIfwO0w"
      name="skillSet[4].ranks"
      type="number"
    />
    <button
      className="grid__col4 button"
      onClick={[Function]}
      type="button"
    >
      +
    </button>
    <button
      className="grid__col1 button--link"
      onClick={[Function]}
      type="button"
    >
      Control Shape
    </button>
    <button
      className="grid__col2 button"
      onClick={[Function]}
      type="button"
    >
      -
    </button>
    <FormikConnect(FieldInner)
      className="grid__col3 number-input"
      id="recqdfEOODraB7qh9"
      name="skillSet[5].ranks"
      type="number"
    />
    <button
      className="grid__col4 button"
      onClick={[Function]}
      type="button"
    >
      +
    </button>
    <button
      className="grid__col1 button--link"
      onClick={[Function]}
      type="button"
    >
      Craft
    </button>
    <button
      className="grid__col2 button"
      onClick={[Function]}
      type="button"
    >
      -
    </button>
    <FormikConnect(FieldInner)
      className="grid__col3 number-input"
      id="recarVBYogyLXGZbL"
      name="skillSet[6].ranks"
      type="number"
    />
    <button
      className="grid__col4 button"
      onClick={[Function]}
      type="button"
    >
      +
    </button>
    <button
      className="grid__col1 button--link"
      onClick={[Function]}
      type="button"
    >
      Craft (Alchemy)
    </button>
    <button
      className="grid__col2 button"
      onClick={[Function]}
      type="button"
    >
      -
    </button>
    <FormikConnect(FieldInner)
      className="grid__col3 number-input"
      id="rec4IPv9393lPD698"
      name="skillSet[7].ranks"
      type="number"
    />
    <button
      className="grid__col4 button"
      onClick={[Function]}
      type="button"
    >
      +
    </button>
    <button
      className="grid__col1 button--link"
      onClick={[Function]}
      type="button"
    >
      Craft (Armorsmithing)
    </button>
    <button
      className="grid__col2 button"
      onClick={[Function]}
      type="button"
    >
      -
    </button>
    <FormikConnect(FieldInner)
      className="grid__col3 number-input"
      id="recEmYhYo6I2y9gif"
      name="skillSet[8].ranks"
      type="number"
    />
    <button
      className="grid__col4 button"
      onClick={[Function]}
      type="button"
    >
      +
    </button>
    <button
      className="grid__col1 button--link"
      onClick={[Function]}
      type="button"
    >
      Craft (Basketweaving)
    </button>
    <button
      className="grid__col2 button"
      onClick={[Function]}
      type="button"
    >
      -
    </button>
    <FormikConnect(FieldInner)
      className="grid__col3 number-input"
      id="recAx3jxVlgcZKNMl"
      name="skillSet[9].ranks"
      type="number"
    />
    <button
      className="grid__col4 button"
      onClick={[Function]}
      type="button"
    >
      +
    </button>
    <button
      className="grid__col1 button--link"
      onClick={[Function]}
      type="button"
    >
      Craft (Blacksmithing)
    </button>
    <button
      className="grid__col2 button"
      onClick={[Function]}
      type="button"
    >
      -
    </button>
    <FormikConnect(FieldInner)
      className="grid__col3 number-input"
      id="recvLjAfquZMAP1UZ"
      name="skillSet[10].ranks"
      type="number"
    />
    <button
      className="grid__col4 button"
      onClick={[Function]}
      type="button"
    >
      +
    </button>
    <button
      className="grid__col1 button--link"
      onClick={[Function]}
      type="button"
    >
      Craft (Bookbinding)
    </button>
    <button
      className="grid__col2 button"
      onClick={[Function]}
      type="button"
    >
      -
    </button>
    <FormikConnect(FieldInner)
      className="grid__col3 number-input"
      id="recH11BTK0KjnAhzZ"
      name="skillSet[11].ranks"
      type="number"
    />
    <button
      className="grid__col4 button"
      onClick={[Function]}
      type="button"
    >
      +
    </button>
    <button
      className="grid__col1 button--link"
      onClick={[Function]}
      type="button"
    >
      Craft (Bowmaking)
    </button>
    <button
      className="grid__col2 button"
      onClick={[Function]}
      type="button"
    >
      -
    </button>
    <FormikConnect(FieldInner)
      className="grid__col3 number-input"
      id="recWvqxSvh0uCFg2B"
      name="skillSet[12].ranks"
      type="number"
    />
    <button
      className="grid__col4 button"
      onClick={[Function]}
      type="button"
    >
      +
    </button>
    <button
      className="grid__col1 button--link"
      onClick={[Function]}
      type="button"
    >
      Craft (Carpentry)
    </button>
    <button
      className="grid__col2 button"
      onClick={[Function]}
      type="button"
    >
      -
    </button>
    <FormikConnect(FieldInner)
      className="grid__col3 number-input"
      id="recmnjoHP6kndRxqj"
      name="skillSet[13].ranks"
      type="number"
    />
    <button
      className="grid__col4 button"
      onClick={[Function]}
      type="button"
    >
      +
    </button>
    <button
      className="grid__col1 button--link"
      onClick={[Function]}
      type="button"
    >
      Craft (Cartography)
    </button>
    <button
      className="grid__col2 button"
      onClick={[Function]}
      type="button"
    >
      -
    </button>
    <FormikConnect(FieldInner)
      className="grid__col3 number-input"
      id="recEAKUUXhr4U1nO2"
      name="skillSet[14].ranks"
      type="number"
    />
    <button
      className="grid__col4 button"
      onClick={[Function]}
      type="button"
    >
      +
    </button>
    <button
      className="grid__col1 button--link"
      onClick={[Function]}
      type="button"
    >
      Craft (Gemcutting)
    </button>
    <button
      className="grid__col2 button"
      onClick={[Function]}
      type="button"
    >
      -
    </button>
    <FormikConnect(FieldInner)
      className="grid__col3 number-input"
      id="recSmM5yp0JtFBj9G"
      name="skillSet[15].ranks"
      type="number"
    />
    <button
      className="grid__col4 button"
      onClick={[Function]}
      type="button"
    >
      +
    </button>
    <button
      className="grid__col1 button--link"
      onClick={[Function]}
      type="button"
    >
      Craft (Leatherworking)
    </button>
    <button
      className="grid__col2 button"
      onClick={[Function]}
      type="button"
    >
      -
    </button>
    <FormikConnect(FieldInner)
      className="grid__col3 number-input"
      id="recVH6z5Dym5m5YKU"
      name="skillSet[16].ranks"
      type="number"
    />
    <button
      className="grid__col4 button"
      onClick={[Function]}
      type="button"
    >
      +
    </button>
    <button
      className="grid__col1 button--link"
      onClick={[Function]}
      type="button"
    >
      Craft (Locksmithing)
    </button>
    <button
      className="grid__col2 button"
      onClick={[Function]}
      type="button"
    >
      -
    </button>
    <FormikConnect(FieldInner)
      className="grid__col3 number-input"
      id="rectEPpTNOrY0peqv"
      name="skillSet[17].ranks"
      type="number"
    />
    <button
      className="grid__col4 button"
      onClick={[Function]}
      type="button"
    >
      +
    </button>
    <button
      className="grid__col1 button--link"
      onClick={[Function]}
      type="button"
    >
      Craft (Metalworking)
    </button>
    <button
      className="grid__col2 button"
      onClick={[Function]}
      type="button"
    >
      -
    </button>
    <FormikConnect(FieldInner)
      className="grid__col3 number-input"
      id="recHIE0od76pB2Zdr"
      name="skillSet[18].ranks"
      type="number"
    />
    <button
      className="grid__col4 button"
      onClick={[Function]}
      type="button"
    >
      +
    </button>
    <button
      className="grid__col1 button--link"
      onClick={[Function]}
      type="button"
    >
      Craft (Poisonmaking)
    </button>
    <button
      className="grid__col2 button"
      onClick={[Function]}
      type="button"
    >
      -
    </button>
    <FormikConnect(FieldInner)
      className="grid__col3 number-input"
      id="recG2T5BZ4S6IDdl5"
      name="skillSet[19].ranks"
      type="number"
    />
    <button
      className="grid__col4 button"
      onClick={[Function]}
      type="button"
    >
      +
    </button>
    <button
      className="grid__col1 button--link"
      onClick={[Function]}
      type="button"
    >
      Craft (Sculpting)
    </button>
    <button
      className="grid__col2 button"
      onClick={[Function]}
      type="button"
    >
      -
    </button>
    <FormikConnect(FieldInner)
      className="grid__col3 number-input"
      id="recBo1qOJpRIzQI23"
      name="skillSet[20].ranks"
      type="number"
    />
    <button
      className="grid__col4 button"
      onClick={[Function]}
      type="button"
    >
      +
    </button>
    <button
      className="grid__col1 button--link"
      onClick={[Function]}
      type="button"
    >
      Craft (Shipmaking)
    </button>
    <button
      className="grid__col2 button"
      onClick={[Function]}
      type="button"
    >
      -
    </button>
    <FormikConnect(FieldInner)
      className="grid__col3 number-input"
      id="recsSfJvTZAutAumH"
      name="skillSet[21].ranks"
      type="number"
    />
    <button
      className="grid__col4 button"
      onClick={[Function]}
      type="button"
    >
      +
    </button>
    <button
      className="grid__col1 button--link"
      onClick={[Function]}
      type="button"
    >
      Craft (Stonemasonry)
    </button>
    <button
      className="grid__col2 button"
      onClick={[Function]}
      type="button"
    >
      -
    </button>
    <FormikConnect(FieldInner)
      className="grid__col3 number-input"
      id="recB7HmaysbQ5AB7W"
      name="skillSet[22].ranks"
      type="number"
    />
    <button
      className="grid__col4 button"
      onClick={[Function]}
      type="button"
    >
      +
    </button>
    <button
      className="grid__col1 button--link"
      onClick={[Function]}
      type="button"
    >
      Craft (Trapmaking)
    </button>
    <button
      className="grid__col2 button"
      onClick={[Function]}
      type="button"
    >
      -
    </button>
    <FormikConnect(FieldInner)
      className="grid__col3 number-input"
      id="rec6cwGfbfYKsMgu9"
      name="skillSet[23].ranks"
      type="number"
    />
    <button
      className="grid__col4 button"
      onClick={[Function]}
      type="button"
    >
      +
    </button>
    <button
      className="grid__col1 button--link"
      onClick={[Function]}
      type="button"
    >
      Craft (Weaponsmithing)
    </button>
    <button
      className="grid__col2 button"
      onClick={[Function]}
      type="button"
    >
      -
    </button>
    <FormikConnect(FieldInner)
      className="grid__col3 number-input"
      id="recoXbCCn1Ywd98er"
      name="skillSet[24].ranks"
      type="number"
    />
    <button
      className="grid__col4 button"
      onClick={[Function]}
      type="button"
    >
      +
    </button>
    <button
      className="grid__col1 button--link"
      onClick={[Function]}
      type="button"
    >
      Craft (Winemaking)
    </button>
    <button
      className="grid__col2 button"
      onClick={[Function]}
      type="button"
    >
      -
    </button>
    <FormikConnect(FieldInner)
      className="grid__col3 number-input"
      id="recnL1uGh9WV7rsb4"
      name="skillSet[25].ranks"
      type="number"
    />
    <button
      className="grid__col4 button"
      onClick={[Function]}
      type="button"
    >
      +
    </button>
    <button
      className="grid__col1 button--link"
      onClick={[Function]}
      type="button"
    >
      Craft (Woodmaking)
    </button>
    <button
      className="grid__col2 button"
      onClick={[Function]}
      type="button"
    >
      -
    </button>
    <FormikConnect(FieldInner)
      className="grid__col3 number-input"
      id="recOmbO5sJoq3nBCb"
      name="skillSet[26].ranks"
      type="number"
    />
    <button
      className="grid__col4 button"
      onClick={[Function]}
      type="button"
    >
      +
    </button>
    <button
      className="grid__col1 button--link"
      onClick={[Function]}
      type="button"
    >
      Decipher Script
    </button>
    <button
      className="grid__col2 button"
      onClick={[Function]}
      type="button"
    >
      -
    </button>
    <FormikConnect(FieldInner)
      className="grid__col3 number-input"
      id="recpW9gp8pvjB3xNx"
      name="skillSet[27].ranks"
      type="number"
    />
    <button
      className="grid__col4 button"
      onClick={[Function]}
      type="button"
    >
      +
    </button>
    <button
      className="grid__col1 button--link"
      onClick={[Function]}
      type="button"
    >
      Diplomacy
    </button>
    <button
      className="grid__col2 button"
      onClick={[Function]}
      type="button"
    >
      -
    </button>
    <FormikConnect(FieldInner)
      className="grid__col3 number-input"
      id="recgEkTIdmKmm2CMg"
      name="skillSet[28].ranks"
      type="number"
    />
    <button
      className="grid__col4 button"
      onClick={[Function]}
      type="button"
    >
      +
    </button>
    <button
      className="grid__col1 button--link"
      onClick={[Function]}
      type="button"
    >
      Disable Device
    </button>
    <button
      className="grid__col2 button"
      onClick={[Function]}
      type="button"
    >
      -
    </button>
    <FormikConnect(FieldInner)
      className="grid__col3 number-input"
      id="recyjyOiPBvN3tfAJ"
      name="skillSet[29].ranks"
      type="number"
    />
    <button
      className="grid__col4 button"
      onClick={[Function]}
      type="button"
    >
      +
    </button>
    <button
      className="grid__col1 button--link"
      onClick={[Function]}
      type="button"
    >
      Disguise
    </button>
    <button
      className="grid__col2 button"
      onClick={[Function]}
      type="button"
    >
      -
    </button>
    <FormikConnect(FieldInner)
      className="grid__col3 number-input"
      id="recCZ9DEKgfsXycmy"
      name="skillSet[30].ranks"
      type="number"
    />
    <button
      className="grid__col4 button"
      onClick={[Function]}
      type="button"
    >
      +
    </button>
    <button
      className="grid__col1 button--link"
      onClick={[Function]}
      type="button"
    >
      Escape Artist
    </button>
    <button
      className="grid__col2 button"
      onClick={[Function]}
      type="button"
    >
      -
    </button>
    <FormikConnect(FieldInner)
      className="grid__col3 number-input"
      id="recHxvWXMSniViiqd"
      name="skillSet[31].ranks"
      type="number"
    />
    <button
      className="grid__col4 button"
      onClick={[Function]}
      type="button"
    >
      +
    </button>
    <button
      className="grid__col1 button--link"
      onClick={[Function]}
      type="button"
    >
      Forgery
    </button>
    <button
      className="grid__col2 button"
      onClick={[Function]}
      type="button"
    >
      -
    </button>
    <FormikConnect(FieldInner)
      className="grid__col3 number-input"
      id="recGi6UgdF7MoNCkp"
      name="skillSet[32].ranks"
      type="number"
    />
    <button
      className="grid__col4 button"
      onClick={[Function]}
      type="button"
    >
      +
    </button>
    <button
      className="grid__col1 button--link"
      onClick={[Function]}
      type="button"
    >
      Gather Information
    </button>
    <button
      className="grid__col2 button"
      onClick={[Function]}
      type="button"
    >
      -
    </button>
    <FormikConnect(FieldInner)
      className="grid__col3 number-input"
      id="rec4pj2E8b0WjzNqv"
      name="skillSet[33].ranks"
      type="number"
    />
    <button
      className="grid__col4 button"
      onClick={[Function]}
      type="button"
    >
      +
    </button>
    <button
      className="grid__col1 button--link"
      onClick={[Function]}
      type="button"
    >
      Handle Animal
    </button>
    <button
      className="grid__col2 button"
      onClick={[Function]}
      type="button"
    >
      -
    </button>
    <FormikConnect(FieldInner)
      className="grid__col3 number-input"
      id="recpvXWqa1YwKeKwR"
      name="skillSet[34].ranks"
      type="number"
    />
    <button
      className="grid__col4 button"
      onClick={[Function]}
      type="button"
    >
      +
    </button>
    <button
      className="grid__col1 button--link"
      onClick={[Function]}
      type="button"
    >
      Heal
    </button>
    <button
      className="grid__col2 button"
      onClick={[Function]}
      type="button"
    >
      -
    </button>
    <FormikConnect(FieldInner)
      className="grid__col3 number-input"
      id="recSQO07K9J7n2aqm"
      name="skillSet[35].ranks"
      type="number"
    />
    <button
      className="grid__col4 button"
      onClick={[Function]}
      type="button"
    >
      +
    </button>
    <button
      className="grid__col1 button--link"
      onClick={[Function]}
      type="button"
    >
      Hide
    </button>
    <button
      className="grid__col2 button"
      onClick={[Function]}
      type="button"
    >
      -
    </button>
    <FormikConnect(FieldInner)
      className="grid__col3 number-input"
      id="recy3IyewUgbnDfYj"
      name="skillSet[36].ranks"
      type="number"
    />
    <button
      className="grid__col4 button"
      onClick={[Function]}
      type="button"
    >
      +
    </button>
    <button
      className="grid__col1 button--link"
      onClick={[Function]}
      type="button"
    >
      Intimidate
    </button>
    <button
      className="grid__col2 button"
      onClick={[Function]}
      type="button"
    >
      -
    </button>
    <FormikConnect(FieldInner)
      className="grid__col3 number-input"
      id="recR81Dp0OwgiVoOQ"
      name="skillSet[37].ranks"
      type="number"
    />
    <button
      className="grid__col4 button"
      onClick={[Function]}
      type="button"
    >
      +
    </button>
    <button
      className="grid__col1 button--link"
      onClick={[Function]}
      type="button"
    >
      Jump
    </button>
    <button
      className="grid__col2 button"
      onClick={[Function]}
      type="button"
    >
      -
    </button>
    <FormikConnect(FieldInner)
      className="grid__col3 number-input"
      id="recUOhivyrja9T0cx"
      name="skillSet[38].ranks"
      type="number"
    />
    <button
      className="grid__col4 button"
      onClick={[Function]}
      type="button"
    >
      +
    </button>
    <button
      className="grid__col1 button--link"
      onClick={[Function]}
      type="button"
    >
      Knowledge
    </button>
    <button
      className="grid__col2 button"
      onClick={[Function]}
      type="button"
    >
      -
    </button>
    <FormikConnect(FieldInner)
      className="grid__col3 number-input"
      id="recQ1KZDskE9AyOco"
      name="skillSet[39].ranks"
      type="number"
    />
    <button
      className="grid__col4 button"
      onClick={[Function]}
      type="button"
    >
      +
    </button>
    <button
      className="grid__col1 button--link"
      onClick={[Function]}
      type="button"
    >
      Knowledge (Arcana)
    </button>
    <button
      className="grid__col2 button"
      onClick={[Function]}
      type="button"
    >
      -
    </button>
    <FormikConnect(FieldInner)
      className="grid__col3 number-input"
      id="recwBpBVzH8jHU4dA"
      name="skillSet[40].ranks"
      type="number"
    />
    <button
      className="grid__col4 button"
      onClick={[Function]}
      type="button"
    >
      +
    </button>
    <button
      className="grid__col1 button--link"
      onClick={[Function]}
      type="button"
    >
      Knowledge (Arch. & Eng.)
    </button>
    <button
      className="grid__col2 button"
      onClick={[Function]}
      type="button"
    >
      -
    </button>
    <FormikConnect(FieldInner)
      className="grid__col3 number-input"
      id="reczBb3MXowou3YLJ"
      name="skillSet[41].ranks"
      type="number"
    />
    <button
      className="grid__col4 button"
      onClick={[Function]}
      type="button"
    >
      +
    </button>
    <button
      className="grid__col1 button--link"
      onClick={[Function]}
      type="button"
    >
      Knowledge (Dungeoneering)
    </button>
    <button
      className="grid__col2 button"
      onClick={[Function]}
      type="button"
    >
      -
    </button>
    <FormikConnect(FieldInner)
      className="grid__col3 number-input"
      id="reci8EaYYxLbj4AHZ"
      name="skillSet[42].ranks"
      type="number"
    />
    <button
      className="grid__col4 button"
      onClick={[Function]}
      type="button"
    >
      +
    </button>
    <button
      className="grid__col1 button--link"
      onClick={[Function]}
      type="button"
    >
      Knowledge (Geography)
    </button>
    <button
      className="grid__col2 button"
      onClick={[Function]}
      type="button"
    >
      -
    </button>
    <FormikConnect(FieldInner)
      className="grid__col3 number-input"
      id="recmjr1ac3bAutWOI"
      name="skillSet[43].ranks"
      type="number"
    />
    <button
      className="grid__col4 button"
      onClick={[Function]}
      type="button"
    >
      +
    </button>
    <button
      className="grid__col1 button--link"
      onClick={[Function]}
      type="button"
    >
      Knowledge (History)
    </button>
    <button
      className="grid__col2 button"
      onClick={[Function]}
      type="button"
    >
      -
    </button>
    <FormikConnect(FieldInner)
      className="grid__col3 number-input"
      id="recWhS0fb7B3mNVhk"
      name="skillSet[44].ranks"
      type="number"
    />
    <button
      className="grid__col4 button"
      onClick={[Function]}
      type="button"
    >
      +
    </button>
    <button
      className="grid__col1 button--link"
      onClick={[Function]}
      type="button"
    >
      Knowledge (Local)
    </button>
    <button
      className="grid__col2 button"
      onClick={[Function]}
      type="button"
    >
      -
    </button>
    <FormikConnect(FieldInner)
      className="grid__col3 number-input"
      id="rec0OGasNQdFrl2oJ"
      name="skillSet[45].ranks"
      type="number"
    />
    <button
      className="grid__col4 button"
      onClick={[Function]}
      type="button"
    >
      +
    </button>
    <button
      className="grid__col1 button--link"
      onClick={[Function]}
      type="button"
    >
      Knowledge (Nature)
    </button>
    <button
      className="grid__col2 button"
      onClick={[Function]}
      type="button"
    >
      -
    </button>
    <FormikConnect(FieldInner)
      className="grid__col3 number-input"
      id="reclsS5mcdL9OZhFu"
      name="skillSet[46].ranks"
      type="number"
    />
    <button
      className="grid__col4 button"
      onClick={[Function]}
      type="button"
    >
      +
    </button>
    <button
      className="grid__col1 button--link"
      onClick={[Function]}
      type="button"
    >
      Knowledge (Nobility & Royalty)
    </button>
    <button
      className="grid__col2 button"
      onClick={[Function]}
      type="button"
    >
      -
    </button>
    <FormikConnect(FieldInner)
      className="grid__col3 number-input"
      id="rec4ebDaqFUCuHtqf"
      name="skillSet[47].ranks"
      type="number"
    />
    <button
      className="grid__col4 button"
      onClick={[Function]}
      type="button"
    >
      +
    </button>
    <button
      className="grid__col1 button--link"
      onClick={[Function]}
      type="button"
    >
      Knowledge (Psionics)
    </button>
    <button
      className="grid__col2 button"
      onClick={[Function]}
      type="button"
    >
      -
    </button>
    <FormikConnect(FieldInner)
      className="grid__col3 number-input"
      id="recLWemjNw9SD1Aeo"
      name="skillSet[48].ranks"
      type="number"
    />
    <button
      className="grid__col4 button"
      onClick={[Function]}
      type="button"
    >
      +
    </button>
    <button
      className="grid__col1 button--link"
      onClick={[Function]}
      type="button"
    >
      Knowledge (Religion)
    </button>
    <button
      className="grid__col2 button"
      onClick={[Function]}
      type="button"
    >
      -
    </button>
    <FormikConnect(FieldInner)
      className="grid__col3 number-input"
      id="rechkULET5LFTAJqA"
      name="skillSet[49].ranks"
      type="number"
    />
    <button
      className="grid__col4 button"
      onClick={[Function]}
      type="button"
    >
      +
    </button>
    <button
      className="grid__col1 button--link"
      onClick={[Function]}
      type="button"
    >
      Knowledge (The Planes)
    </button>
    <button
      className="grid__col2 button"
      onClick={[Function]}
      type="button"
    >
      -
    </button>
    <FormikConnect(FieldInner)
      className="grid__col3 number-input"
      id="reczRwzmPQa4EAS52"
      name="skillSet[50].ranks"
      type="number"
    />
    <button
      className="grid__col4 button"
      onClick={[Function]}
      type="button"
    >
      +
    </button>
    <button
      className="grid__col1 button--link"
      onClick={[Function]}
      type="button"
    >
      Listen
    </button>
    <button
      className="grid__col2 button"
      onClick={[Function]}
      type="button"
    >
      -
    </button>
    <FormikConnect(FieldInner)
      className="grid__col3 number-input"
      id="rec5I8HeM6Vdy5bF9"
      name="skillSet[51].ranks"
      type="number"
    />
    <button
      className="grid__col4 button"
      onClick={[Function]}
      type="button"
    >
      +
    </button>
    <button
      className="grid__col1 button--link"
      onClick={[Function]}
      type="button"
    >
      Literacy
    </button>
    <button
      className="grid__col2 button"
      onClick={[Function]}
      type="button"
    >
      -
    </button>
    <FormikConnect(FieldInner)
      className="grid__col3 number-input"
      id="recN8ol3EXZCtf6yN"
      name="skillSet[52].ranks"
      type="number"
    />
    <button
      className="grid__col4 button"
      onClick={[Function]}
      type="button"
    >
      +
    </button>
    <button
      className="grid__col1 button--link"
      onClick={[Function]}
      type="button"
    >
      Move Silently
    </button>
    <button
      className="grid__col2 button"
      onClick={[Function]}
      type="button"
    >
      -
    </button>
    <FormikConnect(FieldInner)
      className="grid__col3 number-input"
      id="recdOzmkKhsU7AOTY"
      name="skillSet[53].ranks"
      type="number"
    />
    <button
      className="grid__col4 button"
      onClick={[Function]}
      type="button"
    >
      +
    </button>
    <button
      className="grid__col1 button--link"
      onClick={[Function]}
      type="button"
    >
      Open Lock
    </button>
    <button
      className="grid__col2 button"
      onClick={[Function]}
      type="button"
    >
      -
    </button>
    <FormikConnect(FieldInner)
      className="grid__col3 number-input"
      id="recF1EBT1t1HZ5hWA"
      name="skillSet[54].ranks"
      type="number"
    />
    <button
      className="grid__col4 button"
      onClick={[Function]}
      type="button"
    >
      +
    </button>
    <button
      className="grid__col1 button--link"
      onClick={[Function]}
      type="button"
    >
      Perform
    </button>
    <button
      className="grid__col2 button"
      onClick={[Function]}
      type="button"
    >
      -
    </button>
    <FormikConnect(FieldInner)
      className="grid__col3 number-input"
      id="rec6d9ZVTzuYL8A1v"
      name="skillSet[55].ranks"
      type="number"
    />
    <button
      className="grid__col4 button"
      onClick={[Function]}
      type="button"
    >
      +
    </button>
    <button
      className="grid__col1 button--link"
      onClick={[Function]}
      type="button"
    >
      Profession
    </button>
    <button
      className="grid__col2 button"
      onClick={[Function]}
      type="button"
    >
      -
    </button>
    <FormikConnect(FieldInner)
      className="grid__col3 number-input"
      id="recoWhih3MEmwMizK"
      name="skillSet[56].ranks"
      type="number"
    />
    <button
      className="grid__col4 button"
      onClick={[Function]}
      type="button"
    >
      +
    </button>
    <button
      className="grid__col1 button--link"
      onClick={[Function]}
      type="button"
    >
      Ride
    </button>
    <button
      className="grid__col2 button"
      onClick={[Function]}
      type="button"
    >
      -
    </button>
    <FormikConnect(FieldInner)
      className="grid__col3 number-input"
      id="recr3rhqMlWvhSbrf"
      name="skillSet[57].ranks"
      type="number"
    />
    <button
      className="grid__col4 button"
      onClick={[Function]}
      type="button"
    >
      +
    </button>
    <button
      className="grid__col1 button--link"
      onClick={[Function]}
      type="button"
    >
      Search
    </button>
    <button
      className="grid__col2 button"
      onClick={[Function]}
      type="button"
    >
      -
    </button>
    <FormikConnect(FieldInner)
      className="grid__col3 number-input"
      id="recjVSd56CN9gP3gW"
      name="skillSet[58].ranks"
      type="number"
    />
    <button
      className="grid__col4 button"
      onClick={[Function]}
      type="button"
    >
      +
    </button>
    <button
      className="grid__col1 button--link"
      onClick={[Function]}
      type="button"
    >
      Sense Motive
    </button>
    <button
      className="grid__col2 button"
      onClick={[Function]}
      type="button"
    >
      -
    </button>
    <FormikConnect(FieldInner)
      className="grid__col3 number-input"
      id="recHtXJPVBrK3cTis"
      name="skillSet[59].ranks"
      type="number"
    />
    <button
      className="grid__col4 button"
      onClick={[Function]}
      type="button"
    >
      +
    </button>
    <button
      className="grid__col1 button--link"
      onClick={[Function]}
      type="button"
    >
      Sleight of Hand
    </button>
    <button
      className="grid__col2 button"
      onClick={[Function]}
      type="button"
    >
      -
    </button>
    <FormikConnect(FieldInner)
      className="grid__col3 number-input"
      id="recdmhKoNL9Y2dLt8"
      name="skillSet[60].ranks"
      type="number"
    />
    <button
      className="grid__col4 button"
      onClick={[Function]}
      type="button"
    >
      +
    </button>
    <button
      className="grid__col1 button--link"
      onClick={[Function]}
      type="button"
    >
      Speak Language
    </button>
    <button
      className="grid__col2 button"
      onClick={[Function]}
      type="button"
    >
      -
    </button>
    <FormikConnect(FieldInner)
      className="grid__col3 number-input"
      id="rec7AWu5YzehcVUDy"
      name="skillSet[61].ranks"
      type="number"
    />
    <button
      className="grid__col4 button"
      onClick={[Function]}
      type="button"
    >
      +
    </button>
    <button
      className="grid__col1 button--link"
      onClick={[Function]}
      type="button"
    >
      Spellcraft
    </button>
    <button
      className="grid__col2 button"
      onClick={[Function]}
      type="button"
    >
      -
    </button>
    <FormikConnect(FieldInner)
      className="grid__col3 number-input"
      id="recgUrxwubjripYGQ"
      name="skillSet[62].ranks"
      type="number"
    />
    <button
      className="grid__col4 button"
      onClick={[Function]}
      type="button"
    >
      +
    </button>
    <button
      className="grid__col1 button--link"
      onClick={[Function]}
      type="button"
    >
      Spot
    </button>
    <button
      className="grid__col2 button"
      onClick={[Function]}
      type="button"
    >
      -
    </button>
    <FormikConnect(FieldInner)
      className="grid__col3 number-input"
      id="recRRUvksO0HXqoll"
      name="skillSet[63].ranks"
      type="number"
    />
    <button
      className="grid__col4 button"
      onClick={[Function]}
      type="button"
    >
      +
    </button>
    <button
      className="grid__col1 button--link"
      onClick={[Function]}
      type="button"
    >
      Survival
    </button>
    <button
      className="grid__col2 button"
      onClick={[Function]}
      type="button"
    >
      -
    </button>
    <FormikConnect(FieldInner)
      className="grid__col3 number-input"
      id="recdHULspmu9aeDin"
      name="skillSet[64].ranks"
      type="number"
    />
    <button
      className="grid__col4 button"
      onClick={[Function]}
      type="button"
    >
      +
    </button>
    <button
      className="grid__col1 button--link"
      onClick={[Function]}
      type="button"
    >
      Swim
    </button>
    <button
      className="grid__col2 button"
      onClick={[Function]}
      type="button"
    >
      -
    </button>
    <FormikConnect(FieldInner)
      className="grid__col3 number-input"
      id="rec1xorrcc2QO41Pt"
      name="skillSet[65].ranks"
      type="number"
    />
    <button
      className="grid__col4 button"
      onClick={[Function]}
      type="button"
    >
      +
    </button>
    <button
      className="grid__col1 button--link"
      onClick={[Function]}
      type="button"
    >
      Tumble
    </button>
    <button
      className="grid__col2 button"
      onClick={[Function]}
      type="button"
    >
      -
    </button>
    <FormikConnect(FieldInner)
      className="grid__col3 number-input"
      id="rechnbenKal8Nu75f"
      name="skillSet[66].ranks"
      type="number"
    />
    <button
      className="grid__col4 button"
      onClick={[Function]}
      type="button"
    >
      +
    </button>
    <button
      className="grid__col1 button--link"
      onClick={[Function]}
      type="button"
    >
      Use Magic Device
    </button>
    <button
      className="grid__col2 button"
      onClick={[Function]}
      type="button"
    >
      -
    </button>
    <FormikConnect(FieldInner)
      className="grid__col3 number-input"
      id="rec6EwJV9flyKoo38"
      name="skillSet[67].ranks"
      type="number"
    />
    <button
      className="grid__col4 button"
      onClick={[Function]}
      type="button"
    >
      +
    </button>
    <button
      className="grid__col1 button--link"
      onClick={[Function]}
      type="button"
    >
      Use Rope
    </button>
    <button
      className="grid__col2 button"
      onClick={[Function]}
      type="button"
    >
      -
    </button>
    <FormikConnect(FieldInner)
      className="grid__col3 number-input"
      id="recVf7kGV8uZHYjV8"
      name="skillSet[68].ranks"
      type="number"
    />
    <button
      className="grid__col4 button"
      onClick={[Function]}
      type="button"
    >
      +
    </button>
  </div>
  <SkillModal
    handleCloseModal={[Function]}
  />
</div>
`;
