// Jest Snapshot v1, https://goo.gl/fbAQLP

exports[`should render equipment page with profile data 1`] = `
<div>
  <Connect(Header)
    pageTitle="Equipment"
  />
  <div
    className="container container--body"
  >
    <Money
      money={
        Object {
          "cp": 80,
          "gp": 1200,
          "pp": 0,
          "sp": 350,
          "total": 1235.8,
        }
      }
      onInputChange={[Function]}
    />
  </div>
</div>
`;
