// Jest Snapshot v1, https://goo.gl/fbAQLP

exports[`should render equipment page with profile data 1`] = `
<div>
  <Connect(Header)
    pageTitle="Equipment"
  />
  <div
    className="container container--body"
  >
    <div
      className="section"
    >
      <div
        className="grid--money"
      >
        <div
          className="grid--money__cell"
          key="denomination0"
        >
          <input
            id="pp"
            name="money"
            onChange={[Function]}
            type="text"
            value={0}
          />
          <div>
            pp
          </div>
        </div>
        <div
          className="grid--money__cell"
          key="denomination1"
        >
          <input
            id="gp"
            name="money"
            onChange={[Function]}
            type="text"
            value={1200}
          />
          <div>
            gp
          </div>
        </div>
        <div
          className="grid--money__cell"
          key="denomination2"
        >
          <input
            id="sp"
            name="money"
            onChange={[Function]}
            type="text"
            value={350}
          />
          <div>
            sp
          </div>
        </div>
        <div
          className="grid--money__cell"
          key="denomination3"
        >
          <input
            id="cp"
            name="money"
            onChange={[Function]}
            type="text"
            value={80}
          />
          <div>
            cp
          </div>
        </div>
      </div>
      <div
        className="row--right"
      >
        <h4>
          Total money: 
          1235.8
           gp
        </h4>
      </div>
    </div>
    <div
      className="grid--items"
    >
      <h5
        className="grid__col1"
      >
        Item
      </h5>
      <h5>
        Qty
      </h5>
      <h5>
        Value
      </h5>
      <h5>
        Weight
      </h5>
      <button
        className="grid__col1 button--link"
        id="recOvuth9QArkI54l"
        onClick={[Function]}
      >
        Bastard Sword
      </button>
      <input
        className="grid__col2"
        id="recOvuth9QArkI54l"
        index={0}
        name="equipment"
        onChange={[Function]}
        value={1}
      />
      <div
        className="grid__col3"
      >
        35
         gp
      </div>
      <div
        className="grid__col4"
      >
        6
         lbs
      </div>
      <button
        className="grid__col1 button--link"
        id="recuMZnz4kks14Yku"
        onClick={[Function]}
      >
        Chainmail
      </button>
      <input
        className="grid__col2"
        id="recuMZnz4kks14Yku"
        index={1}
        name="equipment"
        onChange={[Function]}
        value={1}
      />
      <div
        className="grid__col3"
      >
        150
         gp
      </div>
      <div
        className="grid__col4"
      >
        0
         lbs
      </div>
      <button
        className="grid__col1 button--link"
        id="recSYqEwn9Uzr4mec"
        onClick={[Function]}
      >
        Bolt (Repeating Crossbow)
      </button>
      <input
        className="grid__col2"
        id="recSYqEwn9Uzr4mec"
        index={2}
        name="equipment"
        onChange={[Function]}
        value={30}
      />
      <div
        className="grid__col3"
      >
        6
         gp
      </div>
      <div
        className="grid__col4"
      >
        6
         lbs
      </div>
      <button
        className="grid__col1 button--link"
        id="rec35ieQLel7fW2Mo"
        onClick={[Function]}
      >
        Bedroll
      </button>
      <input
        className="grid__col2"
        id="rec35ieQLel7fW2Mo"
        index={3}
        name="equipment"
        onChange={[Function]}
        value={2}
      />
      <div
        className="grid__col3"
      >
        0
         gp
      </div>
      <div
        className="grid__col4"
      >
        0
         lbs
      </div>
      <div
        className="grid__col1 grid--items__totals"
      >
        Totals
      </div>
      <div
        className="grid__col3 grid--items__totals"
      >
        191
         gp
      </div>
      <div
        className="grid__col4 grid--items__totals"
      >
        12
         lbs
      </div>
    </div>
    <ItemModal
      equipped={
        Object {
          "armor": null,
          "shield": "recZBZ5DTJuo8Uaea",
          "weapons": Array [
            "recAaHr4qEcbytOpu",
            "rec0JezjbAvUiWr8A",
            "recWQ2ml4RhoLtvik",
          ],
        }
      }
      handleCloseModal={[Function]}
      handleEquip={[Function]}
    />
  </div>
  <Connect(Footer) />
</div>
`;
