// Jest Snapshot v1, https://goo.gl/fbAQLP

exports[`should render FeatModal 1`] = `
<Modal
  ariaHideApp={true}
  bodyOpenClassName="ReactModal__Body--open"
  className="modal"
  closeTimeoutMS={0}
  contentLabel="Selected Feat"
  isOpen={true}
  parentSelector={[Function]}
  portalClassName="ReactModalPortal"
  role="dialog"
  shouldCloseOnEsc={true}
  shouldCloseOnOverlayClick={true}
  shouldFocusAfterRender={true}
  shouldReturnFocusAfterClose={true}
>
  <div>
    <h4>
      Run
    </h4>
    <h5>
      General
    </h5>
    <p>
      Run 5 times normal speed, +4 bonus on Jump checks Made after a running start
    </p>
  </div>
</Modal>
`;
