// Jest Snapshot v1, https://goo.gl/fbAQLP

exports[`should render footer correctly 1`] = `
<footer>
  <div
    className="container footer__navbar"
  >
    <Link
      className="footer__navbar__icon"
      replace={false}
      to="/profile"
    >
      <FooterIcon
        svgFile="test-file-stub"
      />
    </Link>
    <Link
      className="footer__navbar__icon"
      replace={false}
      to="/stats"
    >
      <FooterIcon
        svgFile="test-file-stub"
      />
    </Link>
    <Link
      className="footer__navbar__icon"
      replace={false}
      to="/combat"
    >
      <FooterIcon
        svgFile="test-file-stub"
      />
    </Link>
    <Link
      className="footer__navbar__icon"
      replace={false}
      to="/equipment"
    >
      <FooterIcon
        svgFile="test-file-stub"
      />
    </Link>
    <Link
      className="footer__navbar__icon"
      replace={false}
      to="/spellbook"
    >
      <FooterIcon
        svgFile="test-file-stub"
      />
    </Link>
    <Link
      className="footer__navbar__icon"
      replace={false}
      to="/companion"
    >
      <FooterIcon
        svgFile="test-file-stub"
      />
    </Link>
  </div>
</footer>
`;
