// Jest Snapshot v1, https://goo.gl/fbAQLP

exports[`should render footer correctly 1`] = `
<footer
  className="footer--navbar"
>
  <div
    className="container footer--navbar__content"
  >
    <Link
      to="/profile"
    >
      <FooterIcon
        svgFile="test-file-stub"
      />
    </Link>
    <Link
      to="/stats"
    >
      <FooterIcon
        svgFile="test-file-stub"
      />
    </Link>
    <Link
      to="/combat"
    >
      <FooterIcon
        svgFile="test-file-stub"
      />
    </Link>
    <Link
      to="/equipment"
    >
      <FooterIcon
        svgFile="test-file-stub"
      />
    </Link>
    <Link
      to="/spellbook"
    >
      <FooterIcon
        svgFile="test-file-stub"
      />
    </Link>
    <Link
      to="/companion"
    >
      <FooterIcon
        svgFile="test-file-stub"
      />
    </Link>
  </div>
</footer>
`;
