// Jest Snapshot v1, https://goo.gl/fbAQLP

exports[`should render Header correctly 1`] = `
<header>
  <div
    className="container header__content"
  >
    <h2
      className="header__title"
    />
    <div
      className="header__nav"
    >
      <NavLink
        className="header__icon"
        to="/create"
      >
        <SVGInline
          classSuffix="-svg"
          cleanup={true}
          cleanupExceptions={Array []}
          component="span"
          fill="white"
          height="100%"
          svg="test-file-stub"
          width="100%"
        />
      </NavLink>
      <NavLink
        className="header__icon"
        to="/select"
      >
        <SVGInline
          classSuffix="-svg"
          cleanup={true}
          cleanupExceptions={Array []}
          component="span"
          fill="white"
          height="100%"
          svg="test-file-stub"
          width="100%"
        />
      </NavLink>
      <button
        onClick={[Function]}
      >
        Logout
      </button>
    </div>
  </div>
</header>
`;
