// Jest Snapshot v1, https://goo.gl/fbAQLP

exports[`should render Header correctly 1`] = `
<header
  className="header"
>
  <div
    className="container container--header header__content"
  >
    <h2
      className="header__title"
    />
    <button
      className="button button--link"
      onClick={[Function]}
    >
      Logout
    </button>
  </div>
</header>
`;
