// Jest Snapshot v1, https://goo.gl/fbAQLP

exports[`should render Header correctly 1`] = `
<header
  className="header"
>
  <div
    className="container container--header"
  >
    <div
      className="header__content"
    >
      <h2
        className="header__title"
      >
        D&D 3.5 Character Manager
      </h2>
      <button
        className="button button--link"
        onClick={[Function]}
      >
        Logout
      </button>
    </div>
  </div>
</header>
`;
