// Jest Snapshot v1, https://goo.gl/fbAQLP

exports[`should render PreparedSpells with profile data 1`] = `
<Fragment>
  <div
    className="grid--spells"
  >
    <h5
      className="grid__col1"
    >
      Spell
    </h5>
    <h5>
      Rmng
    </h5>
    <div />
    <div />
    <button
      className="grid__col1 button--link"
      id="rec8IQeYmBr3f1BMC"
      onClick={[Function]}
    >
      Acid Splash
    </button>
    <div>
      1
    </div>
    <div />
    <button
      attribute="used"
      change={1}
      id="cast00"
      level={0}
      onClick={[Function]}
      spellid="rec8IQeYmBr3f1BMC"
    >
      Cast
    </button>
    <button
      className="grid__col1 button--link"
      id="recwpeRoCsea4vidW"
      onClick={[Function]}
    >
      Arcane Mark
    </button>
    <div>
      1
    </div>
    <div />
    <button
      attribute="used"
      change={1}
      id="cast01"
      level={0}
      onClick={[Function]}
      spellid="recwpeRoCsea4vidW"
    >
      Cast
    </button>
    <button
      className="grid__col1 button--link"
      id="recRhVs0ahtQZpbXx"
      onClick={[Function]}
    >
      Charm Person
    </button>
    <div>
      0
    </div>
    <div />
    <div />
  </div>
  <SpellModal
    handleCloseModal={[Function]}
  />
</Fragment>
`;
