// Jest Snapshot v1, https://goo.gl/fbAQLP

exports[`should render skills with profile data 1`] = `
<div
  className="grid grid--skills"
>
  <h4>
    Skill
  </h4>
  <h4
    className="grid--skills__ranks"
  >
    Ranks
  </h4>
  <h4>
    Skill
  </h4>
  <h4
    className="grid--skills__ranks"
  >
    Ranks
  </h4>
  <div
    className="grid--skills__name--col1"
    key="0"
  />
  <div
    className="grid--skills__name--col1"
    key="1"
  />
  <div
    className="grid--skills__name--col1"
    key="2"
  />
  <div
    className="grid--skills__name--col1"
    key="3"
  />
  <div
    className="grid--skills__name--col1"
    key="4"
  />
  <div
    className="grid--skills__name--col1"
    key="5"
  />
  <div
    className="grid--skills__name--col1"
    key="6"
  />
  <div
    className="grid--skills__name--col1"
    key="7"
  />
  <div
    className="grid--skills__name--col1"
    key="8"
  />
  <div
    className="grid--skills__name--col1"
    key="9"
  />
  <div
    className="grid--skills__name--col1"
    key="10"
  />
  <div
    className="grid--skills__name--col1"
    key="11"
  />
  <div
    className="grid--skills__ranks--col1"
    key="0"
  />
  <div
    className="grid--skills__ranks--col1"
    key="1"
  />
  <div
    className="grid--skills__ranks--col1"
    key="2"
  />
  <div
    className="grid--skills__ranks--col1"
    key="3"
  />
  <div
    className="grid--skills__ranks--col1"
    key="4"
  />
  <div
    className="grid--skills__ranks--col1"
    key="5"
  />
  <div
    className="grid--skills__ranks--col1"
    key="6"
  />
  <div
    className="grid--skills__ranks--col1"
    key="7"
  />
  <div
    className="grid--skills__ranks--col1"
    key="8"
  />
  <div
    className="grid--skills__ranks--col1"
    key="9"
  />
  <div
    className="grid--skills__ranks--col1"
    key="10"
  />
  <div
    className="grid--skills__ranks--col1"
    key="11"
  />
  <div
    className="grid--skills__name--col2"
    key="0"
  />
  <div
    className="grid--skills__name--col2"
    key="1"
  />
  <div
    className="grid--skills__name--col2"
    key="2"
  />
  <div
    className="grid--skills__name--col2"
    key="3"
  />
  <div
    className="grid--skills__name--col2"
    key="4"
  />
  <div
    className="grid--skills__name--col2"
    key="5"
  />
  <div
    className="grid--skills__name--col2"
    key="6"
  />
  <div
    className="grid--skills__name--col2"
    key="7"
  />
  <div
    className="grid--skills__name--col2"
    key="8"
  />
  <div
    className="grid--skills__name--col2"
    key="9"
  />
  <div
    className="grid--skills__name--col2"
    key="10"
  />
  <div
    className="grid--skills__ranks--col2"
    key="0"
  />
  <div
    className="grid--skills__ranks--col2"
    key="1"
  />
  <div
    className="grid--skills__ranks--col2"
    key="2"
  />
  <div
    className="grid--skills__ranks--col2"
    key="3"
  />
  <div
    className="grid--skills__ranks--col2"
    key="4"
  />
  <div
    className="grid--skills__ranks--col2"
    key="5"
  />
  <div
    className="grid--skills__ranks--col2"
    key="6"
  />
  <div
    className="grid--skills__ranks--col2"
    key="7"
  />
  <div
    className="grid--skills__ranks--col2"
    key="8"
  />
  <div
    className="grid--skills__ranks--col2"
    key="9"
  />
  <div
    className="grid--skills__ranks--col2"
    key="10"
  />
</div>
`;
