// Jest Snapshot v1, https://goo.gl/fbAQLP

exports[`should render SpecialAbilityModal 1`] = `
<Modal
  ariaHideApp={true}
  bodyOpenClassName="ReactModal__Body--open"
  className="modal"
  closeTimeoutMS={0}
  contentLabel="Selected Special Ability"
  isOpen={true}
  onRequestClose={[Function]}
  parentSelector={[Function]}
  portalClassName="ReactModalPortal"
  role="dialog"
  shouldCloseOnEsc={true}
  shouldCloseOnOverlayClick={true}
  shouldFocusAfterRender={true}
  shouldReturnFocusAfterClose={true}
>
  <div>
    <h4>
      Weapon Proficiency
    </h4>
    <h5 />
    <p
      key="0"
    >
      Elves: Receive the Martial Weapon Proficiency feats for the longsword, rapier, (composite) longbow, and (composite) shortbow as bonus feats.
    </p>
  </div>
</Modal>
`;
