// Jest Snapshot v1, https://goo.gl/fbAQLP

exports[`should render SpellbookPage with profile data 1`] = `
<div
  className="layout"
>
  <Connect(Header)
    pageTitle="Spellbook"
  />
  <SpellModal
    handleCloseModal={[Function]}
  />
  <div
    className="container container--body"
  >
    <div
      key="0"
    >
      <h3
        className="row--center"
      >
        Level 
        0
         Spells (
        /
        4
        )
      </h3>
      <div
        className="grid grid--spellbook"
      >
        <h5
          className="grid__col1"
        >
          Spell
        </h5>
        <h5
          className="grid--spellbook__school"
        >
          School
        </h5>
        <h5>
          Prep
        </h5>
        <h5>
          Rmng
        </h5>
        <div />
        <button
          className="grid__col1 button--link"
          id="rec8IQeYmBr3f1BMC"
          onClick={[Function]}
        >
          Acid Splash
        </button>
        <div
          className="grid--spellbook__school"
        >
          Conj
        </div>
        <div
          className="grid__col3 grid--spellbook__attribute"
        >
          <button
            attribute="prepared"
            change={1}
            index={0}
            level={0}
            onClick={[Function]}
            spellid="rec8IQeYmBr3f1BMC"
          >
            +
          </button>
          <div>
            1
          </div>
          <button
            attribute="prepared"
            change={-1}
            index={0}
            level={0}
            onClick={[Function]}
            spellid="rec8IQeYmBr3f1BMC"
          >
            -
          </button>
        </div>
        <div
          className="grid__col4"
        >
          1
        </div>
        <button
          className="grid__col5"
          index={0}
          level={0}
          name="clear"
          onClick={[Function]}
          spellid="rec8IQeYmBr3f1BMC"
        >
          Clear
        </button>
        <button
          className="grid__col1 button--link"
          id="recwpeRoCsea4vidW"
          onClick={[Function]}
        >
          Arcane Mark
        </button>
        <div
          className="grid--spellbook__school"
        >
          Univ
        </div>
        <div
          className="grid__col3 grid--spellbook__attribute"
        >
          <button
            attribute="prepared"
            change={1}
            index={1}
            level={0}
            onClick={[Function]}
            spellid="recwpeRoCsea4vidW"
          >
            +
          </button>
          <div>
            2
          </div>
          <button
            attribute="prepared"
            change={-1}
            index={1}
            level={0}
            onClick={[Function]}
            spellid="recwpeRoCsea4vidW"
          >
            -
          </button>
        </div>
        <div
          className="grid__col4"
        >
          1
        </div>
        <button
          className="grid__col5"
          index={1}
          level={0}
          name="clear"
          onClick={[Function]}
          spellid="recwpeRoCsea4vidW"
        >
          Clear
        </button>
      </div>
    </div>
    <div
      key="1"
    >
      <h3
        className="row--center"
      >
        Level 
        1
         Spells (
        /
        3
        )
      </h3>
      <div
        className="grid grid--spellbook"
      >
        <h5
          className="grid__col1"
        >
          Spell
        </h5>
        <h5
          className="grid--spellbook__school"
        >
          School
        </h5>
        <h5>
          Prep
        </h5>
        <h5>
          Rmng
        </h5>
        <div />
        <button
          className="grid__col1 button--link"
          id="recRhVs0ahtQZpbXx"
          onClick={[Function]}
        >
          Charm Person
        </button>
        <div
          className="grid--spellbook__school"
        >
          Ench
        </div>
        <div
          className="grid__col3 grid--spellbook__attribute"
        >
          <button
            attribute="prepared"
            change={1}
            index={0}
            level={1}
            onClick={[Function]}
            spellid="recRhVs0ahtQZpbXx"
          >
            +
          </button>
          <div>
            1
          </div>
          <button
            attribute="prepared"
            change={-1}
            index={0}
            level={1}
            onClick={[Function]}
            spellid="recRhVs0ahtQZpbXx"
          >
            -
          </button>
        </div>
        <div
          className="grid__col4"
        >
          0
        </div>
        <button
          className="grid__col5"
          index={0}
          level={1}
          name="clear"
          onClick={[Function]}
          spellid="recRhVs0ahtQZpbXx"
        >
          Clear
        </button>
      </div>
    </div>
  </div>
  <Connect(Footer) />
</div>
`;
