// Jest Snapshot v1, https://goo.gl/fbAQLP

exports[`should render SpellbookPage with profile data 1`] = `
<div
  className="layout"
>
  <Connect(Header)
    pageTitle="Spellbook"
  />
  <SpellModal
    handleCloseModal={[Function]}
  />
  <div
    className="container container--body"
  >
    <div
      key="0"
    >
      <h3
        className="row row--center"
      >
        Level 
        0
         Spells (
        /
        4
        )
      </h3>
      <div
        className="grid grid--spellbook"
      >
        <h5
          className="grid__col1"
        >
          Spell
        </h5>
        <h5
          className="grid--spellbook__school"
        >
          School
        </h5>
        <h5>
          Prep
        </h5>
        <h5>
          Rmng
        </h5>
        <div />
        <button
          className="grid__col1 button--link"
          id={123}
          key="spell0"
          onClick={[Function]}
        >
          Acid Splash
        </button>
        <div
          className="grid--spellbook__school"
          key="school0"
        >
          Conj
        </div>
        <div
          className="grid__col3 grid--spellbook__attribute"
          key="prep0"
        >
          <button
            attribute="prepared"
            change={1}
            index={0}
            level={0}
            onClick={[Function]}
            spellid={123}
          >
            +
          </button>
          <div>
            1
          </div>
          <button
            attribute="prepared"
            change={-1}
            index={0}
            level={0}
            onClick={[Function]}
            spellid={123}
          >
            -
          </button>
        </div>
        <div
          className="grid__col4"
          key="rmng0"
        >
          1
        </div>
        <button
          className="grid__col5"
          index={0}
          key="clear0"
          level={0}
          name="clear"
          onClick={[Function]}
          spellid={123}
        >
          Clear
        </button>
        <button
          className="grid__col1 button--link"
          id={456}
          key="spell1"
          onClick={[Function]}
        >
          Arcane Mark
        </button>
        <div
          className="grid--spellbook__school"
          key="school1"
        >
          Univ
        </div>
        <div
          className="grid__col3 grid--spellbook__attribute"
          key="prep1"
        >
          <button
            attribute="prepared"
            change={1}
            index={1}
            level={0}
            onClick={[Function]}
            spellid={456}
          >
            +
          </button>
          <div>
            2
          </div>
          <button
            attribute="prepared"
            change={-1}
            index={1}
            level={0}
            onClick={[Function]}
            spellid={456}
          >
            -
          </button>
        </div>
        <div
          className="grid__col4"
          key="rmng1"
        >
          1
        </div>
        <button
          className="grid__col5"
          index={1}
          key="clear1"
          level={0}
          name="clear"
          onClick={[Function]}
          spellid={456}
        >
          Clear
        </button>
      </div>
    </div>
    <div
      key="1"
    >
      <h3
        className="row row--center"
      >
        Level 
        1
         Spells (
        /
        3
        )
      </h3>
      <div
        className="grid grid--spellbook"
      >
        <h5
          className="grid__col1"
        >
          Spell
        </h5>
        <h5
          className="grid--spellbook__school"
        >
          School
        </h5>
        <h5>
          Prep
        </h5>
        <h5>
          Rmng
        </h5>
        <div />
        <button
          className="grid__col1 button--link"
          id={678}
          key="spell0"
          onClick={[Function]}
        >
          Charm Person
        </button>
        <div
          className="grid--spellbook__school"
          key="school0"
        >
          Ench
        </div>
        <div
          className="grid__col3 grid--spellbook__attribute"
          key="prep0"
        >
          <button
            attribute="prepared"
            change={1}
            index={0}
            level={1}
            onClick={[Function]}
            spellid={678}
          >
            +
          </button>
          <div>
            1
          </div>
          <button
            attribute="prepared"
            change={-1}
            index={0}
            level={1}
            onClick={[Function]}
            spellid={678}
          >
            -
          </button>
        </div>
        <div
          className="grid__col4"
          key="rmng0"
        >
          0
        </div>
        <button
          className="grid__col5"
          index={0}
          key="clear0"
          level={1}
          name="clear"
          onClick={[Function]}
          spellid={678}
        >
          Clear
        </button>
      </div>
    </div>
  </div>
  <Connect(Footer) />
</div>
`;
