// Jest Snapshot v1, https://goo.gl/fbAQLP

exports[`should render SpellbookPage with profile data 1`] = `
<div>
  <Connect(Header)
    pageTitle="Spellbook"
  />
  <div
    className="container container--body"
  >
    <div
      className="section"
      key="0"
    >
      <h3
        className="row--center"
      >
        Level 
        0
         Spells (
        3
        /
        4
        )
      </h3>
      <div
        className="grid--spells"
      >
        <h5
          className="grid__col1"
        >
          Spell
        </h5>
        <h5
          className="grid__col2"
        >
          Prep
        </h5>
        <h5
          className="grid__col3"
        >
          Rmng
        </h5>
        <button
          className="grid__col1 button--link"
          id="rec8IQeYmBr3f1BMC"
          onClick={[Function]}
        >
          Acid Splash
        </button>
        <div
          className="grid__col2 grid--spells__attribute"
        >
          <button
            change={1}
            index={0}
            level={0}
            onClick={[Function]}
          >
            +
          </button>
          <div>
            1
          </div>
          <button
            change={-1}
            index={0}
            level={0}
            onClick={[Function]}
          >
            -
          </button>
        </div>
        <div
          className="grid__col3"
        >
          1
        </div>
        <button
          className="grid__col4"
          onClick={[Function]}
        >
          x
        </button>
        <button
          className="grid__col1 button--link"
          id="recwpeRoCsea4vidW"
          onClick={[Function]}
        >
          Arcane Mark
        </button>
        <div
          className="grid__col2 grid--spells__attribute"
        >
          <button
            change={1}
            index={1}
            level={0}
            onClick={[Function]}
          >
            +
          </button>
          <div>
            2
          </div>
          <button
            change={-1}
            index={1}
            level={0}
            onClick={[Function]}
          >
            -
          </button>
        </div>
        <div
          className="grid__col3"
        >
          1
        </div>
        <button
          className="grid__col4"
          onClick={[Function]}
        >
          x
        </button>
      </div>
    </div>
    <div
      className="section"
      key="1"
    >
      <h3
        className="row--center"
      >
        Level 
        1
         Spells (
        1
        /
        3
        )
      </h3>
      <div
        className="grid--spells"
      >
        <h5
          className="grid__col1"
        >
          Spell
        </h5>
        <h5
          className="grid__col2"
        >
          Prep
        </h5>
        <h5
          className="grid__col3"
        >
          Rmng
        </h5>
        <button
          className="grid__col1 button--link"
          id="recRhVs0ahtQZpbXx"
          onClick={[Function]}
        >
          Charm Person
        </button>
        <div
          className="grid__col2 grid--spells__attribute"
        >
          <button
            change={1}
            index={0}
            level={1}
            onClick={[Function]}
          >
            +
          </button>
          <div>
            1
          </div>
          <button
            change={-1}
            index={0}
            level={1}
            onClick={[Function]}
          >
            -
          </button>
        </div>
        <div
          className="grid__col3"
        >
          0
        </div>
        <button
          className="grid__col4"
          onClick={[Function]}
        >
          x
        </button>
      </div>
    </div>
    <SpellModal
      handleCloseModal={[Function]}
    />
  </div>
  <Connect(Footer) />
</div>
`;
