// Jest Snapshot v1, https://goo.gl/fbAQLP

exports[`should render weapons with profile data 1`] = `
<Fragment>
  <div
    className="grid--weapons"
    key="recOvuth9QArkI54l"
  >
    <h4
      className=" grid--weapons__name"
    >
      Bastard Sword
    </h4>
    <div
      className="grid--weapons__features"
    >
      Exotic
      , 
      One-Handed
      , 
      Slashing
    </div>
    <h5
      className="grid--weapons__track"
    >
      Rng
    </h5>
    <h5
      className="grid--weapons__track"
    >
      Dmg
    </h5>
    <h5>
      Crit
    </h5>
    <div
      className="grid--weapons__track"
    >
      —
    </div>
    <div
      className="grid--weapons__track"
    >
      1d10
    </div>
    <div>
      19–20/×2
    </div>
  </div>
</Fragment>
`;
