// Jest Snapshot v1, https://goo.gl/fbAQLP

exports[`should render CreatorFormIdentity correctly 1`] = `
<form>
  <div
    class="container--body"
  >
    <div
      class="CreatorFormIdentity__group"
    >
      <h4>
        Name:
      </h4>
      <div>
        <input
          class="text-input"
          name="name"
          value=""
        />
      </div>
    </div>
    <div
      class="CreatorFormIdentity__group"
    >
      <h4>
        Gender:
      </h4>
      <select
        class="select"
        name="gender"
      >
        <option
          value="Male"
        >
          Male
        </option>
        <option
          value="Female"
        >
          Female
        </option>
        <option
          value="Non-Binary"
        >
          Non-Binary
        </option>
      </select>
    </div>
    <div
      class="CreatorFormIdentity__group"
    >
      <h4>
        Age:
      </h4>
      <div>
        <div
          class="CreatorForm__input-group"
        >
          <input
            class="text-input"
            name="age"
            type="number"
            value=""
          />
          <div>
             yrs
          </div>
        </div>
      </div>
    </div>
    <div
      class="CreatorFormIdentity__group"
    >
      <h4>
        Height:
      </h4>
      <div>
        <div
          class="CreatorForm__input-group"
        >
          <input
            class="text-input"
            name="height.ft"
            type="number"
            value=""
          />
          <div>
            ft
          </div>
          <input
            class="text-input"
            name="height.in"
            type="number"
            value=""
          />
          <div>
            in
          </div>
        </div>
        <div
          class="CreatorForm__input-group"
        />
      </div>
    </div>
    <div
      class="CreatorFormIdentity__group"
    >
      <h4>
        Weight:
      </h4>
      <div>
        <div
          class="CreatorForm__input-group"
        >
          <input
            class="text-input"
            name="weight"
            type="number"
            value=""
          />
          <div>
            lbs
          </div>
        </div>
      </div>
    </div>
    <div
      class="divider"
    />
    <div
      class="CreatorFormIdentity__group"
    >
      <h4>
        Race:
      </h4>
      <select
        class="select"
      >
        <option
          selected=""
          value="recOadObhQKOMa7f2"
        >
          Gray Elf
        </option>
        <option
          value="recUDu56yAAHN3Ue3"
        >
          Half-Elf
        </option>
        <option
          value="recWfP0nya01jKP44"
        >
          Half-Orc
        </option>
        <option
          value="recw2GdtKxEQhIpGm"
        >
          High Elf
        </option>
        <option
          value="recv3zpW98noaCctp"
        >
          Hill Dwarf
        </option>
        <option
          value="recxyRHegDBrFYJP5"
        >
          Human
        </option>
        <option
          value="recFEpQ9zuD9Yqu7l"
        >
          Lightfoot Halfling
        </option>
        <option
          value="recrsiTIDAQXD6mCo"
        >
          Mountain Dwarf
        </option>
        <option
          value="recoDD3gAaQXU3A56"
        >
          Orc
        </option>
        <option
          value="recd3zkVkYKZJP92G"
        >
          Rock Gnome
        </option>
        <option
          value="recGQmGZazcjLyEXv"
        >
          Wild Elf
        </option>
        <option
          value="recEPV5rASoteAGoq"
        >
          Wood Elf
        </option>
      </select>
    </div>
    <div
      class="CreatorFormIdentity__group align-bottom"
    >
      <h4>
        Favored Class:
      </h4>
      <div>
        Wizard
      </div>
    </div>
    <div
      class="CreatorFormIdentity__group"
    >
      <h4>
        Size:
      </h4>
      <div>
        Medium
      </div>
    </div>
    <div
      class="CreatorFormIdentity__group"
    >
      <h4>
        Speed:
      </h4>
      <div>
        30
      </div>
    </div>
    <div
      class="CreatorFormIdentity__group--bottom"
    >
      <h4>
        Racial Modifiers:
      </h4>
      <div
        class="CreatorForm__input-group"
      >
        <div>
          CON
          : 
          -2
        </div>
        <div>
          DEX
          : 
          2
        </div>
        <div>
          INT
          : 
          2
        </div>
        <div>
          STR
          : 
          -2
        </div>
      </div>
    </div>
    <div
      class="CreatorFormIdentity__group--bottom"
    >
      <h4>
        Default Language(s):
      </h4>
      <div>
        Common, Elven
      </div>
    </div>
    <div
      class="CreatorFormIdentity__group--top"
    >
      <h4>
        Bonus Languages:
      </h4>
      <div>
        Draconic, Gnoll, Gnome, Goblin, Orc, Sylvan
      </div>
    </div>
    <div
      class="CreatorFormIdentity__group--top"
    >
      <h4>
        Racial Bonuses:
      </h4>
      <ul
        class="CreatorFormIdentity__list"
      >
        <li>
          Immunity to Sleep effects
        </li>
        <li>
          +2 saving throw bonus against enchantment spells or effects
        </li>
        <li>
          +2 on Listen, Search, and Spot checks. Merely passing within 5 feet of a secret or concealed door entitles a Search check to notice as if actively looking for it.
        </li>
      </ul>
    </div>
    <div
      class="CreatorFormIdentity__group--top"
    >
      <h4>
        Special Abilities:
      </h4>
      <div>
        <div>
          <button
            class="button--link"
            data-testid="recoVjIceMNsVyiqI"
            type="button"
          >
            Low-Light Vision
          </button>
        </div>
      </div>
    </div>
  </div>
</form>
`;
