// Jest Snapshot v1, https://goo.gl/fbAQLP

exports[`should render CreatorFormSkills correctly 1`] = `
<form>
  <div
    class="container--body CreatorFormSkills"
  >
    <h3
      class="section__title"
    >
      Assign Skill Points
    </h3>
    <div
      class="section__title"
    >
      0
      /
      0
    </div>
    <div
      class="CreatorFormSkills__scroll-container"
    >
      <div
        class="CreatorFormSkills__grid--header"
      >
        <h5
          class="grid__col1"
        >
          Skill
        </h5>
        <h5>
          Ranks
        </h5>
      </div>
      <div
        class="CreatorFormSkills__scroll-list"
      >
        <div
          class="CreatorFormSkills__grid"
        >
          <button
            class="grid__col1 button--link"
            type="button"
          >
            Appraise
          </button>
          <div
            class="Counter CreatorFormSkills__counter"
          >
            <button
              type="button"
            >
              <ion-icon
                name="remove"
                size="small"
              />
            </button>
            <input
              class="counter-value"
              size="3"
              value="0"
            />
            <button
              type="button"
            >
              <ion-icon
                name="add"
                size="small"
              />
            </button>
          </div>
          <button
            class="grid__col1 button--link"
            type="button"
          >
            Balance
          </button>
          <div
            class="Counter CreatorFormSkills__counter"
          >
            <button
              type="button"
            >
              <ion-icon
                name="remove"
                size="small"
              />
            </button>
            <input
              class="counter-value"
              size="3"
              value="0"
            />
            <button
              type="button"
            >
              <ion-icon
                name="add"
                size="small"
              />
            </button>
          </div>
          <button
            class="grid__col1 button--link"
            type="button"
          >
            Bluff
          </button>
          <div
            class="Counter CreatorFormSkills__counter"
          >
            <button
              type="button"
            >
              <ion-icon
                name="remove"
                size="small"
              />
            </button>
            <input
              class="counter-value"
              size="3"
              value="0"
            />
            <button
              type="button"
            >
              <ion-icon
                name="add"
                size="small"
              />
            </button>
          </div>
          <button
            class="grid__col1 button--link"
            type="button"
          >
            Climb
          </button>
          <div
            class="Counter CreatorFormSkills__counter"
          >
            <button
              type="button"
            >
              <ion-icon
                name="remove"
                size="small"
              />
            </button>
            <input
              class="counter-value"
              size="3"
              value="0"
            />
            <button
              type="button"
            >
              <ion-icon
                name="add"
                size="small"
              />
            </button>
          </div>
          <button
            class="grid__col1 button--link"
            type="button"
          >
            Concentration
          </button>
          <div
            class="Counter CreatorFormSkills__counter"
          >
            <button
              type="button"
            >
              <ion-icon
                name="remove"
                size="small"
              />
            </button>
            <input
              class="counter-value"
              size="3"
              value="0"
            />
            <button
              type="button"
            >
              <ion-icon
                name="add"
                size="small"
              />
            </button>
          </div>
          <button
            class="grid__col1 button--link"
            type="button"
          >
            Control Shape
          </button>
          <div
            class="Counter CreatorFormSkills__counter"
          >
            <button
              type="button"
            >
              <ion-icon
                name="remove"
                size="small"
              />
            </button>
            <input
              class="counter-value"
              size="3"
              value="0"
            />
            <button
              type="button"
            >
              <ion-icon
                name="add"
                size="small"
              />
            </button>
          </div>
          <button
            class="grid__col1 button--link"
            type="button"
          >
            Craft
          </button>
          <div
            class="Counter CreatorFormSkills__counter"
          >
            <button
              type="button"
            >
              <ion-icon
                name="remove"
                size="small"
              />
            </button>
            <input
              class="counter-value"
              size="3"
              value="0"
            />
            <button
              type="button"
            >
              <ion-icon
                name="add"
                size="small"
              />
            </button>
          </div>
          <button
            class="grid__col1 button--link"
            type="button"
          >
            Craft (Alchemy)
          </button>
          <div
            class="Counter CreatorFormSkills__counter"
          >
            <button
              type="button"
            >
              <ion-icon
                name="remove"
                size="small"
              />
            </button>
            <input
              class="counter-value"
              size="3"
              value="0"
            />
            <button
              type="button"
            >
              <ion-icon
                name="add"
                size="small"
              />
            </button>
          </div>
          <button
            class="grid__col1 button--link"
            type="button"
          >
            Craft (Armorsmithing)
          </button>
          <div
            class="Counter CreatorFormSkills__counter"
          >
            <button
              type="button"
            >
              <ion-icon
                name="remove"
                size="small"
              />
            </button>
            <input
              class="counter-value"
              size="3"
              value="0"
            />
            <button
              type="button"
            >
              <ion-icon
                name="add"
                size="small"
              />
            </button>
          </div>
          <button
            class="grid__col1 button--link"
            type="button"
          >
            Craft (Basketweaving)
          </button>
          <div
            class="Counter CreatorFormSkills__counter"
          >
            <button
              type="button"
            >
              <ion-icon
                name="remove"
                size="small"
              />
            </button>
            <input
              class="counter-value"
              size="3"
              value="0"
            />
            <button
              type="button"
            >
              <ion-icon
                name="add"
                size="small"
              />
            </button>
          </div>
          <button
            class="grid__col1 button--link"
            type="button"
          >
            Craft (Blacksmithing)
          </button>
          <div
            class="Counter CreatorFormSkills__counter"
          >
            <button
              type="button"
            >
              <ion-icon
                name="remove"
                size="small"
              />
            </button>
            <input
              class="counter-value"
              size="3"
              value="0"
            />
            <button
              type="button"
            >
              <ion-icon
                name="add"
                size="small"
              />
            </button>
          </div>
          <button
            class="grid__col1 button--link"
            type="button"
          >
            Craft (Bookbinding)
          </button>
          <div
            class="Counter CreatorFormSkills__counter"
          >
            <button
              type="button"
            >
              <ion-icon
                name="remove"
                size="small"
              />
            </button>
            <input
              class="counter-value"
              size="3"
              value="0"
            />
            <button
              type="button"
            >
              <ion-icon
                name="add"
                size="small"
              />
            </button>
          </div>
          <button
            class="grid__col1 button--link"
            type="button"
          >
            Craft (Bowmaking)
          </button>
          <div
            class="Counter CreatorFormSkills__counter"
          >
            <button
              type="button"
            >
              <ion-icon
                name="remove"
                size="small"
              />
            </button>
            <input
              class="counter-value"
              size="3"
              value="0"
            />
            <button
              type="button"
            >
              <ion-icon
                name="add"
                size="small"
              />
            </button>
          </div>
          <button
            class="grid__col1 button--link"
            type="button"
          >
            Craft (Carpentry)
          </button>
          <div
            class="Counter CreatorFormSkills__counter"
          >
            <button
              type="button"
            >
              <ion-icon
                name="remove"
                size="small"
              />
            </button>
            <input
              class="counter-value"
              size="3"
              value="0"
            />
            <button
              type="button"
            >
              <ion-icon
                name="add"
                size="small"
              />
            </button>
          </div>
          <button
            class="grid__col1 button--link"
            type="button"
          >
            Craft (Cartography)
          </button>
          <div
            class="Counter CreatorFormSkills__counter"
          >
            <button
              type="button"
            >
              <ion-icon
                name="remove"
                size="small"
              />
            </button>
            <input
              class="counter-value"
              size="3"
              value="0"
            />
            <button
              type="button"
            >
              <ion-icon
                name="add"
                size="small"
              />
            </button>
          </div>
          <button
            class="grid__col1 button--link"
            type="button"
          >
            Craft (Gemcutting)
          </button>
          <div
            class="Counter CreatorFormSkills__counter"
          >
            <button
              type="button"
            >
              <ion-icon
                name="remove"
                size="small"
              />
            </button>
            <input
              class="counter-value"
              size="3"
              value="0"
            />
            <button
              type="button"
            >
              <ion-icon
                name="add"
                size="small"
              />
            </button>
          </div>
          <button
            class="grid__col1 button--link"
            type="button"
          >
            Craft (Leatherworking)
          </button>
          <div
            class="Counter CreatorFormSkills__counter"
          >
            <button
              type="button"
            >
              <ion-icon
                name="remove"
                size="small"
              />
            </button>
            <input
              class="counter-value"
              size="3"
              value="0"
            />
            <button
              type="button"
            >
              <ion-icon
                name="add"
                size="small"
              />
            </button>
          </div>
          <button
            class="grid__col1 button--link"
            type="button"
          >
            Craft (Locksmithing)
          </button>
          <div
            class="Counter CreatorFormSkills__counter"
          >
            <button
              type="button"
            >
              <ion-icon
                name="remove"
                size="small"
              />
            </button>
            <input
              class="counter-value"
              size="3"
              value="0"
            />
            <button
              type="button"
            >
              <ion-icon
                name="add"
                size="small"
              />
            </button>
          </div>
          <button
            class="grid__col1 button--link"
            type="button"
          >
            Craft (Metalworking)
          </button>
          <div
            class="Counter CreatorFormSkills__counter"
          >
            <button
              type="button"
            >
              <ion-icon
                name="remove"
                size="small"
              />
            </button>
            <input
              class="counter-value"
              size="3"
              value="0"
            />
            <button
              type="button"
            >
              <ion-icon
                name="add"
                size="small"
              />
            </button>
          </div>
          <button
            class="grid__col1 button--link"
            type="button"
          >
            Craft (Poisonmaking)
          </button>
          <div
            class="Counter CreatorFormSkills__counter"
          >
            <button
              type="button"
            >
              <ion-icon
                name="remove"
                size="small"
              />
            </button>
            <input
              class="counter-value"
              size="3"
              value="0"
            />
            <button
              type="button"
            >
              <ion-icon
                name="add"
                size="small"
              />
            </button>
          </div>
          <button
            class="grid__col1 button--link"
            type="button"
          >
            Craft (Sculpting)
          </button>
          <div
            class="Counter CreatorFormSkills__counter"
          >
            <button
              type="button"
            >
              <ion-icon
                name="remove"
                size="small"
              />
            </button>
            <input
              class="counter-value"
              size="3"
              value="0"
            />
            <button
              type="button"
            >
              <ion-icon
                name="add"
                size="small"
              />
            </button>
          </div>
          <button
            class="grid__col1 button--link"
            type="button"
          >
            Craft (Shipmaking)
          </button>
          <div
            class="Counter CreatorFormSkills__counter"
          >
            <button
              type="button"
            >
              <ion-icon
                name="remove"
                size="small"
              />
            </button>
            <input
              class="counter-value"
              size="3"
              value="0"
            />
            <button
              type="button"
            >
              <ion-icon
                name="add"
                size="small"
              />
            </button>
          </div>
          <button
            class="grid__col1 button--link"
            type="button"
          >
            Craft (Stonemasonry)
          </button>
          <div
            class="Counter CreatorFormSkills__counter"
          >
            <button
              type="button"
            >
              <ion-icon
                name="remove"
                size="small"
              />
            </button>
            <input
              class="counter-value"
              size="3"
              value="0"
            />
            <button
              type="button"
            >
              <ion-icon
                name="add"
                size="small"
              />
            </button>
          </div>
          <button
            class="grid__col1 button--link"
            type="button"
          >
            Craft (Trapmaking)
          </button>
          <div
            class="Counter CreatorFormSkills__counter"
          >
            <button
              type="button"
            >
              <ion-icon
                name="remove"
                size="small"
              />
            </button>
            <input
              class="counter-value"
              size="3"
              value="0"
            />
            <button
              type="button"
            >
              <ion-icon
                name="add"
                size="small"
              />
            </button>
          </div>
          <button
            class="grid__col1 button--link"
            type="button"
          >
            Craft (Weaponsmithing)
          </button>
          <div
            class="Counter CreatorFormSkills__counter"
          >
            <button
              type="button"
            >
              <ion-icon
                name="remove"
                size="small"
              />
            </button>
            <input
              class="counter-value"
              size="3"
              value="0"
            />
            <button
              type="button"
            >
              <ion-icon
                name="add"
                size="small"
              />
            </button>
          </div>
          <button
            class="grid__col1 button--link"
            type="button"
          >
            Craft (Winemaking)
          </button>
          <div
            class="Counter CreatorFormSkills__counter"
          >
            <button
              type="button"
            >
              <ion-icon
                name="remove"
                size="small"
              />
            </button>
            <input
              class="counter-value"
              size="3"
              value="0"
            />
            <button
              type="button"
            >
              <ion-icon
                name="add"
                size="small"
              />
            </button>
          </div>
          <button
            class="grid__col1 button--link"
            type="button"
          >
            Craft (Woodmaking)
          </button>
          <div
            class="Counter CreatorFormSkills__counter"
          >
            <button
              type="button"
            >
              <ion-icon
                name="remove"
                size="small"
              />
            </button>
            <input
              class="counter-value"
              size="3"
              value="0"
            />
            <button
              type="button"
            >
              <ion-icon
                name="add"
                size="small"
              />
            </button>
          </div>
          <button
            class="grid__col1 button--link"
            type="button"
          >
            Decipher Script
          </button>
          <div
            class="Counter CreatorFormSkills__counter"
          >
            <button
              type="button"
            >
              <ion-icon
                name="remove"
                size="small"
              />
            </button>
            <input
              class="counter-value"
              size="3"
              value="0"
            />
            <button
              type="button"
            >
              <ion-icon
                name="add"
                size="small"
              />
            </button>
          </div>
          <button
            class="grid__col1 button--link"
            type="button"
          >
            Diplomacy
          </button>
          <div
            class="Counter CreatorFormSkills__counter"
          >
            <button
              type="button"
            >
              <ion-icon
                name="remove"
                size="small"
              />
            </button>
            <input
              class="counter-value"
              size="3"
              value="0"
            />
            <button
              type="button"
            >
              <ion-icon
                name="add"
                size="small"
              />
            </button>
          </div>
          <button
            class="grid__col1 button--link"
            type="button"
          >
            Disable Device
          </button>
          <div
            class="Counter CreatorFormSkills__counter"
          >
            <button
              type="button"
            >
              <ion-icon
                name="remove"
                size="small"
              />
            </button>
            <input
              class="counter-value"
              size="3"
              value="0"
            />
            <button
              type="button"
            >
              <ion-icon
                name="add"
                size="small"
              />
            </button>
          </div>
          <button
            class="grid__col1 button--link"
            type="button"
          >
            Disguise
          </button>
          <div
            class="Counter CreatorFormSkills__counter"
          >
            <button
              type="button"
            >
              <ion-icon
                name="remove"
                size="small"
              />
            </button>
            <input
              class="counter-value"
              size="3"
              value="0"
            />
            <button
              type="button"
            >
              <ion-icon
                name="add"
                size="small"
              />
            </button>
          </div>
          <button
            class="grid__col1 button--link"
            type="button"
          >
            Escape Artist
          </button>
          <div
            class="Counter CreatorFormSkills__counter"
          >
            <button
              type="button"
            >
              <ion-icon
                name="remove"
                size="small"
              />
            </button>
            <input
              class="counter-value"
              size="3"
              value="0"
            />
            <button
              type="button"
            >
              <ion-icon
                name="add"
                size="small"
              />
            </button>
          </div>
          <button
            class="grid__col1 button--link"
            type="button"
          >
            Forgery
          </button>
          <div
            class="Counter CreatorFormSkills__counter"
          >
            <button
              type="button"
            >
              <ion-icon
                name="remove"
                size="small"
              />
            </button>
            <input
              class="counter-value"
              size="3"
              value="0"
            />
            <button
              type="button"
            >
              <ion-icon
                name="add"
                size="small"
              />
            </button>
          </div>
          <button
            class="grid__col1 button--link"
            type="button"
          >
            Gather Information
          </button>
          <div
            class="Counter CreatorFormSkills__counter"
          >
            <button
              type="button"
            >
              <ion-icon
                name="remove"
                size="small"
              />
            </button>
            <input
              class="counter-value"
              size="3"
              value="0"
            />
            <button
              type="button"
            >
              <ion-icon
                name="add"
                size="small"
              />
            </button>
          </div>
          <button
            class="grid__col1 button--link"
            type="button"
          >
            Handle Animal
          </button>
          <div
            class="Counter CreatorFormSkills__counter"
          >
            <button
              type="button"
            >
              <ion-icon
                name="remove"
                size="small"
              />
            </button>
            <input
              class="counter-value"
              size="3"
              value="0"
            />
            <button
              type="button"
            >
              <ion-icon
                name="add"
                size="small"
              />
            </button>
          </div>
          <button
            class="grid__col1 button--link"
            type="button"
          >
            Heal
          </button>
          <div
            class="Counter CreatorFormSkills__counter"
          >
            <button
              type="button"
            >
              <ion-icon
                name="remove"
                size="small"
              />
            </button>
            <input
              class="counter-value"
              size="3"
              value="0"
            />
            <button
              type="button"
            >
              <ion-icon
                name="add"
                size="small"
              />
            </button>
          </div>
          <button
            class="grid__col1 button--link"
            type="button"
          >
            Hide
          </button>
          <div
            class="Counter CreatorFormSkills__counter"
          >
            <button
              type="button"
            >
              <ion-icon
                name="remove"
                size="small"
              />
            </button>
            <input
              class="counter-value"
              size="3"
              value="0"
            />
            <button
              type="button"
            >
              <ion-icon
                name="add"
                size="small"
              />
            </button>
          </div>
          <button
            class="grid__col1 button--link"
            type="button"
          >
            Intimidate
          </button>
          <div
            class="Counter CreatorFormSkills__counter"
          >
            <button
              type="button"
            >
              <ion-icon
                name="remove"
                size="small"
              />
            </button>
            <input
              class="counter-value"
              size="3"
              value="0"
            />
            <button
              type="button"
            >
              <ion-icon
                name="add"
                size="small"
              />
            </button>
          </div>
          <button
            class="grid__col1 button--link"
            type="button"
          >
            Jump
          </button>
          <div
            class="Counter CreatorFormSkills__counter"
          >
            <button
              type="button"
            >
              <ion-icon
                name="remove"
                size="small"
              />
            </button>
            <input
              class="counter-value"
              size="3"
              value="0"
            />
            <button
              type="button"
            >
              <ion-icon
                name="add"
                size="small"
              />
            </button>
          </div>
          <button
            class="grid__col1 button--link"
            type="button"
          >
            Knowledge
          </button>
          <div
            class="Counter CreatorFormSkills__counter"
          >
            <button
              type="button"
            >
              <ion-icon
                name="remove"
                size="small"
              />
            </button>
            <input
              class="counter-value"
              size="3"
              value="0"
            />
            <button
              type="button"
            >
              <ion-icon
                name="add"
                size="small"
              />
            </button>
          </div>
          <button
            class="grid__col1 button--link"
            type="button"
          >
            Knowledge (Arcana)
          </button>
          <div
            class="Counter CreatorFormSkills__counter"
          >
            <button
              type="button"
            >
              <ion-icon
                name="remove"
                size="small"
              />
            </button>
            <input
              class="counter-value"
              size="3"
              value="0"
            />
            <button
              type="button"
            >
              <ion-icon
                name="add"
                size="small"
              />
            </button>
          </div>
          <button
            class="grid__col1 button--link"
            type="button"
          >
            Knowledge (Arch. & Eng.)
          </button>
          <div
            class="Counter CreatorFormSkills__counter"
          >
            <button
              type="button"
            >
              <ion-icon
                name="remove"
                size="small"
              />
            </button>
            <input
              class="counter-value"
              size="3"
              value="0"
            />
            <button
              type="button"
            >
              <ion-icon
                name="add"
                size="small"
              />
            </button>
          </div>
          <button
            class="grid__col1 button--link"
            type="button"
          >
            Knowledge (Dungeoneering)
          </button>
          <div
            class="Counter CreatorFormSkills__counter"
          >
            <button
              type="button"
            >
              <ion-icon
                name="remove"
                size="small"
              />
            </button>
            <input
              class="counter-value"
              size="3"
              value="0"
            />
            <button
              type="button"
            >
              <ion-icon
                name="add"
                size="small"
              />
            </button>
          </div>
          <button
            class="grid__col1 button--link"
            type="button"
          >
            Knowledge (Geography)
          </button>
          <div
            class="Counter CreatorFormSkills__counter"
          >
            <button
              type="button"
            >
              <ion-icon
                name="remove"
                size="small"
              />
            </button>
            <input
              class="counter-value"
              size="3"
              value="0"
            />
            <button
              type="button"
            >
              <ion-icon
                name="add"
                size="small"
              />
            </button>
          </div>
          <button
            class="grid__col1 button--link"
            type="button"
          >
            Knowledge (History)
          </button>
          <div
            class="Counter CreatorFormSkills__counter"
          >
            <button
              type="button"
            >
              <ion-icon
                name="remove"
                size="small"
              />
            </button>
            <input
              class="counter-value"
              size="3"
              value="0"
            />
            <button
              type="button"
            >
              <ion-icon
                name="add"
                size="small"
              />
            </button>
          </div>
          <button
            class="grid__col1 button--link"
            type="button"
          >
            Knowledge (Local)
          </button>
          <div
            class="Counter CreatorFormSkills__counter"
          >
            <button
              type="button"
            >
              <ion-icon
                name="remove"
                size="small"
              />
            </button>
            <input
              class="counter-value"
              size="3"
              value="0"
            />
            <button
              type="button"
            >
              <ion-icon
                name="add"
                size="small"
              />
            </button>
          </div>
          <button
            class="grid__col1 button--link"
            type="button"
          >
            Knowledge (Nature)
          </button>
          <div
            class="Counter CreatorFormSkills__counter"
          >
            <button
              type="button"
            >
              <ion-icon
                name="remove"
                size="small"
              />
            </button>
            <input
              class="counter-value"
              size="3"
              value="0"
            />
            <button
              type="button"
            >
              <ion-icon
                name="add"
                size="small"
              />
            </button>
          </div>
          <button
            class="grid__col1 button--link"
            type="button"
          >
            Knowledge (Nobility & Royalty)
          </button>
          <div
            class="Counter CreatorFormSkills__counter"
          >
            <button
              type="button"
            >
              <ion-icon
                name="remove"
                size="small"
              />
            </button>
            <input
              class="counter-value"
              size="3"
              value="0"
            />
            <button
              type="button"
            >
              <ion-icon
                name="add"
                size="small"
              />
            </button>
          </div>
          <button
            class="grid__col1 button--link"
            type="button"
          >
            Knowledge (Religion)
          </button>
          <div
            class="Counter CreatorFormSkills__counter"
          >
            <button
              type="button"
            >
              <ion-icon
                name="remove"
                size="small"
              />
            </button>
            <input
              class="counter-value"
              size="3"
              value="0"
            />
            <button
              type="button"
            >
              <ion-icon
                name="add"
                size="small"
              />
            </button>
          </div>
          <button
            class="grid__col1 button--link"
            type="button"
          >
            Knowledge (The Planes)
          </button>
          <div
            class="Counter CreatorFormSkills__counter"
          >
            <button
              type="button"
            >
              <ion-icon
                name="remove"
                size="small"
              />
            </button>
            <input
              class="counter-value"
              size="3"
              value="0"
            />
            <button
              type="button"
            >
              <ion-icon
                name="add"
                size="small"
              />
            </button>
          </div>
          <button
            class="grid__col1 button--link"
            type="button"
          >
            Listen
          </button>
          <div
            class="Counter CreatorFormSkills__counter"
          >
            <button
              type="button"
            >
              <ion-icon
                name="remove"
                size="small"
              />
            </button>
            <input
              class="counter-value"
              size="3"
              value="0"
            />
            <button
              type="button"
            >
              <ion-icon
                name="add"
                size="small"
              />
            </button>
          </div>
          <button
            class="grid__col1 button--link"
            type="button"
          >
            Literacy
          </button>
          <div
            class="Counter CreatorFormSkills__counter"
          >
            <button
              type="button"
            >
              <ion-icon
                name="remove"
                size="small"
              />
            </button>
            <input
              class="counter-value"
              size="3"
              value="0"
            />
            <button
              type="button"
            >
              <ion-icon
                name="add"
                size="small"
              />
            </button>
          </div>
          <button
            class="grid__col1 button--link"
            type="button"
          >
            Move Silently
          </button>
          <div
            class="Counter CreatorFormSkills__counter"
          >
            <button
              type="button"
            >
              <ion-icon
                name="remove"
                size="small"
              />
            </button>
            <input
              class="counter-value"
              size="3"
              value="0"
            />
            <button
              type="button"
            >
              <ion-icon
                name="add"
                size="small"
              />
            </button>
          </div>
          <button
            class="grid__col1 button--link"
            type="button"
          >
            Open Lock
          </button>
          <div
            class="Counter CreatorFormSkills__counter"
          >
            <button
              type="button"
            >
              <ion-icon
                name="remove"
                size="small"
              />
            </button>
            <input
              class="counter-value"
              size="3"
              value="0"
            />
            <button
              type="button"
            >
              <ion-icon
                name="add"
                size="small"
              />
            </button>
          </div>
          <button
            class="grid__col1 button--link"
            type="button"
          >
            Perform
          </button>
          <div
            class="Counter CreatorFormSkills__counter"
          >
            <button
              type="button"
            >
              <ion-icon
                name="remove"
                size="small"
              />
            </button>
            <input
              class="counter-value"
              size="3"
              value="0"
            />
            <button
              type="button"
            >
              <ion-icon
                name="add"
                size="small"
              />
            </button>
          </div>
          <button
            class="grid__col1 button--link"
            type="button"
          >
            Profession
          </button>
          <div
            class="Counter CreatorFormSkills__counter"
          >
            <button
              type="button"
            >
              <ion-icon
                name="remove"
                size="small"
              />
            </button>
            <input
              class="counter-value"
              size="3"
              value="0"
            />
            <button
              type="button"
            >
              <ion-icon
                name="add"
                size="small"
              />
            </button>
          </div>
          <button
            class="grid__col1 button--link"
            type="button"
          >
            Ride
          </button>
          <div
            class="Counter CreatorFormSkills__counter"
          >
            <button
              type="button"
            >
              <ion-icon
                name="remove"
                size="small"
              />
            </button>
            <input
              class="counter-value"
              size="3"
              value="0"
            />
            <button
              type="button"
            >
              <ion-icon
                name="add"
                size="small"
              />
            </button>
          </div>
          <button
            class="grid__col1 button--link"
            type="button"
          >
            Search
          </button>
          <div
            class="Counter CreatorFormSkills__counter"
          >
            <button
              type="button"
            >
              <ion-icon
                name="remove"
                size="small"
              />
            </button>
            <input
              class="counter-value"
              size="3"
              value="0"
            />
            <button
              type="button"
            >
              <ion-icon
                name="add"
                size="small"
              />
            </button>
          </div>
          <button
            class="grid__col1 button--link"
            type="button"
          >
            Sense Motive
          </button>
          <div
            class="Counter CreatorFormSkills__counter"
          >
            <button
              type="button"
            >
              <ion-icon
                name="remove"
                size="small"
              />
            </button>
            <input
              class="counter-value"
              size="3"
              value="0"
            />
            <button
              type="button"
            >
              <ion-icon
                name="add"
                size="small"
              />
            </button>
          </div>
          <button
            class="grid__col1 button--link"
            type="button"
          >
            Sleight of Hand
          </button>
          <div
            class="Counter CreatorFormSkills__counter"
          >
            <button
              type="button"
            >
              <ion-icon
                name="remove"
                size="small"
              />
            </button>
            <input
              class="counter-value"
              size="3"
              value="0"
            />
            <button
              type="button"
            >
              <ion-icon
                name="add"
                size="small"
              />
            </button>
          </div>
          <button
            class="grid__col1 button--link"
            type="button"
          >
            Speak Language
          </button>
          <div
            class="Counter CreatorFormSkills__counter"
          >
            <button
              type="button"
            >
              <ion-icon
                name="remove"
                size="small"
              />
            </button>
            <input
              class="counter-value"
              size="3"
              value="0"
            />
            <button
              type="button"
            >
              <ion-icon
                name="add"
                size="small"
              />
            </button>
          </div>
          <button
            class="grid__col1 button--link"
            type="button"
          >
            Spellcraft
          </button>
          <div
            class="Counter CreatorFormSkills__counter"
          >
            <button
              type="button"
            >
              <ion-icon
                name="remove"
                size="small"
              />
            </button>
            <input
              class="counter-value"
              size="3"
              value="0"
            />
            <button
              type="button"
            >
              <ion-icon
                name="add"
                size="small"
              />
            </button>
          </div>
          <button
            class="grid__col1 button--link"
            type="button"
          >
            Spot
          </button>
          <div
            class="Counter CreatorFormSkills__counter"
          >
            <button
              type="button"
            >
              <ion-icon
                name="remove"
                size="small"
              />
            </button>
            <input
              class="counter-value"
              size="3"
              value="0"
            />
            <button
              type="button"
            >
              <ion-icon
                name="add"
                size="small"
              />
            </button>
          </div>
          <button
            class="grid__col1 button--link"
            type="button"
          >
            Survival
          </button>
          <div
            class="Counter CreatorFormSkills__counter"
          >
            <button
              type="button"
            >
              <ion-icon
                name="remove"
                size="small"
              />
            </button>
            <input
              class="counter-value"
              size="3"
              value="0"
            />
            <button
              type="button"
            >
              <ion-icon
                name="add"
                size="small"
              />
            </button>
          </div>
          <button
            class="grid__col1 button--link"
            type="button"
          >
            Swim
          </button>
          <div
            class="Counter CreatorFormSkills__counter"
          >
            <button
              type="button"
            >
              <ion-icon
                name="remove"
                size="small"
              />
            </button>
            <input
              class="counter-value"
              size="3"
              value="0"
            />
            <button
              type="button"
            >
              <ion-icon
                name="add"
                size="small"
              />
            </button>
          </div>
          <button
            class="grid__col1 button--link"
            type="button"
          >
            Tumble
          </button>
          <div
            class="Counter CreatorFormSkills__counter"
          >
            <button
              type="button"
            >
              <ion-icon
                name="remove"
                size="small"
              />
            </button>
            <input
              class="counter-value"
              size="3"
              value="0"
            />
            <button
              type="button"
            >
              <ion-icon
                name="add"
                size="small"
              />
            </button>
          </div>
          <button
            class="grid__col1 button--link"
            type="button"
          >
            Use Magic Device
          </button>
          <div
            class="Counter CreatorFormSkills__counter"
          >
            <button
              type="button"
            >
              <ion-icon
                name="remove"
                size="small"
              />
            </button>
            <input
              class="counter-value"
              size="3"
              value="0"
            />
            <button
              type="button"
            >
              <ion-icon
                name="add"
                size="small"
              />
            </button>
          </div>
          <button
            class="grid__col1 button--link"
            type="button"
          >
            Use Rope
          </button>
          <div
            class="Counter CreatorFormSkills__counter"
          >
            <button
              type="button"
            >
              <ion-icon
                name="remove"
                size="small"
              />
            </button>
            <input
              class="counter-value"
              size="3"
              value="0"
            />
            <button
              type="button"
            >
              <ion-icon
                name="add"
                size="small"
              />
            </button>
          </div>
        </div>
      </div>
    </div>
  </div>
</form>
`;
