// Jest Snapshot v1, https://goo.gl/fbAQLP

exports[`should render CharacterSelectionPage with profiles data 1`] = `
<div
  class="container--body CharacterSelectionPage"
>
  <div
    class="profile-container"
  >
    <button
      class="profile__select-button"
      data-testid="recnPKEA6sOWaOt57"
    >
      <img
        src="images/elf.svg"
      />
      <div>
        <h3>
          Istvyll Bannianea
        </h3>
        <div>
          Male
           
          Gray Elf
        </div>
        <div>
          Wizard
        </div>
        <div>
          Lawful Evil
        </div>
        <div>
          Level 5
        </div>
      </div>
    </button>
    <button
      class="profile__remove-button"
      data-testid="recnPKEA6sOWaOt57RemoveButton"
    >
      <ion-icon
        name="trash"
        size="large"
      />
    </button>
  </div>
  <div
    class="profile-container"
  >
    <button
      class="profile__select-button"
      data-testid="-LfeNscfMYgOyQV11vXY"
    >
      <img
        src="images/orc.svg"
      />
      <div>
        <h3>
          Korg
        </h3>
        <div>
          Male
           
          Orc
        </div>
        <div>
          Barbarian
        </div>
        <div>
          Lawful Evil
        </div>
        <div>
          Level 5
        </div>
      </div>
    </button>
    <button
      class="profile__remove-button"
      data-testid="-LfeNscfMYgOyQV11vXYRemoveButton"
    >
      <ion-icon
        name="trash"
        size="large"
      />
    </button>
  </div>
</div>
`;
